Component: Arm Compiler for Embedded 6.19 Tool: armlink [5e73cb00]

==============================================================================

Section Cross References

    adc.o(.text.ADCInit) refers to adc.o(.text.LL_AHB1_GRP1_EnableClock) for LL_AHB1_GRP1_EnableClock
    adc.o(.text.ADCInit) refers to adc.o(.text.LL_APB2_GRP1_EnableClock) for LL_APB2_GRP1_EnableClock
    adc.o(.text.ADCInit) refers to adc.o(.text.LL_GPIO_SetPinMode) for LL_GPIO_SetPinMode
    adc.o(.text.ADCInit) refers to adc.o(.text.LL_ADC_SetCommonClock) for LL_ADC_SetCommonClock
    adc.o(.text.ADCInit) refers to adc.o(.text.LL_ADC_SetSequencersScanMode) for LL_ADC_SetSequencersScanMode
    adc.o(.text.ADCInit) refers to adc.o(.text.LL_ADC_REG_SetSequencerRanks) for LL_ADC_REG_SetSequencerRanks
    adc.o(.text.ADCInit) refers to adc.o(.text.LL_ADC_REG_SetContinuousMode) for LL_ADC_REG_SetContinuousMode
    adc.o(.text.ADCInit) refers to adc.o(.text.LL_ADC_REG_SetTriggerSource) for LL_ADC_REG_SetTriggerSource
    adc.o(.text.ADCInit) refers to adc.o(.text.LL_ADC_SetChannelSamplingTime) for LL_ADC_SetChannelSamplingTime
    adc.o(.text.ADCInit) refers to adc.o(.text.LL_ADC_SetResolution) for LL_ADC_SetResolution
    adc.o(.text.ADCInit) refers to adc.o(.text.LL_ADC_SetDataAlignment) for LL_ADC_SetDataAlignment
    adc.o(.text.ADCInit) refers to adc.o(.text.LL_ADC_Enable) for LL_ADC_Enable
    adc.o(.ARM.exidx.text.ADCInit) refers to adc.o(.text.ADCInit) for [Anonymous Symbol]
    adc.o(.ARM.exidx.text.LL_AHB1_GRP1_EnableClock) refers to adc.o(.text.LL_AHB1_GRP1_EnableClock) for [Anonymous Symbol]
    adc.o(.ARM.exidx.text.LL_APB2_GRP1_EnableClock) refers to adc.o(.text.LL_APB2_GRP1_EnableClock) for [Anonymous Symbol]
    adc.o(.ARM.exidx.text.LL_GPIO_SetPinMode) refers to adc.o(.text.LL_GPIO_SetPinMode) for [Anonymous Symbol]
    adc.o(.ARM.exidx.text.LL_ADC_SetCommonClock) refers to adc.o(.text.LL_ADC_SetCommonClock) for [Anonymous Symbol]
    adc.o(.ARM.exidx.text.LL_ADC_SetSequencersScanMode) refers to adc.o(.text.LL_ADC_SetSequencersScanMode) for [Anonymous Symbol]
    adc.o(.ARM.exidx.text.LL_ADC_REG_SetSequencerRanks) refers to adc.o(.text.LL_ADC_REG_SetSequencerRanks) for [Anonymous Symbol]
    adc.o(.ARM.exidx.text.LL_ADC_REG_SetContinuousMode) refers to adc.o(.text.LL_ADC_REG_SetContinuousMode) for [Anonymous Symbol]
    adc.o(.ARM.exidx.text.LL_ADC_REG_SetTriggerSource) refers to adc.o(.text.LL_ADC_REG_SetTriggerSource) for [Anonymous Symbol]
    adc.o(.ARM.exidx.text.LL_ADC_SetChannelSamplingTime) refers to adc.o(.text.LL_ADC_SetChannelSamplingTime) for [Anonymous Symbol]
    adc.o(.ARM.exidx.text.LL_ADC_SetResolution) refers to adc.o(.text.LL_ADC_SetResolution) for [Anonymous Symbol]
    adc.o(.ARM.exidx.text.LL_ADC_SetDataAlignment) refers to adc.o(.text.LL_ADC_SetDataAlignment) for [Anonymous Symbol]
    adc.o(.ARM.exidx.text.LL_ADC_Enable) refers to adc.o(.text.LL_ADC_Enable) for [Anonymous Symbol]
    adc.o(.text.ADCRead) refers to adc.o(.text.LL_ADC_REG_StartConversionSWStart) for LL_ADC_REG_StartConversionSWStart
    adc.o(.text.ADCRead) refers to adc.o(.text.LL_ADC_IsActiveFlag_EOCS) for LL_ADC_IsActiveFlag_EOCS
    adc.o(.text.ADCRead) refers to adc.o(.text.LL_ADC_ClearFlag_EOCS) for LL_ADC_ClearFlag_EOCS
    adc.o(.text.ADCRead) refers to adc.o(.text.LL_ADC_REG_ReadConversionData12) for LL_ADC_REG_ReadConversionData12
    adc.o(.ARM.exidx.text.ADCRead) refers to adc.o(.text.ADCRead) for [Anonymous Symbol]
    adc.o(.ARM.exidx.text.LL_ADC_REG_StartConversionSWStart) refers to adc.o(.text.LL_ADC_REG_StartConversionSWStart) for [Anonymous Symbol]
    adc.o(.ARM.exidx.text.LL_ADC_IsActiveFlag_EOCS) refers to adc.o(.text.LL_ADC_IsActiveFlag_EOCS) for [Anonymous Symbol]
    adc.o(.ARM.exidx.text.LL_ADC_ClearFlag_EOCS) refers to adc.o(.text.LL_ADC_ClearFlag_EOCS) for [Anonymous Symbol]
    adc.o(.ARM.exidx.text.LL_ADC_REG_ReadConversionData12) refers to adc.o(.text.LL_ADC_REG_ReadConversionData12) for [Anonymous Symbol]
    main.o(.text.DelayMs) refers to main.o(.text.LL_APB1_GRP1_EnableClock) for LL_APB1_GRP1_EnableClock
    main.o(.text.DelayMs) refers to system_stm32f4xx.o(.data.SystemCoreClock) for SystemCoreClock
    main.o(.text.DelayMs) refers to main.o(.text.LL_TIM_SetPrescaler) for LL_TIM_SetPrescaler
    main.o(.text.DelayMs) refers to main.o(.text.LL_TIM_SetAutoReload) for LL_TIM_SetAutoReload
    main.o(.text.DelayMs) refers to main.o(.text.LL_TIM_SetCounter) for LL_TIM_SetCounter
    main.o(.text.DelayMs) refers to main.o(.text.LL_TIM_EnableCounter) for LL_TIM_EnableCounter
    main.o(.text.DelayMs) refers to main.o(.text.LL_TIM_GetCounter) for LL_TIM_GetCounter
    main.o(.text.DelayMs) refers to main.o(.text.LL_TIM_DisableCounter) for LL_TIM_DisableCounter
    main.o(.ARM.exidx.text.DelayMs) refers to main.o(.text.DelayMs) for [Anonymous Symbol]
[...]
    stm32f4xx_ll_rcc.c                       0x00000000   Number         0  stm32f4xx_ll_rcc.o ABSOLUTE
    stm32f4xx_ll_tim.c                       0x00000000   Number         0  stm32f4xx_ll_tim.o ABSOLUTE
    stm32f4xx_ll_usart.c                     0x00000000   Number         0  stm32f4xx_ll_usart.o ABSOLUTE
    stm32f4xx_ll_utils.c                     0x00000000   Number         0  stm32f4xx_ll_utils.o ABSOLUTE
    system_stm32f4xx.c                       0x00000000   Number         0  system_stm32f4xx.o ABSOLUTE
    RESET                                    0x08000000   Section      452  startup_stm32f446xx.o(RESET)
    !!!main                                  0x080001c4   Section        8  __main.o(!!!main)
    !!!scatter                               0x080001cc   Section       52  __scatter.o(!!!scatter)
    !!handler_copy                           0x08000200   Section       26  __scatter_copy.o(!!handler_copy)
    !!handler_zi                             0x0800021c   Section       28  __scatter_zi.o(!!handler_zi)
    .ARM.Collect$$libinit$$00000000          0x08000238   Section        2  libinit.o(.ARM.Collect$$libinit$$00000000)
    .ARM.Collect$$libinit$$00000001          0x0800023a   Section        4  libinit2.o(.ARM.Collect$$libinit$$00000001)
    .ARM.Collect$$libinit$$00000004          0x0800023e   Section        0  libinit2.o(.ARM.Collect$$libinit$$00000004)
    .ARM.Collect$$libinit$$00000006          0x0800023e   Section        0  libinit2.o(.ARM.Collect$$libinit$$00000006)
    .ARM.Collect$$libinit$$0000000C          0x0800023e   Section        0  libinit2.o(.ARM.Collect$$libinit$$0000000C)
    .ARM.Collect$$libinit$$0000000E          0x0800023e   Section        0  libinit2.o(.ARM.Collect$$libinit$$0000000E)
    .ARM.Collect$$libinit$$00000010          0x0800023e   Section        0  libinit2.o(.ARM.Collect$$libinit$$00000010)
    .ARM.Collect$$libinit$$00000011          0x0800023e   Section        6  libinit2.o(.ARM.Collect$$libinit$$00000011)
    .ARM.Collect$$libinit$$00000013          0x08000244   Section        0  libinit2.o(.ARM.Collect$$libinit$$00000013)
    .ARM.Collect$$libinit$$00000014          0x08000244   Section       12  libinit2.o(.ARM.Collect$$libinit$$00000014)
    .ARM.Collect$$libinit$$00000015          0x08000250   Section        0  libinit2.o(.ARM.Collect$$libinit$$00000015)
    .ARM.Collect$$libinit$$00000017          0x08000250   Section        0  libinit2.o(.ARM.Collect$$libinit$$00000017)
    .ARM.Collect$$libinit$$00000018          0x08000250   Section       10  libinit2.o(.ARM.Collect$$libinit$$00000018)
    .ARM.Collect$$libinit$$00000019          0x0800025a   Section        0  libinit2.o(.ARM.Collect$$libinit$$00000019)
    .ARM.Collect$$libinit$$0000001B          0x0800025a   Section        0  libinit2.o(.ARM.Collect$$libinit$$0000001B)
    .ARM.Collect$$libinit$$0000001D          0x0800025a   Section        0  libinit2.o(.ARM.Collect$$libinit$$0000001D)
    .ARM.Collect$$libinit$$0000001F          0x0800025a   Section        0  libinit2.o(.ARM.Collect$$libinit$$0000001F)
    .ARM.Collect$$libinit$$00000021          0x0800025a   Section        0  libinit2.o(.ARM.Collect$$libinit$$00000021)
    .ARM.Collect$$libinit$$00000023          0x0800025a   Section        0  libinit2.o(.ARM.Collect$$libinit$$00000023)
    .ARM.Collect$$libinit$$00000025          0x0800025a   Section        0  libinit2.o(.ARM.Collect$$libinit$$00000025)
    .ARM.Collect$$libinit$$00000027          0x0800025a   Section        0  libinit2.o(.ARM.Collect$$libinit$$00000027)
    .ARM.Collect$$libinit$$0000002E          0x0800025a   Section        0  libinit2.o(.ARM.Collect$$libinit$$0000002E)
    .ARM.Collect$$libinit$$00000030          0x0800025a   Section        0  libinit2.o(.ARM.Collect$$libinit$$00000030)
    .ARM.Collect$$libinit$$00000032          0x0800025a   Section        0  libinit2.o(.ARM.Collect$$libinit$$00000032)
    .ARM.Collect$$libinit$$00000034          0x0800025a   Section        0  libinit2.o(.ARM.Collect$$libinit$$00000034)
    .ARM.Collect$$libinit$$00000035          0x0800025a   Section        2  libinit2.o(.ARM.Collect$$libinit$$00000035)
    .ARM.Collect$$libshutdown$$00000000      0x0800025c   Section        2  libshutdown.o(.ARM.Collect$$libshutdown$$00000000)
    .ARM.Collect$$libshutdown$$00000002      0x0800025e   Section        0  libshutdown2.o(.ARM.Collect$$libshutdown$$00000002)
    .ARM.Collect$$libshutdown$$00000004      0x0800025e   Section        0  libshutdown2.o(.ARM.Collect$$libshutdown$$00000004)
    .ARM.Collect$$libshutdown$$00000007      0x0800025e   Section        0  libshutdown2.o(.ARM.Collect$$libshutdown$$00000007)
    .ARM.Collect$$libshutdown$$0000000A      0x0800025e   Section        0  libshutdown2.o(.ARM.Collect$$libshutdown$$0000000A)
    .ARM.Collect$$libshutdown$$0000000C      0x0800025e   Section        0  libshutdown2.o(.ARM.Collect$$libshutdown$$0000000C)
    .ARM.Collect$$libshutdown$$0000000F      0x0800025e   Section        0  libshutdown2.o(.ARM.Collect$$libshutdown$$0000000F)
    .ARM.Collect$$libshutdown$$00000010      0x0800025e   Section        2  libshutdown2.o(.ARM.Collect$$libshutdown$$00000010)
    .ARM.Collect$$rtentry$$00000000          0x08000260   Section        0  __rtentry.o(.ARM.Collect$$rtentry$$00000000)
    .ARM.Collect$$rtentry$$00000002          0x08000260   Section        0  __rtentry2.o(.ARM.Collect$$rtentry$$00000002)
    .ARM.Collect$$rtentry$$00000004          0x08000260   Section        6  __rtentry4.o(.ARM.Collect$$rtentry$$00000004)
    .ARM.Collect$$rtentry$$00000009          0x08000266   Section        0  __rtentry2.o(.ARM.Collect$$rtentry$$00000009)
    .ARM.Collect$$rtentry$$0000000A          0x08000266   Section        4  __rtentry2.o(.ARM.Collect$$rtentry$$0000000A)
    .ARM.Collect$$rtentry$$0000000C          0x0800026a   Section        0  __rtentry2.o(.ARM.Collect$$rtentry$$0000000C)
    .ARM.Collect$$rtentry$$0000000D          0x0800026a   Section        8  __rtentry2.o(.ARM.Collect$$rtentry$$0000000D)
    .ARM.Collect$$rtexit$$00000000           0x08000272   Section        2  rtexit.o(.ARM.Collect$$rtexit$$00000000)
    .ARM.Collect$$rtexit$$00000002           0x08000274   Section        0  rtexit2.o(.ARM.Collect$$rtexit$$00000002)
    .ARM.Collect$$rtexit$$00000003           0x08000274   Section        4  rtexit2.o(.ARM.Collect$$rtexit$$00000003)
    .ARM.Collect$$rtexit$$00000004           0x08000278   Section        6  rtexit2.o(.ARM.Collect$$rtexit$$00000004)
    $v0                                      0x08000280   Number         0  startup_stm32f446xx.o(.text)
    .text                                    0x08000280   Section       64  startup_stm32f446xx.o(.text)
    .text                                    0x080002c0   Section      240  lludivv7m.o(.text)
    .text                                    0x080003b0   Section        0  sscanf.o(.text)
    .text                                    0x080003ec   Section      100  rt_memcpy_w.o(.text)
    .text                                    0x08000450   Section        0  heapauxi.o(.text)
    .text                                    0x08000456   Section        0  _scanf_longlong.o(.text)
    .text                                    0x080005ac   Section        0  _scanf_int.o(.text)
    .text                                    0x080006f8   Section        0  _scanf_str.o(.text)
    _scanf_char_input                        0x080007d9   Thumb Code    12  scanf_char.o(.text)
    .text                                    0x080007d8   Section        0  scanf_char.o(.text)
    .text                                    0x08000804   Section        0  _sgetc.o(.text)
    .text                                    0x08000844   Section        0  _scanf_mbtowc.o(.text)
    .text                                    0x08000958   Section        0  _scanf_wctomb.o(.text)
    .text                                    0x08000a40   Section        0  _scanf_wstr.o(.text)
    .text                                    0x08000b10   Section        0  isspace.o(.text)
    .text                                    0x08000b22   Section        0  _chval.o(.text)
    .text                                    0x08000b40   Section        0  _scanf.o(.text)
    _fp_value                                0x08000eb5   Thumb Code   588  scanf_fp.o(.text)
    .text                                    0x08000eb4   Section        0  scanf_fp.o(.text)
    .text                                    0x080013ac   Section        0  _scanf_wcharmap.o(.text)
    .text                                    0x080013ca   Section        0  _mbrtoc16.o(.text)
    .text                                    0x0800140a   Section        0  _c16rtomb.o(.text)
    .text                                    0x08001452   Section       74  sys_stackheap_outer.o(.text)
    .text                                    0x0800149c   Section       16  rt_ctype_table.o(.text)
    .text                                    0x080014ac   Section        8  rt_locale_intlibspace.o(.text)
    .text                                    0x080014b4   Section        8  rt_errno_addr_intlibspace.o(.text)
    .text                                    0x080014bc   Section       38  llshl.o(.text)
    .text                                    0x080014e4   Section        0  bigflt0.o(.text)
    .text                                    0x080015c8   Section        0  exit.o(.text)
    .text                                    0x080015dc   Section        8  libspace.o(.text)
    .text                                    0x080015e4   Section        0  _rserrno.o(.text)
    .text                                    0x080015fc   Section        0  scanf_hexfp.o(.text)
    .text                                    0x0800191c   Section        0  scanf_infnan.o(.text)
    .text                                    0x08001a50   Section      124  strcmpv7em.o(.text)
    .text                                    0x08001acc   Section        0  sys_exit.o(.text)
    .text                                    0x08001ad8   Section        2  use_no_semi.o(.text)
    .text                                    0x08001ada   Section        0  indicate_semi.o(.text)
    [Anonymous Symbol]                       0x08001adc   Section        0  dac.o(.text.DACInit)
    [Anonymous Symbol]                       0x08001afc   Section        0  dac.o(.text.DACWrite)
    [Anonymous Symbol]                       0x08001b1c   Section        0  main.o(.text.DelayMs)
    LL_AHB1_GRP1_EnableClock                 0x08001b9d   Thumb Code    34  usart2.o(.text.LL_AHB1_GRP1_EnableClock)
    [Anonymous Symbol]                       0x08001b9c   Section        0  usart2.o(.text.LL_AHB1_GRP1_EnableClock)
    LL_APB1_GRP1_EnableClock                 0x08001bc1   Thumb Code    34  main.o(.text.LL_APB1_GRP1_EnableClock)
    [Anonymous Symbol]                       0x08001bc0   Section        0  main.o(.text.LL_APB1_GRP1_EnableClock)
    LL_APB1_GRP1_EnableClock                 0x08001be5   Thumb Code    34  dac.o(.text.LL_APB1_GRP1_EnableClock)
    [Anonymous Symbol]                       0x08001be4   Section        0  dac.o(.text.LL_APB1_GRP1_EnableClock)
    LL_APB1_GRP1_EnableClock                 0x08001c09   Thumb Code    34  usart2.o(.text.LL_APB1_GRP1_EnableClock)
    [Anonymous Symbol]                       0x08001c08   Section        0  usart2.o(.text.LL_APB1_GRP1_EnableClock)
    LL_DAC_ConvertData12RightAligned         0x08001c2d   Thumb Code    46  dac.o(.text.LL_DAC_ConvertData12RightAligned)
    [Anonymous Symbol]                       0x08001c2c   Section        0  dac.o(.text.LL_DAC_ConvertData12RightAligned)
    LL_DAC_Enable                            0x08001c5d   Thumb Code    30  dac.o(.text.LL_DAC_Enable)
    [Anonymous Symbol]                       0x08001c5c   Section        0  dac.o(.text.LL_DAC_Enable)
    LL_GPIO_SetAFPin_0_7                     0x08001c7d   Thumb Code   124  usart2.o(.text.LL_GPIO_SetAFPin_0_7)
    [Anonymous Symbol]                       0x08001c7c   Section        0  usart2.o(.text.LL_GPIO_SetAFPin_0_7)
    LL_GPIO_SetPinMode                       0x08001cf9   Thumb Code   124  usart2.o(.text.LL_GPIO_SetPinMode)
    [Anonymous Symbol]                       0x08001cf8   Section        0  usart2.o(.text.LL_GPIO_SetPinMode)
    LL_GPIO_SetPinSpeed                      0x08001d75   Thumb Code   124  usart2.o(.text.LL_GPIO_SetPinSpeed)
    [Anonymous Symbol]                       0x08001d74   Section        0  usart2.o(.text.LL_GPIO_SetPinSpeed)
    LL_RCC_GetAHBPrescaler                   0x08001df1   Thumb Code    16  stm32f4xx_ll_rcc.o(.text.LL_RCC_GetAHBPrescaler)
    [Anonymous Symbol]                       0x08001df0   Section        0  stm32f4xx_ll_rcc.o(.text.LL_RCC_GetAHBPrescaler)
    LL_RCC_GetAPB1Prescaler                  0x08001e01   Thumb Code    16  stm32f4xx_ll_rcc.o(.text.LL_RCC_GetAPB1Prescaler)
    [Anonymous Symbol]                       0x08001e00   Section        0  stm32f4xx_ll_rcc.o(.text.LL_RCC_GetAPB1Prescaler)
    LL_RCC_GetAPB2Prescaler                  0x08001e11   Thumb Code    16  stm32f4xx_ll_rcc.o(.text.LL_RCC_GetAPB2Prescaler)
    [Anonymous Symbol]                       0x08001e10   Section        0  stm32f4xx_ll_rcc.o(.text.LL_RCC_GetAPB2Prescaler)
    LL_RCC_GetSysClkSource                   0x08001e21   Thumb Code    16  stm32f4xx_ll_rcc.o(.text.LL_RCC_GetSysClkSource)
    [Anonymous Symbol]                       0x08001e20   Section        0  stm32f4xx_ll_rcc.o(.text.LL_RCC_GetSysClkSource)
    [Anonymous Symbol]                       0x08001e30   Section        0  stm32f4xx_ll_rcc.o(.text.LL_RCC_GetSystemClocksFreq)
    LL_RCC_PLL_GetDivider                    0x08001e69   Thumb Code    16  stm32f4xx_ll_rcc.o(.text.LL_RCC_PLL_GetDivider)
    [Anonymous Symbol]                       0x08001e68   Section        0  stm32f4xx_ll_rcc.o(.text.LL_RCC_PLL_GetDivider)
    LL_RCC_PLL_GetMainSource                 0x08001e79   Thumb Code    16  stm32f4xx_ll_rcc.o(.text.LL_RCC_PLL_GetMainSource)
    [Anonymous Symbol]                       0x08001e78   Section        0  stm32f4xx_ll_rcc.o(.text.LL_RCC_PLL_GetMainSource)
    LL_RCC_PLL_GetN                          0x08001e89   Thumb Code    16  stm32f4xx_ll_rcc.o(.text.LL_RCC_PLL_GetN)
    [Anonymous Symbol]                       0x08001e88   Section        0  stm32f4xx_ll_rcc.o(.text.LL_RCC_PLL_GetN)
    LL_RCC_PLL_GetP                          0x08001e99   Thumb Code    16  stm32f4xx_ll_rcc.o(.text.LL_RCC_PLL_GetP)
    [Anonymous Symbol]                       0x08001e98   Section        0  stm32f4xx_ll_rcc.o(.text.LL_RCC_PLL_GetP)
    LL_RCC_PLL_GetR                          0x08001ea9   Thumb Code    16  stm32f4xx_ll_rcc.o(.text.LL_RCC_PLL_GetR)
    [Anonymous Symbol]                       0x08001ea8   Section        0  stm32f4xx_ll_rcc.o(.text.LL_RCC_PLL_GetR)
    LL_TIM_DisableCounter                    0x08001eb9   Thumb Code    18  main.o(.text.LL_TIM_DisableCounter)
    [Anonymous Symbol]                       0x08001eb8   Section        0  main.o(.text.LL_TIM_DisableCounter)
    LL_TIM_EnableCounter                     0x08001ecd   Thumb Code    18  main.o(.text.LL_TIM_EnableCounter)
    [Anonymous Symbol]                       0x08001ecc   Section        0  main.o(.text.LL_TIM_EnableCounter)
    LL_TIM_GetCounter                        0x08001ee1   Thumb Code    12  main.o(.text.LL_TIM_GetCounter)
    [Anonymous Symbol]                       0x08001ee0   Section        0  main.o(.text.LL_TIM_GetCounter)
    LL_TIM_SetAutoReload                     0x08001eed   Thumb Code    16  main.o(.text.LL_TIM_SetAutoReload)
    [Anonymous Symbol]                       0x08001eec   Section        0  main.o(.text.LL_TIM_SetAutoReload)
    LL_TIM_SetCounter                        0x08001efd   Thumb Code    16  main.o(.text.LL_TIM_SetCounter)
    [Anonymous Symbol]                       0x08001efc   Section        0  main.o(.text.LL_TIM_SetCounter)
    LL_TIM_SetPrescaler                      0x08001f0d   Thumb Code    16  main.o(.text.LL_TIM_SetPrescaler)
    [Anonymous Symbol]                       0x08001f0c   Section        0  main.o(.text.LL_TIM_SetPrescaler)
    LL_USART_Enable                          0x08001f1d   Thumb Code    18  usart2.o(.text.LL_USART_Enable)
    [Anonymous Symbol]                       0x08001f1c   Section        0  usart2.o(.text.LL_USART_Enable)
    LL_USART_EnableIT_RXNE                   0x08001f31   Thumb Code    42  usart2.o(.text.LL_USART_EnableIT_RXNE)
    [Anonymous Symbol]                       0x08001f30   Section        0  usart2.o(.text.LL_USART_EnableIT_RXNE)
    [Anonymous Symbol]                       0x08001f5c   Section        0  stm32f4xx_ll_usart.o(.text.LL_USART_Init)
    LL_USART_IsActiveFlag_TXE                0x08002079   Thumb Code    16  usart2.o(.text.LL_USART_IsActiveFlag_TXE)
    [Anonymous Symbol]                       0x08002078   Section        0  usart2.o(.text.LL_USART_IsActiveFlag_TXE)
    LL_USART_IsEnabled                       0x08002089   Thumb Code    16  stm32f4xx_ll_usart.o(.text.LL_USART_IsEnabled)
    [Anonymous Symbol]                       0x08002088   Section        0  stm32f4xx_ll_usart.o(.text.LL_USART_IsEnabled)
    LL_USART_ReceiveData8                    0x08002099   Thumb Code    14  usart2.o(.text.LL_USART_ReceiveData8)
    [Anonymous Symbol]                       0x08002098   Section        0  usart2.o(.text.LL_USART_ReceiveData8)
    LL_USART_SetBaudRate                     0x080020a9   Thumb Code   176  stm32f4xx_ll_usart.o(.text.LL_USART_SetBaudRate)
    [Anonymous Symbol]                       0x080020a8   Section        0  stm32f4xx_ll_usart.o(.text.LL_USART_SetBaudRate)
    LL_USART_SetHWFlowCtrl                   0x08002159   Thumb Code    26  stm32f4xx_ll_usart.o(.text.LL_USART_SetHWFlowCtrl)
    [Anonymous Symbol]                       0x08002158   Section        0  stm32f4xx_ll_usart.o(.text.LL_USART_SetHWFlowCtrl)
    LL_USART_SetStopBitsLength               0x08002175   Thumb Code    26  stm32f4xx_ll_usart.o(.text.LL_USART_SetStopBitsLength)
    [Anonymous Symbol]                       0x08002174   Section        0  stm32f4xx_ll_usart.o(.text.LL_USART_SetStopBitsLength)
    LL_USART_TransmitData8                   0x08002191   Thumb Code    20  usart2.o(.text.LL_USART_TransmitData8)
    [Anonymous Symbol]                       0x08002190   Section        0  usart2.o(.text.LL_USART_TransmitData8)
    [Anonymous Symbol]                       0x080021a4   Section        0  stm32f4xx_ll_rcc.o(.text.RCC_GetHCLKClockFreq)
    [Anonymous Symbol]                       0x080021cc   Section        0  stm32f4xx_ll_rcc.o(.text.RCC_GetPCLK1ClockFreq)
    [Anonymous Symbol]                       0x080021f0   Section        0  stm32f4xx_ll_rcc.o(.text.RCC_GetPCLK2ClockFreq)
    [Anonymous Symbol]                       0x08002214   Section        0  stm32f4xx_ll_rcc.o(.text.RCC_GetSystemClockFreq)
    [Anonymous Symbol]                       0x0800227c   Section        0  stm32f4xx_ll_rcc.o(.text.RCC_PLL_GetFreqDomain_SYS)
    [Anonymous Symbol]                       0x0800233c   Section        0  system_stm32f4xx.o(.text.SystemInit)
    [Anonymous Symbol]                       0x08002350   Section        0  usart2.o(.text.USART2Init)
    [Anonymous Symbol]                       0x080023f8   Section        0  usart2.o(.text.USART2WriteChar)
    [Anonymous Symbol]                       0x08002428   Section        0  usart2.o(.text.USART2_IRQHandler)
    __NVIC_EnableIRQ                         0x080024b9   Thumb Code    48  usart2.o(.text.__NVIC_EnableIRQ)
    [Anonymous Symbol]                       0x080024b8   Section        0  usart2.o(.text.__NVIC_EnableIRQ)
    [Anonymous Symbol]                       0x080024e8   Section        0  main.o(.text.main)
    CL$$btod_div_common                      0x080025f0   Section      824  btod.o(CL$$btod_div_common)
    CL$$btod_e2d                             0x08002928   Section      132  btod.o(CL$$btod_e2d)
    CL$$btod_e2e                             0x080029ac   Section      220  btod.o(CL$$btod_e2e)
    CL$$btod_ediv                            0x08002a88   Section       42  btod.o(CL$$btod_ediv)
    CL$$btod_edivd                           0x08002ab2   Section       42  btod.o(CL$$btod_edivd)
    CL$$btod_emul                            0x08002adc   Section       42  btod.o(CL$$btod_emul)
    CL$$btod_emuld                           0x08002b06   Section       42  btod.o(CL$$btod_emuld)
    CL$$btod_mult_common                     0x08002b30   Section      580  btod.o(CL$$btod_mult_common)
    i.__hardfp___mathlib_tofloat             0x08002d78   Section        0  narrow.o(i.__hardfp___mathlib_tofloat)
    i.__hardfp_ldexp                         0x08002e70   Section        0  ldexp.o(i.__hardfp_ldexp)
    i.__mathlib_dbl_overflow                 0x08002f40   Section        0  dunder.o(i.__mathlib_dbl_overflow)
    i.__mathlib_dbl_underflow                0x08002f60   Section        0  dunder.o(i.__mathlib_dbl_underflow)
    i.__mathlib_narrow                       0x08002f80   Section        0  narrow.o(i.__mathlib_narrow)
    i.__support_ldexp                        0x08002f92   Section        0  ldexp.o(i.__support_ldexp)
    i._is_digit                              0x08002fa6   Section        0  scanf_fp.o(i._is_digit)
    i.frexp                                  0x08002fb8   Section        0  frexp.o(i.frexp)
    locale$$code                             0x08003044   Section       44  lc_numeric_c.o(locale$$code)
    locale$$code                             0x08003070   Section       44  lc_ctype_c.o(locale$$code)
    $v0                                      0x0800309c   Number         0  d2f.o(x$fpl$d2f)
    x$fpl$d2f                                0x0800309c   Section       98  d2f.o(x$fpl$d2f)
    $v0                                      0x08003100   Number         0  daddsub_clz.o(x$fpl$dadd)
    x$fpl$dadd                               0x08003100   Section      336  daddsub_clz.o(x$fpl$dadd)
    _dadd1                                   0x08003111   Thumb Code     0  daddsub_clz.o(x$fpl$dadd)
    $v0                                      0x08003250   Number         0  dcheck1.o(x$fpl$dcheck1)
    x$fpl$dcheck1                            0x08003250   Section       16  dcheck1.o(x$fpl$dcheck1)
    $v0                                      0x08003260   Number         0  dcmpi.o(x$fpl$dcmpinf)
    x$fpl$dcmpinf                            0x08003260   Section       24  dcmpi.o(x$fpl$dcmpinf)
    $v0                                      0x08003278   Number         0  deqf.o(x$fpl$deqf)
    x$fpl$deqf                               0x08003278   Section      120  deqf.o(x$fpl$deqf)
    $v0                                      0x080032f0   Number         0  dfix.o(x$fpl$dfix)
    x$fpl$dfix                               0x080032f0   Section       94  dfix.o(x$fpl$dfix)
    $v0                                      0x0800334e   Number         0  dflt_clz.o(x$fpl$dflt)
    x$fpl$dflt                               0x0800334e   Section       46  dflt_clz.o(x$fpl$dflt)
    $v0                                      0x0800337c   Number         0  dleqf.o(x$fpl$dleqf)
    x$fpl$dleqf                              0x0800337c   Section      120  dleqf.o(x$fpl$dleqf)
    $v0                                      0x080033f4   Number         0  dmul.o(x$fpl$dmul)
    x$fpl$dmul                               0x080033f4   Section      340  dmul.o(x$fpl$dmul)
    $v0                                      0x08003548   Number         0  dnaninf.o(x$fpl$dnaninf)
    x$fpl$dnaninf                            0x08003548   Section      156  dnaninf.o(x$fpl$dnaninf)
    $v0                                      0x080035e4   Number         0  dretinf.o(x$fpl$dretinf)
    x$fpl$dretinf                            0x080035e4   Section       12  dretinf.o(x$fpl$dretinf)
    $v0                                      0x080035f0   Number         0  drleqf.o(x$fpl$drleqf)
    x$fpl$drleqf                             0x080035f0   Section      108  drleqf.o(x$fpl$drleqf)
    $v0                                      0x0800365c   Number         0  daddsub_clz.o(x$fpl$dsub)
    x$fpl$dsub                               0x0800365c   Section      476  daddsub_clz.o(x$fpl$dsub)
    _dsub1                                   0x0800366d   Thumb Code     0  daddsub_clz.o(x$fpl$dsub)
    $v0                                      0x08003838   Number         0  fpinit.o(x$fpl$fpinit)
    x$fpl$fpinit                             0x08003838   Section       26  fpinit.o(x$fpl$fpinit)
    $v0                                      0x08003852   Number         0  fretinf.o(x$fpl$fretinf)
    x$fpl$fretinf                            0x08003852   Section       10  fretinf.o(x$fpl$fretinf)
    $v0                                      0x0800385c   Number         0  istatus.o(x$fpl$ieeestatus)
    x$fpl$ieeestatus                         0x0800385c   Section        6  istatus.o(x$fpl$ieeestatus)
    $v0                                      0x08003862   Number         0  retnan.o(x$fpl$retnan)
    x$fpl$retnan                             0x08003862   Section      100  retnan.o(x$fpl$retnan)
    $v0                                      0x080038c6   Number         0  scalbn.o(x$fpl$scalbn)
    x$fpl$scalbn                             0x080038c6   Section       92  scalbn.o(x$fpl$scalbn)
    $v0                                      0x08003922   Number         0  scanf1.o(x$fpl$scanf1)
    x$fpl$scanf1                             0x08003922   Section        4  scanf1.o(x$fpl$scanf1)
    $v0                                      0x08003926   Number         0  scanf2.o(x$fpl$scanf2)
    x$fpl$scanf2                             0x08003926   Section        8  scanf2.o(x$fpl$scanf2)
    $v0                                      0x0800392e   Number         0  trapv.o(x$fpl$trapveneer)
    x$fpl$trapveneer                         0x0800392e   Section       48  trapv.o(x$fpl$trapveneer)
    x$fpl$usenofp                            0x0800395e   Section        0  usenofp.o(x$fpl$usenofp)
    tenpwrs_x                                0x08003960   Data          60  bigflt0.o(.constdata)
    .constdata                               0x08003960   Section      148  bigflt0.o(.constdata)
    tenpwrs_i                                0x0800399c   Data          64  bigflt0.o(.constdata)
    .L__const.main.werte                     0x080039f8   Data         512  main.o(.rodata..L__const.main.werte)
    .L.str                                   0x08003c10   Data           7  usart2.o(.rodata.str1.1)
    [Anonymous Symbol]                       0x08003c10   Section        0  usart2.o(.rodata.str1.1)
    c$$dinf                                  0x08003c38   Section        8  fpconst.o(c$$dinf)
    c$$dmax                                  0x08003c40   Section        8  fpconst.o(c$$dmax)
    locale$$data                             0x08003c48   Section       28  lc_numeric_c.o(locale$$data)
    __lcnum_c_name                           0x08003c4c   Data           2  lc_numeric_c.o(locale$$data)
    __lcnum_c_start                          0x08003c54   Data           0  lc_numeric_c.o(locale$$data)
    __lcnum_c_point                          0x08003c60   Data           0  lc_numeric_c.o(locale$$data)
    __lcnum_c_thousands                      0x08003c62   Data           0  lc_numeric_c.o(locale$$data)
    __lcnum_c_grouping                       0x08003c63   Data           0  lc_numeric_c.o(locale$$data)
    __lcnum_c_end                            0x08003c64   Data           0  lc_numeric_c.o(locale$$data)
    locale$$data                             0x08003c64   Section      272  lc_ctype_c.o(locale$$data)
    __lcctype_c_name                         0x08003c68   Data           2  lc_ctype_c.o(locale$$data)
    __lcctype_c_start                        0x08003c70   Data           0  lc_ctype_c.o(locale$$data)
    __lcctype_c_end                          0x08003d74   Data           0  lc_ctype_c.o(locale$$data)
    .bss                                     0x20000008   Section       96  libspace.o(.bss)
    Heap_Mem                                 0x200000b0   Data         512  startup_stm32f446xx.o(HEAP)
    HEAP                                     0x200000b0   Section      512  startup_stm32f446xx.o(HEAP)
    Stack_Mem                                0x200002b0   Data        1024  startup_stm32f446xx.o(STACK)
    STACK                                    0x200002b0   Section     1024  startup_stm32f446xx.o(STACK)
    __initial_sp                             0x200006b0   Data           0  startup_stm32f446xx.o(STACK)

    Global Symbols

    Symbol Name                              Value     Ov Type        Size  Object(Section)

    BuildAttributes$$THM_ISAv4$E$P$D$K$B$S$7EM$VFPi3$EXTD16$VFPS$VFMA$PE$A:L22UL41UL21$X:L11$S22US41US21$IEEE1$IW$~IW$USESV6$~STKCKD$USESV7$~SHL$OTIME$ROPI$IEEEX$EBA8$UX$STANDARDLIB$REQ8$PRES8$EABIv2 0x00000000   Number         0  anon$$obj.o ABSOLUTE
    __ARM_exceptions_init                     - Undefined Weak Reference
    __alloca_initialize                       - Undefined Weak Reference
    __arm_preinit_                            - Undefined Weak Reference
    __arm_relocate_pie_                       - Undefined Weak Reference
    __cpp_initialize__aeabi_                  - Undefined Weak Reference
    __cxa_finalize                            - Undefined Weak Reference
    __sigvec_lookup                           - Undefined Weak Reference
    _atexit_init                              - Undefined Weak Reference
    _call_atexit_fns                          - Undefined Weak Reference
    _clock_init                               - Undefined Weak Reference
    _fp_trap_init                             - Undefined Weak Reference
    _fp_trap_shutdown                         - Undefined Weak Reference
    _get_lc_collate                           - Undefined Weak Reference
    _get_lc_monetary                          - Undefined Weak Reference
    _get_lc_time                              - Undefined Weak Reference
    _getenv_init                              - Undefined Weak Reference
    _handle_redirection                       - Undefined Weak Reference
    _init_alloc                               - Undefined Weak Reference
    _init_user_alloc                          - Undefined Weak Reference
    _initio                                   - Undefined Weak Reference
    _rand_init                                - Undefined Weak Reference
    _signal_finish                            - Undefined Weak Reference
    _signal_init                              - Undefined Weak Reference
    _terminate_alloc                          - Undefined Weak Reference
    _terminate_user_alloc                     - Undefined Weak Reference
    _terminateio                              - Undefined Weak Reference
    __Vectors_Size                           0x000001c4   Number         0  startup_stm32f446xx.o ABSOLUTE
    __Vectors                                0x08000000   Data           4  startup_stm32f446xx.o(RESET)
    __Vectors_End                            0x080001c4   Data           0  startup_stm32f446xx.o(RESET)
    __main                                   0x080001c5   Thumb Code     8  __main.o(!!!main)
    __scatterload                            0x080001cd   Thumb Code     0  __scatter.o(!!!scatter)
    __scatterload_rt2                        0x080001cd   Thumb Code    44  __scatter.o(!!!scatter)
    __scatterload_rt2_thumb_only             0x080001cd   Thumb Code     0  __scatter.o(!!!scatter)
    __scatterload_null                       0x080001db   Thumb Code     0  __scatter.o(!!!scatter)
    __scatterload_copy                       0x08000201   Thumb Code    26  __scatter_copy.o(!!handler_copy)
    __scatterload_zeroinit                   0x0800021d   Thumb Code    28  __scatter_zi.o(!!handler_zi)
    __rt_lib_init                            0x08000239   Thumb Code     0  libinit.o(.ARM.Collect$$libinit$$00000000)
    __rt_lib_init_fp_1                       0x0800023b   Thumb Code     0  libinit2.o(.ARM.Collect$$libinit$$00000001)
    __rt_lib_init_heap_1                     0x0800023f   Thumb Code     0  libinit2.o(.ARM.Collect$$libinit$$0000000C)
    __rt_lib_init_lc_common                  0x0800023f   Thumb Code     0  libinit2.o(.ARM.Collect$$libinit$$00000011)
    __rt_lib_init_preinit_1                  0x0800023f   Thumb Code     0  libinit2.o(.ARM.Collect$$libinit$$00000006)
    __rt_lib_init_rand_1                     0x0800023f   Thumb Code     0  libinit2.o(.ARM.Collect$$libinit$$00000010)
    __rt_lib_init_relocate_pie_1             0x0800023f   Thumb Code     0  libinit2.o(.ARM.Collect$$libinit$$00000004)
    __rt_lib_init_user_alloc_1               0x0800023f   Thumb Code     0  libinit2.o(.ARM.Collect$$libinit$$0000000E)
    __rt_lib_init_lc_collate_1               0x08000245   Thumb Code     0  libinit2.o(.ARM.Collect$$libinit$$00000013)
    __rt_lib_init_lc_ctype_2                 0x08000245   Thumb Code     0  libinit2.o(.ARM.Collect$$libinit$$00000014)
    __rt_lib_init_lc_ctype_1                 0x08000251   Thumb Code     0  libinit2.o(.ARM.Collect$$libinit$$00000015)
    __rt_lib_init_lc_monetary_1              0x08000251   Thumb Code     0  libinit2.o(.ARM.Collect$$libinit$$00000017)
    __rt_lib_init_lc_numeric_2               0x08000251   Thumb Code     0  libinit2.o(.ARM.Collect$$libinit$$00000018)
    __rt_lib_init_alloca_1                   0x0800025b   Thumb Code     0  libinit2.o(.ARM.Collect$$libinit$$00000030)
    __rt_lib_init_argv_1                     0x0800025b   Thumb Code     0  libinit2.o(.ARM.Collect$$libinit$$0000002E)
    __rt_lib_init_atexit_1                   0x0800025b   Thumb Code     0  libinit2.o(.ARM.Collect$$libinit$$0000001D)
    __rt_lib_init_clock_1                    0x0800025b   Thumb Code     0  libinit2.o(.ARM.Collect$$libinit$$00000023)
    __rt_lib_init_cpp_1                      0x0800025b   Thumb Code     0  libinit2.o(.ARM.Collect$$libinit$$00000034)
    __rt_lib_init_exceptions_1               0x0800025b   Thumb Code     0  libinit2.o(.ARM.Collect$$libinit$$00000032)
    __rt_lib_init_fp_trap_1                  0x0800025b   Thumb Code     0  libinit2.o(.ARM.Collect$$libinit$$00000021)
    __rt_lib_init_getenv_1                   0x0800025b   Thumb Code     0  libinit2.o(.ARM.Collect$$libinit$$00000025)
    __rt_lib_init_lc_numeric_1               0x0800025b   Thumb Code     0  libinit2.o(.ARM.Collect$$libinit$$00000019)
    __rt_lib_init_lc_time_1                  0x0800025b   Thumb Code     0  libinit2.o(.ARM.Collect$$libinit$$0000001B)
    __rt_lib_init_return                     0x0800025b   Thumb Code     0  libinit2.o(.ARM.Collect$$libinit$$00000035)
    __rt_lib_init_signal_1                   0x0800025b   Thumb Code     0  libinit2.o(.ARM.Collect$$libinit$$0000001F)
    __rt_lib_init_stdio_1                    0x0800025b   Thumb Code     0  libinit2.o(.ARM.Collect$$libinit$$00000027)
    __rt_lib_shutdown                        0x0800025d   Thumb Code     0  libshutdown.o(.ARM.Collect$$libshutdown$$00000000)
    __rt_lib_shutdown_cpp_1                  0x0800025f   Thumb Code     0  libshutdown2.o(.ARM.Collect$$libshutdown$$00000002)
    __rt_lib_shutdown_fp_trap_1              0x0800025f   Thumb Code     0  libshutdown2.o(.ARM.Collect$$libshutdown$$00000007)
    __rt_lib_shutdown_heap_1                 0x0800025f   Thumb Code     0  libshutdown2.o(.ARM.Collect$$libshutdown$$0000000F)
    __rt_lib_shutdown_return                 0x0800025f   Thumb Code     0  libshutdown2.o(.ARM.Collect$$libshutdown$$00000010)
    __rt_lib_shutdown_signal_1               0x0800025f   Thumb Code     0  libshutdown2.o(.ARM.Collect$$libshutdown$$0000000A)
    __rt_lib_shutdown_stdio_1                0x0800025f   Thumb Code     0  libshutdown2.o(.ARM.Collect$$libshutdown$$00000004)
    __rt_lib_shutdown_user_alloc_1           0x0800025f   Thumb Code     0  libshutdown2.o(.ARM.Collect$$libshutdown$$0000000C)
    __rt_entry                               0x08000261   Thumb Code     0  __rtentry.o(.ARM.Collect$$rtentry$$00000000)
    __rt_entry_presh_1                       0x08000261   Thumb Code     0  __rtentry2.o(.ARM.Collect$$rtentry$$00000002)
    __rt_entry_sh                            0x08000261   Thumb Code     0  __rtentry4.o(.ARM.Collect$$rtentry$$00000004)
    __rt_entry_li                            0x08000267   Thumb Code     0  __rtentry2.o(.ARM.Collect$$rtentry$$0000000A)
    __rt_entry_postsh_1                      0x08000267   Thumb Code     0  __rtentry2.o(.ARM.Collect$$rtentry$$00000009)
    __rt_entry_main                          0x0800026b   Thumb Code     0  __rtentry2.o(.ARM.Collect$$rtentry$$0000000D)
    __rt_entry_postli_1                      0x0800026b   Thumb Code     0  __rtentry2.o(.ARM.Collect$$rtentry$$0000000C)
    __rt_exit                                0x08000273   Thumb Code     0  rtexit.o(.ARM.Collect$$rtexit$$00000000)
    __rt_exit_ls                             0x08000275   Thumb Code     0  rtexit2.o(.ARM.Collect$$rtexit$$00000003)
    __rt_exit_prels_1                        0x08000275   Thumb Code     0  rtexit2.o(.ARM.Collect$$rtexit$$00000002)
    __rt_exit_exit                           0x08000279   Thumb Code     0  rtexit2.o(.ARM.Collect$$rtexit$$00000004)
    Reset_Handler                            0x08000281   Thumb Code     8  startup_stm32f446xx.o(.text)
    NMI_Handler                              0x08000289   Thumb Code     2  startup_stm32f446xx.o(.text)
    HardFault_Handler                        0x0800028b   Thumb Code     2  startup_stm32f446xx.o(.text)
    MemManage_Handler                        0x0800028d   Thumb Code     2  startup_stm32f446xx.o(.text)
    BusFault_Handler                         0x0800028f   Thumb Code     2  startup_stm32f446xx.o(.text)
    UsageFault_Handler                       0x08000291   Thumb Code     2  startup_stm32f446xx.o(.text)
    SVC_Handler                              0x08000293   Thumb Code     2  startup_stm32f446xx.o(.text)
    DebugMon_Handler                         0x08000295   Thumb Code     2  startup_stm32f446xx.o(.text)
    PendSV_Handler                           0x08000297   Thumb Code     2  startup_stm32f446xx.o(.text)
    SysTick_Handler                          0x08000299   Thumb Code     2  startup_stm32f446xx.o(.text)
    ADC_IRQHandler                           0x0800029b   Thumb Code     0  startup_stm32f446xx.o(.text)
    CAN1_RX0_IRQHandler                      0x0800029b   Thumb Code     0  startup_stm32f446xx.o(.text)
    CAN1_RX1_IRQHandler                      0x0800029b   Thumb Code     0  startup_stm32f446xx.o(.text)
    CAN1_SCE_IRQHandler                      0x0800029b   Thumb Code     0  startup_stm32f446xx.o(.text)
    CAN1_TX_IRQHandler                       0x0800029b   Thumb Code     0  startup_stm32f446xx.o(.text)
    CAN2_RX0_IRQHandler                      0x0800029b   Thumb Code     0  startup_stm32f446xx.o(.text)
    CAN2_RX1_IRQHandler                      0x0800029b   Thumb Code     0  startup_stm32f446xx.o(.text)
    CAN2_SCE_IRQHandler                      0x0800029b   Thumb Code     0  startup_stm32f446xx.o(.text)
    CAN2_TX_IRQHandler                       0x0800029b   Thumb Code     0  startup_stm32f446xx.o(.text)
    CEC_IRQHandler                           0x0800029b   Thumb Code     0  startup_stm32f446xx.o(.text)
    DCMI_IRQHandler                          0x0800029b   Thumb Code     0  startup_stm32f446xx.o(.text)
    DMA1_Stream0_IRQHandler                  0x0800029b   Thumb Code     0  startup_stm32f446xx.o(.text)
    DMA1_Stream1_IRQHandler                  0x0800029b   Thumb Code     0  startup_stm32f446xx.o(.text)
    DMA1_Stream2_IRQHandler                  0x0800029b   Thumb Code     0  startup_stm32f446xx.o(.text)
    DMA1_Stream3_IRQHandler                  0x0800029b   Thumb Code     0  startup_stm32f446xx.o(.text)
    DMA1_Stream4_IRQHandler                  0x0800029b   Thumb Code     0  startup_stm32f446xx.o(.text)
    DMA1_Stream5_IRQHandler                  0x0800029b   Thumb Code     0  startup_stm32f446xx.o(.text)
    DMA1_Stream6_IRQHandler                  0x0800029b   Thumb Code     0  startup_stm32f446xx.o(.text)
    DMA1_Stream7_IRQHandler                  0x0800029b   Thumb Code     0  startup_stm32f446xx.o(.text)
    DMA2_Stream0_IRQHandler                  0x0800029b   Thumb Code     0  startup_stm32f446xx.o(.text)
    DMA2_Stream1_IRQHandler                  0x0800029b   Thumb Code     0  startup_stm32f446xx.o(.text)
    DMA2_Stream2_IRQHandler                  0x0800029b   Thumb Code     0  startup_stm32f446xx.o(.text)
    DMA2_Stream3_IRQHandler                  0x0800029b   Thumb Code     0  startup_stm32f446xx.o(.text)
    DMA2_Stream4_IRQHandler                  0x0800029b   Thumb Code     0  startup_stm32f446xx.o(.text)
    DMA2_Stream5_IRQHandler                  0x0800029b   Thumb Code     0  startup_stm32f446xx.o(.text)
    DMA2_Stream6_IRQHandler                  0x0800029b   Thumb Code     0  startup_stm32f446xx.o(.text)
    DMA2_Stream7_IRQHandler                  0x0800029b   Thumb Code     0  startup_stm32f446xx.o(.text)
    EXTI0_IRQHandler                         0x0800029b   Thumb Code     0  startup_stm32f446xx.o(.text)
    EXTI15_10_IRQHandler                     0x0800029b   Thumb Code     0  startup_stm32f446xx.o(.text)
    EXTI1_IRQHandler                         0x0800029b   Thumb Code     0  startup_stm32f446xx.o(.text)
    EXTI2_IRQHandler                         0x0800029b   Thumb Code     0  startup_stm32f446xx.o(.text)
    EXTI3_IRQHandler                         0x0800029b   Thumb Code     0  startup_stm32f446xx.o(.text)
    EXTI4_IRQHandler                         0x0800029b   Thumb Code     0  startup_stm32f446xx.o(.text)
    EXTI9_5_IRQHandler                       0x0800029b   Thumb Code     0  startup_stm32f446xx.o(.text)
    FLASH_IRQHandler                         0x0800029b   Thumb Code     0  startup_stm32f446xx.o(.text)
    FMC_IRQHandler                           0x0800029b   Thumb Code     0  startup_stm32f446xx.o(.text)
    FMPI2C1_ER_IRQHandler                    0x0800029b   Thumb Code     0  startup_stm32f446xx.o(.text)
    FMPI2C1_EV_IRQHandler                    0x0800029b   Thumb Code     0  startup_stm32f446xx.o(.text)
    FPU_IRQHandler                           0x0800029b   Thumb Code     0  startup_stm32f446xx.o(.text)
    I2C1_ER_IRQHandler                       0x0800029b   Thumb Code     0  startup_stm32f446xx.o(.text)
    I2C1_EV_IRQHandler                       0x0800029b   Thumb Code     0  startup_stm32f446xx.o(.text)
    I2C2_ER_IRQHandler                       0x0800029b   Thumb Code     0  startup_stm32f446xx.o(.text)
    I2C2_EV_IRQHandler                       0x0800029b   Thumb Code     0  startup_stm32f446xx.o(.text)
    I2C3_ER_IRQHandler                       0x0800029b   Thumb Code     0  startup_stm32f446xx.o(.text)
    I2C3_EV_IRQHandler                       0x0800029b   Thumb Code     0  startup_stm32f446xx.o(.text)
    OTG_FS_IRQHandler                        0x0800029b   Thumb Code     0  startup_stm32f446xx.o(.text)
    OTG_FS_WKUP_IRQHandler                   0x0800029b   Thumb Code     0  startup_stm32f446xx.o(.text)
    OTG_HS_EP1_IN_IRQHandler                 0x0800029b   Thumb Code     0  startup_stm32f446xx.o(.text)
    OTG_HS_EP1_OUT_IRQHandler                0x0800029b   Thumb Code     0  startup_stm32f446xx.o(.text)
    OTG_HS_IRQHandler                        0x0800029b   Thumb Code     0  startup_stm32f446xx.o(.text)
    OTG_HS_WKUP_IRQHandler                   0x0800029b   Thumb Code     0  startup_stm32f446xx.o(.text)
    PVD_IRQHandler                           0x0800029b   Thumb Code     0  startup_stm32f446xx.o(.text)
    QUADSPI_IRQHandler                       0x0800029b   Thumb Code     0  startup_stm32f446xx.o(.text)
    RCC_IRQHandler                           0x0800029b   Thumb Code     0  startup_stm32f446xx.o(.text)
    RTC_Alarm_IRQHandler                     0x0800029b   Thumb Code     0  startup_stm32f446xx.o(.text)
    RTC_WKUP_IRQHandler                      0x0800029b   Thumb Code     0  startup_stm32f446xx.o(.text)
    SAI1_IRQHandler                          0x0800029b   Thumb Code     0  startup_stm32f446xx.o(.text)
    SAI2_IRQHandler                          0x0800029b   Thumb Code     0  startup_stm32f446xx.o(.text)
    SDIO_IRQHandler                          0x0800029b   Thumb Code     0  startup_stm32f446xx.o(.text)
    SPDIF_RX_IRQHandler                      0x0800029b   Thumb Code     0  startup_stm32f446xx.o(.text)
    SPI1_IRQHandler                          0x0800029b   Thumb Code     0  startup_stm32f446xx.o(.text)
    SPI2_IRQHandler                          0x0800029b   Thumb Code     0  startup_stm32f446xx.o(.text)
    SPI3_IRQHandler                          0x0800029b   Thumb Code     0  startup_stm32f446xx.o(.text)
    SPI4_IRQHandler                          0x0800029b   Thumb Code     0  startup_stm32f446xx.o(.text)
    TAMP_STAMP_IRQHandler                    0x0800029b   Thumb Code     0  startup_stm32f446xx.o(.text)
    TIM1_BRK_TIM9_IRQHandler                 0x0800029b   Thumb Code     0  startup_stm32f446xx.o(.text)
    TIM1_CC_IRQHandler                       0x0800029b   Thumb Code     0  startup_stm32f446xx.o(.text)
    TIM1_TRG_COM_TIM11_IRQHandler            0x0800029b   Thumb Code     0  startup_stm32f446xx.o(.text)
    TIM1_UP_TIM10_IRQHandler                 0x0800029b   Thumb Code     0  startup_stm32f446xx.o(.text)
    TIM2_IRQHandler                          0x0800029b   Thumb Code     0  startup_stm32f446xx.o(.text)
    TIM3_IRQHandler                          0x0800029b   Thumb Code     0  startup_stm32f446xx.o(.text)
    TIM4_IRQHandler                          0x0800029b   Thumb Code     0  startup_stm32f446xx.o(.text)
    TIM5_IRQHandler                          0x0800029b   Thumb Code     0  startup_stm32f446xx.o(.text)
    TIM6_DAC_IRQHandler                      0x0800029b   Thumb Code     0  startup_stm32f446xx.o(.text)
    TIM7_IRQHandler                          0x0800029b   Thumb Code     0  startup_stm32f446xx.o(.text)
    TIM8_BRK_TIM12_IRQHandler                0x0800029b   Thumb Code     0  startup_stm32f446xx.o(.text)
    TIM8_CC_IRQHandler                       0x0800029b   Thumb Code     0  startup_stm32f446xx.o(.text)
    TIM8_TRG_COM_TIM14_IRQHandler            0x0800029b   Thumb Code     0  startup_stm32f446xx.o(.text)
    TIM8_UP_TIM13_IRQHandler                 0x0800029b   Thumb Code     0  startup_stm32f446xx.o(.text)
    UART4_IRQHandler                         0x0800029b   Thumb Code     0  startup_stm32f446xx.o(.text)
    UART5_IRQHandler                         0x0800029b   Thumb Code     0  startup_stm32f446xx.o(.text)
    USART1_IRQHandler                        0x0800029b   Thumb Code     0  startup_stm32f446xx.o(.text)
    USART3_IRQHandler                        0x0800029b   Thumb Code     0  startup_stm32f446xx.o(.text)
    USART6_IRQHandler                        0x0800029b   Thumb Code     0  startup_stm32f446xx.o(.text)
    WWDG_IRQHandler                          0x0800029b   Thumb Code     0  startup_stm32f446xx.o(.text)
    __user_initial_stackheap                 0x0800029d   Thumb Code     0  startup_stm32f446xx.o(.text)
    __aeabi_uldivmod                         0x080002c1   Thumb Code     0  lludivv7m.o(.text)
    _ll_udiv                                 0x080002c1   Thumb Code   240  lludivv7m.o(.text)
    sscanf                                   0x080003b1   Thumb Code    52  sscanf.o(.text)
    __aeabi_memcpy4                          0x080003ed   Thumb Code     0  rt_memcpy_w.o(.text)
    __aeabi_memcpy8                          0x080003ed   Thumb Code     0  rt_memcpy_w.o(.text)
    __rt_memcpy_w                            0x080003ed   Thumb Code   100  rt_memcpy_w.o(.text)
    _memcpy_lastbytes_aligned                0x08000435   Thumb Code     0  rt_memcpy_w.o(.text)
    __use_two_region_memory                  0x08000451   Thumb Code     2  heapauxi.o(.text)
    __rt_heap_escrow$2region                 0x08000453   Thumb Code     2  heapauxi.o(.text)
    __rt_heap_expand$2region                 0x08000455   Thumb Code     2  heapauxi.o(.text)
    _scanf_longlong                          0x08000457   Thumb Code   342  _scanf_longlong.o(.text)
    _scanf_int                               0x080005ad   Thumb Code   332  _scanf_int.o(.text)
    _scanf_string                            0x080006f9   Thumb Code   224  _scanf_str.o(.text)
    __vfscanf_char                           0x080007e5   Thumb Code    24  scanf_char.o(.text)
    _sgetc                                   0x08000805   Thumb Code    30  _sgetc.o(.text)
    _sbackspace                              0x08000823   Thumb Code    34  _sgetc.o(.text)
    _scanf_mbtowc                            0x08000845   Thumb Code   276  _scanf_mbtowc.o(.text)
    _scanf_wctomb                            0x08000959   Thumb Code   232  _scanf_wctomb.o(.text)
    _scanf_wstring                           0x08000a41   Thumb Code   208  _scanf_wstr.o(.text)
    isspace                                  0x08000b11   Thumb Code    18  isspace.o(.text)
    _chval                                   0x08000b23   Thumb Code    28  _chval.o(.text)
    __vfscanf                                0x08000b41   Thumb Code   878  _scanf.o(.text)
    _scanf_really_real                       0x08001101   Thumb Code   684  scanf_fp.o(.text)
    _scanf_wcharmap                          0x080013ad   Thumb Code    30  _scanf_wcharmap.o(.text)
    _mbrtoc16                                0x080013cb   Thumb Code    64  _mbrtoc16.o(.text)
    _mbrtowc                                 0x080013cb   Thumb Code     0  _mbrtoc16.o(.text)
    _c16rtomb                                0x0800140b   Thumb Code    72  _c16rtomb.o(.text)
    _wcrtomb                                 0x0800140b   Thumb Code     0  _c16rtomb.o(.text)
    __user_setup_stackheap                   0x08001453   Thumb Code    74  sys_stackheap_outer.o(.text)
    __rt_ctype_table                         0x0800149d   Thumb Code    16  rt_ctype_table.o(.text)
    __rt_locale                              0x080014ad   Thumb Code     8  rt_locale_intlibspace.o(.text)
    __aeabi_errno_addr                       0x080014b5   Thumb Code     8  rt_errno_addr_intlibspace.o(.text)
    __errno$intlibspace                      0x080014b5   Thumb Code     0  rt_errno_addr_intlibspace.o(.text)
    __rt_errno_addr$intlibspace              0x080014b5   Thumb Code     0  rt_errno_addr_intlibspace.o(.text)
    __aeabi_llsl                             0x080014bd   Thumb Code     0  llshl.o(.text)
    _ll_shift_l                              0x080014bd   Thumb Code    38  llshl.o(.text)
    _btod_etento                             0x080014e5   Thumb Code   224  bigflt0.o(.text)
    exit                                     0x080015c9   Thumb Code    18  exit.o(.text)
    __user_libspace                          0x080015dd   Thumb Code     8  libspace.o(.text)
    __user_perproc_libspace                  0x080015dd   Thumb Code     0  libspace.o(.text)
    __user_perthread_libspace                0x080015dd   Thumb Code     0  libspace.o(.text)
    __read_errno                             0x080015e5   Thumb Code    10  _rserrno.o(.text)
    __set_errno                              0x080015ef   Thumb Code    12  _rserrno.o(.text)
    _scanf_really_hex_real                   0x080015fd   Thumb Code   786  scanf_hexfp.o(.text)
    _scanf_really_infnan                     0x0800191d   Thumb Code   292  scanf_infnan.o(.text)
    strcmp                                   0x08001a51   Thumb Code   124  strcmpv7em.o(.text)
    _sys_exit                                0x08001acd   Thumb Code     8  sys_exit.o(.text)
    __I$use$semihosting                      0x08001ad9   Thumb Code     0  use_no_semi.o(.text)
    __use_no_semihosting_swi                 0x08001ad9   Thumb Code     2  use_no_semi.o(.text)
    __semihosting_library_function           0x08001adb   Thumb Code     0  indicate_semi.o(.text)
    DACInit                                  0x08001add   Thumb Code    30  dac.o(.text.DACInit)
    DACWrite                                 0x08001afd   Thumb Code    30  dac.o(.text.DACWrite)
    DelayMs                                  0x08001b1d   Thumb Code   128  main.o(.text.DelayMs)
    LL_RCC_GetSystemClocksFreq               0x08001e31   Thumb Code    54  stm32f4xx_ll_rcc.o(.text.LL_RCC_GetSystemClocksFreq)
    LL_USART_Init                            0x08001f5d   Thumb Code   282  stm32f4xx_ll_usart.o(.text.LL_USART_Init)
    RCC_GetHCLKClockFreq                     0x080021a5   Thumb Code    38  stm32f4xx_ll_rcc.o(.text.RCC_GetHCLKClockFreq)
    RCC_GetPCLK1ClockFreq                    0x080021cd   Thumb Code    36  stm32f4xx_ll_rcc.o(.text.RCC_GetPCLK1ClockFreq)
    RCC_GetPCLK2ClockFreq                    0x080021f1   Thumb Code    36  stm32f4xx_ll_rcc.o(.text.RCC_GetPCLK2ClockFreq)
    RCC_GetSystemClockFreq                   0x08002215   Thumb Code   102  stm32f4xx_ll_rcc.o(.text.RCC_GetSystemClockFreq)
    RCC_PLL_GetFreqDomain_SYS                0x0800227d   Thumb Code   190  stm32f4xx_ll_rcc.o(.text.RCC_PLL_GetFreqDomain_SYS)
    SystemInit                               0x0800233d   Thumb Code    18  system_stm32f4xx.o(.text.SystemInit)
    USART2Init                               0x08002351   Thumb Code   168  usart2.o(.text.USART2Init)
    USART2WriteChar                          0x080023f9   Thumb Code    48  usart2.o(.text.USART2WriteChar)
    USART2_IRQHandler                        0x08002429   Thumb Code   144  usart2.o(.text.USART2_IRQHandler)
    main                                     0x080024e9   Thumb Code   264  main.o(.text.main)
    __btod_div_common                        0x080025f1   Thumb Code   696  btod.o(CL$$btod_div_common)
    _e2d                                     0x08002929   Thumb Code   122  btod.o(CL$$btod_e2d)
    _e2e                                     0x080029ad   Thumb Code   220  btod.o(CL$$btod_e2e)
    _btod_ediv                               0x08002a89   Thumb Code    42  btod.o(CL$$btod_ediv)
    _btod_edivd                              0x08002ab3   Thumb Code    42  btod.o(CL$$btod_edivd)
    _btod_emul                               0x08002add   Thumb Code    42  btod.o(CL$$btod_emul)
    _btod_emuld                              0x08002b07   Thumb Code    42  btod.o(CL$$btod_emuld)
    __btod_mult_common                       0x08002b31   Thumb Code   580  btod.o(CL$$btod_mult_common)
    __hardfp___mathlib_tofloat               0x08002d79   Thumb Code   232  narrow.o(i.__hardfp___mathlib_tofloat)
    __hardfp_ldexp                           0x08002e71   Thumb Code   200  ldexp.o(i.__hardfp_ldexp)
    __mathlib_dbl_overflow                   0x08002f41   Thumb Code    24  dunder.o(i.__mathlib_dbl_overflow)
    __mathlib_dbl_underflow                  0x08002f61   Thumb Code    24  dunder.o(i.__mathlib_dbl_underflow)
    __mathlib_narrow                         0x08002f81   Thumb Code    18  narrow.o(i.__mathlib_narrow)
    __support_ldexp                          0x08002f93   Thumb Code    20  ldexp.o(i.__support_ldexp)
    _is_digit                                0x08002fa7   Thumb Code    14  scanf_fp.o(i._is_digit)
    frexp                                    0x08002fb9   Thumb Code   118  frexp.o(i.frexp)
    _get_lc_numeric                          0x08003045   Thumb Code    44  lc_numeric_c.o(locale$$code)
    _get_lc_ctype                            0x08003071   Thumb Code    44  lc_ctype_c.o(locale$$code)
    __aeabi_d2f                              0x0800309d   Thumb Code     0  d2f.o(x$fpl$d2f)
    _d2f                                     0x0800309d   Thumb Code    98  d2f.o(x$fpl$d2f)
    __aeabi_dadd                             0x08003101   Thumb Code     0  daddsub_clz.o(x$fpl$dadd)
    _dadd                                    0x08003101   Thumb Code   332  daddsub_clz.o(x$fpl$dadd)
    __fpl_dcheck_NaN1                        0x08003251   Thumb Code    10  dcheck1.o(x$fpl$dcheck1)
    __fpl_dcmp_Inf                           0x08003261   Thumb Code    24  dcmpi.o(x$fpl$dcmpinf)
    __aeabi_cdcmpeq                          0x08003279   Thumb Code     0  deqf.o(x$fpl$deqf)
    _dcmpeq                                  0x08003279   Thumb Code   120  deqf.o(x$fpl$deqf)
    __aeabi_d2iz                             0x080032f1   Thumb Code     0  dfix.o(x$fpl$dfix)
    _dfix                                    0x080032f1   Thumb Code    94  dfix.o(x$fpl$dfix)
    __aeabi_i2d                              0x0800334f   Thumb Code     0  dflt_clz.o(x$fpl$dflt)
    _dflt                                    0x0800334f   Thumb Code    46  dflt_clz.o(x$fpl$dflt)
    __aeabi_cdcmple                          0x0800337d   Thumb Code     0  dleqf.o(x$fpl$dleqf)
    _dcmple                                  0x0800337d   Thumb Code   120  dleqf.o(x$fpl$dleqf)
    __fpl_dcmple_InfNaN                      0x080033df   Thumb Code     0  dleqf.o(x$fpl$dleqf)
    __aeabi_dmul                             0x080033f5   Thumb Code     0  dmul.o(x$fpl$dmul)
    _dmul                                    0x080033f5   Thumb Code   332  dmul.o(x$fpl$dmul)
    __fpl_dnaninf                            0x08003549   Thumb Code   156  dnaninf.o(x$fpl$dnaninf)
    __fpl_dretinf                            0x080035e5   Thumb Code    12  dretinf.o(x$fpl$dretinf)
    __aeabi_cdrcmple                         0x080035f1   Thumb Code     0  drleqf.o(x$fpl$drleqf)
    _drcmple                                 0x080035f1   Thumb Code   108  drleqf.o(x$fpl$drleqf)
    __aeabi_dsub                             0x0800365d   Thumb Code     0  daddsub_clz.o(x$fpl$dsub)
    _dsub                                    0x0800365d   Thumb Code   472  daddsub_clz.o(x$fpl$dsub)
    _fp_init                                 0x08003839   Thumb Code    26  fpinit.o(x$fpl$fpinit)
    __fplib_config_fpu_vfp                   0x08003851   Thumb Code     0  fpinit.o(x$fpl$fpinit)
    __fplib_config_pureend_doubles           0x08003851   Thumb Code     0  fpinit.o(x$fpl$fpinit)
    __fpl_fretinf                            0x08003853   Thumb Code    10  fretinf.o(x$fpl$fretinf)
    __ieee_status                            0x0800385d   Thumb Code     6  istatus.o(x$fpl$ieeestatus)
    __fpl_return_NaN                         0x08003863   Thumb Code   100  retnan.o(x$fpl$retnan)
    __ARM_scalbn                             0x080038c7   Thumb Code    92  scalbn.o(x$fpl$scalbn)
    _scanf_real                              0x08003923   Thumb Code     4  scanf1.o(x$fpl$scanf1)
    _scanf_hex_real                          0x08003927   Thumb Code     4  scanf2.o(x$fpl$scanf2)
    _scanf_infnan                            0x0800392b   Thumb Code     4  scanf2.o(x$fpl$scanf2)
    __fpl_cmpreturn                          0x0800392f   Thumb Code    48  trapv.o(x$fpl$trapveneer)
    __I$use$fp                               0x0800395e   Number         0  usenofp.o(x$fpl$usenofp)
    AHBPrescTable                            0x08003bf8   Data          16  system_stm32f4xx.o(.rodata.AHBPrescTable)
    APBPrescTable                            0x08003c08   Data           8  system_stm32f4xx.o(.rodata.APBPrescTable)
    Region$$Table$$Base                      0x08003c18   Number         0  anon$$obj.o(Region$$Table)
    Region$$Table$$Limit                     0x08003c38   Number         0  anon$$obj.o(Region$$Table)
    __aeabi_HUGE_VAL                         0x08003c38   Data           0  fpconst.o(c$$dinf)
    __aeabi_HUGE_VALL                        0x08003c38   Data           0  fpconst.o(c$$dinf)
    __aeabi_INFINITY                         0x08003c38   Data           0  fpconst.o(c$$dinf)
    __dInf                                   0x08003c38   Data           0  fpconst.o(c$$dinf)
    __huge_val                               0x08003c38   Data           0  fpconst.o(c$$dinf)
    __dbl_max                                0x08003c40   Data           0  fpconst.o(c$$dmax)
    __ctype                                  0x08003c71   Data           0  lc_ctype_c.o(locale$$data)
    SystemCoreClock                          0x20000000   Data           4  system_stm32f4xx.o(.data.SystemCoreClock)
    amplitude                                0x20000004   Data           4  usart2.o(.data.amplitude)
    __libspace_start                         0x20000008   Data          96  libspace.o(.bss)
    USART2CmdFlag                            0x20000068   Data           4  usart2.o(.bss.USART2CmdFlag)
    __temporary_stack_top$libspace           0x20000068   Data           0  libspace.o(.bss)
    USART2InputBuffer                        0x2000006c   Data          64  usart2.o(.bss.USART2InputBuffer)
    delay                                    0x200000ac   Data           4  usart2.o(.bss.delay)



==============================================================================

Memory Map of the image

  Image Entry point : 0x08000281

  Load Region LR_1 (Base: 0x08000000, Size: 0x00003d7c, Max: 0xffffffff, ABSOLUTE)

    Execution Region ER_RO (Exec base: 0x08000000, Load base: 0x08000000, Size: 0x00003d74, Max: 0xffffffff, ABSOLUTE)

    Exec Addr    Load Addr    Size         Type   Attr      Idx    E Section Name        Object

    0x08000000   0x08000000   0x000001c4   Data   RO          592    RESET               startup_stm32f446xx.o
    0x080001c4   0x080001c4   0x00000008   Code   RO          625  * !!!main             c_w.l(__main.o)
    0x080001cc   0x080001cc   0x00000034   Code   RO         1013    !!!scatter          c_w.l(__scatter.o)
    0x08000200   0x08000200   0x0000001a   Code   RO         1015    !!handler_copy      c_w.l(__scatter_copy.o)
    0x0800021a   0x0800021a   0x00000002   PAD
    0x0800021c   0x0800021c   0x0000001c   Code   RO         1017    !!handler_zi        c_w.l(__scatter_zi.o)
    0x08000238   0x08000238   0x00000002   Code   RO          768    .ARM.Collect$$libinit$$00000000  c_w.l(libinit.o)
    0x0800023a   0x0800023a   0x00000004   Code   RO          832    .ARM.Collect$$libinit$$00000001  c_w.l(libinit2.o)
    0x0800023e   0x0800023e   0x00000000   Code   RO          835    .ARM.Collect$$libinit$$00000004  c_w.l(libinit2.o)
    0x0800023e   0x0800023e   0x00000000   Code   RO          837    .ARM.Collect$$libinit$$00000006  c_w.l(libinit2.o)
    0x0800023e   0x0800023e   0x00000000   Code   RO          840    .ARM.Collect$$libinit$$0000000C  c_w.l(libinit2.o)
    0x0800023e   0x0800023e   0x00000000   Code   RO          842    .ARM.Collect$$libinit$$0000000E  c_w.l(libinit2.o)
    0x0800023e   0x0800023e   0x00000000   Code   RO          844    .ARM.Collect$$libinit$$00000010  c_w.l(libinit2.o)
    0x0800023e   0x0800023e   0x00000006   Code   RO          845    .ARM.Collect$$libinit$$00000011  c_w.l(libinit2.o)
    0x08000244   0x08000244   0x00000000   Code   RO          847    .ARM.Collect$$libinit$$00000013  c_w.l(libinit2.o)
    0x08000244   0x08000244   0x0000000c   Code   RO          848    .ARM.Collect$$libinit$$00000014  c_w.l(libinit2.o)
    0x08000250   0x08000250   0x00000000   Code   RO          849    .ARM.Collect$$libinit$$00000015  c_w.l(libinit2.o)
    0x08000250   0x08000250   0x00000000   Code   RO          851    .ARM.Collect$$libinit$$00000017  c_w.l(libinit2.o)
    0x08000250   0x08000250   0x0000000a   Code   RO          852    .ARM.Collect$$libinit$$00000018  c_w.l(libinit2.o)
    0x0800025a   0x0800025a   0x00000000   Code   RO          853    .ARM.Collect$$libinit$$00000019  c_w.l(libinit2.o)
    0x0800025a   0x0800025a   0x00000000   Code   RO          855    .ARM.Collect$$libinit$$0000001B  c_w.l(libinit2.o)
    0x0800025a   0x0800025a   0x00000000   Code   RO          857    .ARM.Collect$$libinit$$0000001D  c_w.l(libinit2.o)
    0x0800025a   0x0800025a   0x00000000   Code   RO          859    .ARM.Collect$$libinit$$0000001F  c_w.l(libinit2.o)
    0x0800025a   0x0800025a   0x00000000   Code   RO          861    .ARM.Collect$$libinit$$00000021  c_w.l(libinit2.o)
    0x0800025a   0x0800025a   0x00000000   Code   RO          863    .ARM.Collect$$libinit$$00000023  c_w.l(libinit2.o)
    0x0800025a   0x0800025a   0x00000000   Code   RO          865    .ARM.Collect$$libinit$$00000025  c_w.l(libinit2.o)
    0x0800025a   0x0800025a   0x00000000   Code   RO          867    .ARM.Collect$$libinit$$00000027  c_w.l(libinit2.o)
    0x0800025a   0x0800025a   0x00000000   Code   RO          871    .ARM.Collect$$libinit$$0000002E  c_w.l(libinit2.o)
    0x0800025a   0x0800025a   0x00000000   Code   RO          873    .ARM.Collect$$libinit$$00000030  c_w.l(libinit2.o)
    0x0800025a   0x0800025a   0x00000000   Code   RO          875    .ARM.Collect$$libinit$$00000032  c_w.l(libinit2.o)
    0x0800025a   0x0800025a   0x00000000   Code   RO          877    .ARM.Collect$$libinit$$00000034  c_w.l(libinit2.o)
    0x0800025a   0x0800025a   0x00000002   Code   RO          878    .ARM.Collect$$libinit$$00000035  c_w.l(libinit2.o)
    0x0800025c   0x0800025c   0x00000002   Code   RO          942    .ARM.Collect$$libshutdown$$00000000  c_w.l(libshutdown.o)
    0x0800025e   0x0800025e   0x00000000   Code   RO          986    .ARM.Collect$$libshutdown$$00000002  c_w.l(libshutdown2.o)
    0x0800025e   0x0800025e   0x00000000   Code   RO          988    .ARM.Collect$$libshutdown$$00000004  c_w.l(libshutdown2.o)
    0x0800025e   0x0800025e   0x00000000   Code   RO          991    .ARM.Collect$$libshutdown$$00000007  c_w.l(libshutdown2.o)
    0x0800025e   0x0800025e   0x00000000   Code   RO          994    .ARM.Collect$$libshutdown$$0000000A  c_w.l(libshutdown2.o)
    0x0800025e   0x0800025e   0x00000000   Code   RO          996    .ARM.Collect$$libshutdown$$0000000C  c_w.l(libshutdown2.o)
    0x0800025e   0x0800025e   0x00000000   Code   RO          999    .ARM.Collect$$libshutdown$$0000000F  c_w.l(libshutdown2.o)
    0x0800025e   0x0800025e   0x00000002   Code   RO         1000    .ARM.Collect$$libshutdown$$00000010  c_w.l(libshutdown2.o)
    0x08000260   0x08000260   0x00000000   Code   RO          645    .ARM.Collect$$rtentry$$00000000  c_w.l(__rtentry.o)
    0x08000260   0x08000260   0x00000000   Code   RO          674    .ARM.Collect$$rtentry$$00000002  c_w.l(__rtentry2.o)
    0x08000260   0x08000260   0x00000006   Code   RO          686    .ARM.Collect$$rtentry$$00000004  c_w.l(__rtentry4.o)
    0x08000266   0x08000266   0x00000000   Code   RO          676    .ARM.Collect$$rtentry$$00000009  c_w.l(__rtentry2.o)
    0x08000266   0x08000266   0x00000004   Code   RO          677    .ARM.Collect$$rtentry$$0000000A  c_w.l(__rtentry2.o)
    0x0800026a   0x0800026a   0x00000000   Code   RO          679    .ARM.Collect$$rtentry$$0000000C  c_w.l(__rtentry2.o)
    0x0800026a   0x0800026a   0x00000008   Code   RO          680    .ARM.Collect$$rtentry$$0000000D  c_w.l(__rtentry2.o)
    0x08000272   0x08000272   0x00000002   Code   RO          792    .ARM.Collect$$rtexit$$00000000  c_w.l(rtexit.o)
    0x08000274   0x08000274   0x00000000   Code   RO          896    .ARM.Collect$$rtexit$$00000002  c_w.l(rtexit2.o)
    0x08000274   0x08000274   0x00000004   Code   RO          897    .ARM.Collect$$rtexit$$00000003  c_w.l(rtexit2.o)
    0x08000278   0x08000278   0x00000006   Code   RO          898    .ARM.Collect$$rtexit$$00000004  c_w.l(rtexit2.o)
    0x0800027e   0x0800027e   0x00000002   PAD
    0x08000280   0x08000280   0x00000040   Code   RO          593  * .text               startup_stm32f446xx.o
    0x080002c0   0x080002c0   0x000000f0   Code   RO          615    .text               c_w.l(lludivv7m.o)
    0x080003b0   0x080003b0   0x0000003c   Code   RO          617    .text               c_w.l(sscanf.o)
    0x080003ec   0x080003ec   0x00000064   Code   RO          621    .text               c_w.l(rt_memcpy_w.o)
    0x08000450   0x08000450   0x00000006   Code   RO          623    .text               c_w.l(heapauxi.o)
    0x08000456   0x08000456   0x00000156   Code   RO          650    .text               c_w.l(_scanf_longlong.o)
    0x080005ac   0x080005ac   0x0000014c   Code   RO          652    .text               c_w.l(_scanf_int.o)
    0x080006f8   0x080006f8   0x000000e0   Code   RO          654    .text               c_w.l(_scanf_str.o)
    0x080007d8   0x080007d8   0x0000002c   Code   RO          656    .text               c_w.l(scanf_char.o)
    0x08000804   0x08000804   0x00000040   Code   RO          658    .text               c_w.l(_sgetc.o)
    0x08000844   0x08000844   0x00000114   Code   RO          660    .text               c_w.l(_scanf_mbtowc.o)
    0x08000958   0x08000958   0x000000e8   Code   RO          662    .text               c_w.l(_scanf_wctomb.o)
    0x08000a40   0x08000a40   0x000000d0   Code   RO          664    .text               c_w.l(_scanf_wstr.o)
    0x08000b10   0x08000b10   0x00000012   Code   RO          690    .text               c_w.l(isspace.o)
    0x08000b22   0x08000b22   0x0000001c   Code   RO          692    .text               c_w.l(_chval.o)
    0x08000b3e   0x08000b3e   0x00000002   PAD
    0x08000b40   0x08000b40   0x00000374   Code   RO          694    .text               c_w.l(_scanf.o)
    0x08000eb4   0x08000eb4   0x000004f8   Code   RO          696    .text               c_w.l(scanf_fp.o)
    0x080013ac   0x080013ac   0x0000001e   Code   RO          702    .text               c_w.l(_scanf_wcharmap.o)
    0x080013ca   0x080013ca   0x00000040   Code   RO          704    .text               c_w.l(_mbrtoc16.o)
    0x0800140a   0x0800140a   0x00000048   Code   RO          706    .text               c_w.l(_c16rtomb.o)
    0x08001452   0x08001452   0x0000004a   Code   RO          708    .text               c_w.l(sys_stackheap_outer.o)
    0x0800149c   0x0800149c   0x00000010   Code   RO          710    .text               c_w.l(rt_ctype_table.o)
    0x080014ac   0x080014ac   0x00000008   Code   RO          715    .text               c_w.l(rt_locale_intlibspace.o)
    0x080014b4   0x080014b4   0x00000008   Code   RO          720    .text               c_w.l(rt_errno_addr_intlibspace.o)
    0x080014bc   0x080014bc   0x00000026   Code   RO          722    .text               c_w.l(llshl.o)
    0x080014e2   0x080014e2   0x00000002   PAD
    0x080014e4   0x080014e4   0x000000e4   Code   RO          726    .text               c_w.l(bigflt0.o)
    0x080015c8   0x080015c8   0x00000012   Code   RO          757    .text               c_w.l(exit.o)
    0x080015da   0x080015da   0x00000002   PAD
    0x080015dc   0x080015dc   0x00000008   Code   RO          789    .text               c_w.l(libspace.o)
    0x080015e4   0x080015e4   0x00000016   Code   RO          796    .text               c_w.l(_rserrno.o)
    0x080015fa   0x080015fa   0x00000002   PAD
    0x080015fc   0x080015fc   0x00000320   Code   RO          817    .text               c_w.l(scanf_hexfp.o)
    0x0800191c   0x0800191c   0x00000134   Code   RO          819    .text               c_w.l(scanf_infnan.o)
    0x08001a50   0x08001a50   0x0000007c   Code   RO          830    .text               c_w.l(strcmpv7em.o)
    0x08001acc   0x08001acc   0x0000000c   Code   RO          891    .text               c_w.l(sys_exit.o)
    0x08001ad8   0x08001ad8   0x00000002   Code   RO          931    .text               c_w.l(use_no_semi.o)
    0x08001ada   0x08001ada   0x00000000   Code   RO          933    .text               c_w.l(indicate_semi.o)
    0x08001ada   0x08001ada   0x00000002   PAD
    0x08001adc   0x08001adc   0x0000001e   Code   RO           93    .text.DACInit       dac.o
    0x08001afa   0x08001afa   0x00000002   PAD
    0x08001afc   0x08001afc   0x0000001e   Code   RO           99    .text.DACWrite      dac.o
    0x08001b1a   0x08001b1a   0x00000002   PAD
    0x08001b1c   0x08001b1c   0x00000080   Code   RO           45    .text.DelayMs       main.o
    0x08001b9c   0x08001b9c   0x00000022   Code   RO          112    .text.LL_AHB1_GRP1_EnableClock  usart2.o
    0x08001bbe   0x08001bbe   0x00000002   PAD
    0x08001bc0   0x08001bc0   0x00000022   Code   RO           47    .text.LL_APB1_GRP1_EnableClock  main.o
    0x08001be2   0x08001be2   0x00000002   PAD
    0x08001be4   0x08001be4   0x00000022   Code   RO           95    .text.LL_APB1_GRP1_EnableClock  dac.o
    0x08001c06   0x08001c06   0x00000002   PAD
    0x08001c08   0x08001c08   0x00000022   Code   RO          114    .text.LL_APB1_GRP1_EnableClock  usart2.o
    0x08001c2a   0x08001c2a   0x00000002   PAD
    0x08001c2c   0x08001c2c   0x0000002e   Code   RO          101    .text.LL_DAC_ConvertData12RightAligned  dac.o
    0x08001c5a   0x08001c5a   0x00000002   PAD
    0x08001c5c   0x08001c5c   0x0000001e   Code   RO           97    .text.LL_DAC_Enable  dac.o
    0x08001c7a   0x08001c7a   0x00000002   PAD
    0x08001c7c   0x08001c7c   0x0000007c   Code   RO          120    .text.LL_GPIO_SetAFPin_0_7  usart2.o
    0x08001cf8   0x08001cf8   0x0000007c   Code   RO          118    .text.LL_GPIO_SetPinMode  usart2.o
    0x08001d74   0x08001d74   0x0000007c   Code   RO          116    .text.LL_GPIO_SetPinSpeed  usart2.o
    0x08001df0   0x08001df0   0x00000010   Code   RO          369    .text.LL_RCC_GetAHBPrescaler  stm32f4xx_ll_rcc.o
    0x08001e00   0x08001e00   0x00000010   Code   RO          371    .text.LL_RCC_GetAPB1Prescaler  stm32f4xx_ll_rcc.o
    0x08001e10   0x08001e10   0x00000010   Code   RO          373    .text.LL_RCC_GetAPB2Prescaler  stm32f4xx_ll_rcc.o
    0x08001e20   0x08001e20   0x00000010   Code   RO          365    .text.LL_RCC_GetSysClkSource  stm32f4xx_ll_rcc.o
    0x08001e30   0x08001e30   0x00000036   Code   RO          297    .text.LL_RCC_GetSystemClocksFreq  stm32f4xx_ll_rcc.o
    0x08001e66   0x08001e66   0x00000002   PAD
    0x08001e68   0x08001e68   0x00000010   Code   RO          375    .text.LL_RCC_PLL_GetDivider  stm32f4xx_ll_rcc.o
    0x08001e78   0x08001e78   0x00000010   Code   RO          321    .text.LL_RCC_PLL_GetMainSource  stm32f4xx_ll_rcc.o
    0x08001e88   0x08001e88   0x00000010   Code   RO          377    .text.LL_RCC_PLL_GetN  stm32f4xx_ll_rcc.o
    0x08001e98   0x08001e98   0x00000010   Code   RO          379    .text.LL_RCC_PLL_GetP  stm32f4xx_ll_rcc.o
    0x08001ea8   0x08001ea8   0x00000010   Code   RO          381    .text.LL_RCC_PLL_GetR  stm32f4xx_ll_rcc.o
    0x08001eb8   0x08001eb8   0x00000012   Code   RO           59    .text.LL_TIM_DisableCounter  main.o
    0x08001eca   0x08001eca   0x00000002   PAD
    0x08001ecc   0x08001ecc   0x00000012   Code   RO           55    .text.LL_TIM_EnableCounter  main.o
    0x08001ede   0x08001ede   0x00000002   PAD
    0x08001ee0   0x08001ee0   0x0000000c   Code   RO           57    .text.LL_TIM_GetCounter  main.o
    0x08001eec   0x08001eec   0x00000010   Code   RO           51    .text.LL_TIM_SetAutoReload  main.o
    0x08001efc   0x08001efc   0x00000010   Code   RO           53    .text.LL_TIM_SetCounter  main.o
    0x08001f0c   0x08001f0c   0x00000010   Code   RO           49    .text.LL_TIM_SetPrescaler  main.o
    0x08001f1c   0x08001f1c   0x00000012   Code   RO          122    .text.LL_USART_Enable  usart2.o
    0x08001f2e   0x08001f2e   0x00000002   PAD
    0x08001f30   0x08001f30   0x0000002a   Code   RO          126    .text.LL_USART_EnableIT_RXNE  usart2.o
    0x08001f5a   0x08001f5a   0x00000002   PAD
    0x08001f5c   0x08001f5c   0x0000011a   Code   RO          501    .text.LL_USART_Init  stm32f4xx_ll_usart.o
    0x08002076   0x08002076   0x00000002   PAD
    0x08002078   0x08002078   0x00000010   Code   RO          130    .text.LL_USART_IsActiveFlag_TXE  usart2.o
    0x08002088   0x08002088   0x00000010   Code   RO          503    .text.LL_USART_IsEnabled  stm32f4xx_ll_usart.o
    0x08002098   0x08002098   0x0000000e   Code   RO          138    .text.LL_USART_ReceiveData8  usart2.o
    0x080020a6   0x080020a6   0x00000002   PAD
    0x080020a8   0x080020a8   0x000000b0   Code   RO          509    .text.LL_USART_SetBaudRate  stm32f4xx_ll_usart.o
    0x08002158   0x08002158   0x0000001a   Code   RO          507    .text.LL_USART_SetHWFlowCtrl  stm32f4xx_ll_usart.o
    0x08002172   0x08002172   0x00000002   PAD
    0x08002174   0x08002174   0x0000001a   Code   RO          505    .text.LL_USART_SetStopBitsLength  stm32f4xx_ll_usart.o
    0x0800218e   0x0800218e   0x00000002   PAD
    0x08002190   0x08002190   0x00000014   Code   RO          132    .text.LL_USART_TransmitData8  usart2.o
    0x080021a4   0x080021a4   0x00000026   Code   RO          301    .text.RCC_GetHCLKClockFreq  stm32f4xx_ll_rcc.o
    0x080021ca   0x080021ca   0x00000002   PAD
    0x080021cc   0x080021cc   0x00000024   Code   RO          303    .text.RCC_GetPCLK1ClockFreq  stm32f4xx_ll_rcc.o
    0x080021f0   0x080021f0   0x00000024   Code   RO          305    .text.RCC_GetPCLK2ClockFreq  stm32f4xx_ll_rcc.o
    0x08002214   0x08002214   0x00000066   Code   RO          299    .text.RCC_GetSystemClockFreq  stm32f4xx_ll_rcc.o
    0x0800227a   0x0800227a   0x00000002   PAD
    0x0800227c   0x0800227c   0x000000be   Code   RO          367    .text.RCC_PLL_GetFreqDomain_SYS  stm32f4xx_ll_rcc.o
    0x0800233a   0x0800233a   0x00000002   PAD
    0x0800233c   0x0800233c   0x00000012   Code   RO          600    .text.SystemInit    system_stm32f4xx.o
    0x0800234e   0x0800234e   0x00000002   PAD
    0x08002350   0x08002350   0x000000a8   Code   RO          110    .text.USART2Init    usart2.o
    0x080023f8   0x080023f8   0x00000030   Code   RO          128    .text.USART2WriteChar  usart2.o
    0x08002428   0x08002428   0x00000090   Code   RO          136    .text.USART2_IRQHandler  usart2.o
    0x080024b8   0x080024b8   0x00000030   Code   RO          124    .text.__NVIC_EnableIRQ  usart2.o
    0x080024e8   0x080024e8   0x00000108   Code   RO           61    .text.main          main.o
    0x080025f0   0x080025f0   0x00000338   Code   RO          739    CL$$btod_div_common  c_w.l(btod.o)
    0x08002928   0x08002928   0x00000084   Code   RO          737    CL$$btod_e2d        c_w.l(btod.o)
    0x080029ac   0x080029ac   0x000000dc   Code   RO          736    CL$$btod_e2e        c_w.l(btod.o)
    0x08002a88   0x08002a88   0x0000002a   Code   RO          733    CL$$btod_ediv       c_w.l(btod.o)
    0x08002ab2   0x08002ab2   0x0000002a   Code   RO          735    CL$$btod_edivd      c_w.l(btod.o)
    0x08002adc   0x08002adc   0x0000002a   Code   RO          732    CL$$btod_emul       c_w.l(btod.o)
    0x08002b06   0x08002b06   0x0000002a   Code   RO          734    CL$$btod_emuld      c_w.l(btod.o)
    0x08002b30   0x08002b30   0x00000244   Code   RO          738    CL$$btod_mult_common  c_w.l(btod.o)
    0x08002d74   0x08002d74   0x00000004   PAD
    0x08002d78   0x08002d78   0x000000f8   Code   RO          781    i.__hardfp___mathlib_tofloat  m_wm.l(narrow.o)
    0x08002e70   0x08002e70   0x000000d0   Code   RO          919    i.__hardfp_ldexp    m_wm.l(ldexp.o)
    0x08002f40   0x08002f40   0x00000020   Code   RO          949    i.__mathlib_dbl_overflow  m_wm.l(dunder.o)
    0x08002f60   0x08002f60   0x00000020   Code   RO          951    i.__mathlib_dbl_underflow  m_wm.l(dunder.o)
    0x08002f80   0x08002f80   0x00000012   Code   RO          782    i.__mathlib_narrow  m_wm.l(narrow.o)
    0x08002f92   0x08002f92   0x00000014   Code   RO          921    i.__support_ldexp   m_wm.l(ldexp.o)
    0x08002fa6   0x08002fa6   0x0000000e   Code   RO          698    i._is_digit         c_w.l(scanf_fp.o)
    0x08002fb4   0x08002fb4   0x00000004   PAD
    0x08002fb8   0x08002fb8   0x0000008c   Code   RO          887    i.frexp             m_wm.l(frexp.o)
    0x08003044   0x08003044   0x0000002c   Code   RO          755    locale$$code        c_w.l(lc_numeric_c.o)
    0x08003070   0x08003070   0x0000002c   Code   RO          824    locale$$code        c_w.l(lc_ctype_c.o)
    0x0800309c   0x0800309c   0x00000062   Code   RO          879    x$fpl$d2f           fz_wm.l(d2f.o)
    0x080030fe   0x080030fe   0x00000002   PAD
    0x08003100   0x08003100   0x00000150   Code   RO          627    x$fpl$dadd          fz_wm.l(daddsub_clz.o)
    0x08003250   0x08003250   0x00000010   Code   RO         1001    x$fpl$dcheck1       fz_wm.l(dcheck1.o)
    0x08003260   0x08003260   0x00000018   Code   RO          911    x$fpl$dcmpinf       fz_wm.l(dcmpi.o)
    0x08003278   0x08003278   0x00000078   Code   RO          881    x$fpl$deqf          fz_wm.l(deqf.o)
    0x080032f0   0x080032f0   0x0000005e   Code   RO          633    x$fpl$dfix          fz_wm.l(dfix.o)
    0x0800334e   0x0800334e   0x0000002e   Code   RO          638    x$fpl$dflt          fz_wm.l(dflt_clz.o)
    0x0800337c   0x0800337c   0x00000078   Code   RO          913    x$fpl$dleqf         fz_wm.l(dleqf.o)
    0x080033f4   0x080033f4   0x00000154   Code   RO          643    x$fpl$dmul          fz_wm.l(dmul.o)
    0x08003548   0x08003548   0x0000009c   Code   RO          666    x$fpl$dnaninf       fz_wm.l(dnaninf.o)
    0x080035e4   0x080035e4   0x0000000c   Code   RO          668    x$fpl$dretinf       fz_wm.l(dretinf.o)
    0x080035f0   0x080035f0   0x0000006c   Code   RO          883    x$fpl$drleqf        fz_wm.l(drleqf.o)
    0x0800365c   0x0800365c   0x000001dc   Code   RO          629    x$fpl$dsub          fz_wm.l(daddsub_clz.o)
    0x08003838   0x08003838   0x0000001a   Code   RO          915    x$fpl$fpinit        fz_wm.l(fpinit.o)
    0x08003852   0x08003852   0x0000000a   Code   RO          917    x$fpl$fretinf       fz_wm.l(fretinf.o)
    0x0800385c   0x0800385c   0x00000006   Code   RO          773    x$fpl$ieeestatus    fz_wm.l(istatus.o)
    0x08003862   0x08003862   0x00000064   Code   RO         1007    x$fpl$retnan        fz_wm.l(retnan.o)
    0x080038c6   0x080038c6   0x0000005c   Code   RO          943    x$fpl$scalbn        fz_wm.l(scalbn.o)
    0x08003922   0x08003922   0x00000004   Code   RO          670    x$fpl$scanf1        fz_wm.l(scanf1.o)
    0x08003926   0x08003926   0x00000008   Code   RO          775    x$fpl$scanf2        fz_wm.l(scanf2.o)
    0x0800392e   0x0800392e   0x00000030   Code   RO         1009    x$fpl$trapveneer    fz_wm.l(trapv.o)
    0x0800395e   0x0800395e   0x00000000   Code   RO          672    x$fpl$usenofp       fz_wm.l(usenofp.o)
    0x0800395e   0x0800395e   0x00000002   PAD
    0x08003960   0x08003960   0x00000094   Data   RO          727    .constdata          c_w.l(bigflt0.o)
    0x080039f4   0x080039f4   0x00000004   PAD
    0x080039f8   0x080039f8   0x00000200   Data   RO           63    .rodata..L__const.main.werte  main.o
    0x08003bf8   0x08003bf8   0x00000010   Data   RO          605    .rodata.AHBPrescTable  system_stm32f4xx.o
    0x08003c08   0x08003c08   0x00000008   Data   RO          606    .rodata.APBPrescTable  system_stm32f4xx.o
    0x08003c10   0x08003c10   0x00000007   Data   RO          144    .rodata.str1.1      usart2.o
    0x08003c17   0x08003c17   0x00000001   PAD
    0x08003c18   0x08003c18   0x00000020   Data   RO         1012    Region$$Table       anon$$obj.o
    0x08003c38   0x08003c38   0x00000008   Data   RO          769    c$$dinf             fz_wm.l(fpconst.o)
    0x08003c40   0x08003c40   0x00000008   Data   RO          772    c$$dmax             fz_wm.l(fpconst.o)
    0x08003c48   0x08003c48   0x0000001c   Data   RO          754    locale$$data        c_w.l(lc_numeric_c.o)
    0x08003c64   0x08003c64   0x00000110   Data   RO          823    locale$$data        c_w.l(lc_ctype_c.o)


    Execution Region ER_RW (Exec base: 0x20000000, Load base: 0x08003d74, Size: 0x00000008, Max: 0xffffffff, ABSOLUTE)

    Exec Addr    Load Addr    Size         Type   Attr      Idx    E Section Name        Object

    0x20000000   0x08003d74   0x00000004   Data   RW          604    .data.SystemCoreClock  system_stm32f4xx.o
    0x20000004   0x08003d78   0x00000004   Data   RW          141    .data.amplitude     usart2.o


    Execution Region ER_ZI (Exec base: 0x20000008, Load base: 0x08003d7c, Size: 0x000006a8, Max: 0xffffffff, ABSOLUTE)

    Exec Addr    Load Addr    Size         Type   Attr      Idx    E Section Name        Object

    0x20000008        -       0x00000060   Zero   RW          790    .bss                c_w.l(libspace.o)
    0x20000068        -       0x00000004   Zero   RW          140    .bss.USART2CmdFlag  usart2.o
    0x2000006c        -       0x00000040   Zero   RW          143    .bss.USART2InputBuffer  usart2.o
    0x200000ac        -       0x00000004   Zero   RW          142    .bss.delay          usart2.o
    0x200000b0        -       0x00000200   Zero   RW          591    HEAP                startup_stm32f446xx.o
    0x200002b0        -       0x00000400   Zero   RW          590    STACK               startup_stm32f446xx.o


==============================================================================

Image component sizes


      Code (inc. data)   RO Data    RW Data    ZI Data      Debug   Object Name

       170          0          0          0          0       2638   dac.o
       522          8        512          0          0       3459   main.o
        64         26        452          0       1536        912   startup_stm32f446xx.o
       600         14          0          0          0      11302   stm32f4xx_ll_rcc.o
       526          0          0          0          0       5229   stm32f4xx_ll_usart.o
        18          0         24          4          0       2758   system_stm32f4xx.o
       958          0          7          4         72       7739   usart2.o

    ----------------------------------------------------------------------
      2900         48       1028          8       1608      34037   Object Totals
         0          0         32          0          0          0   (incl. Generated)
        42          0          1          0          0          0   (incl. Padding)

    ----------------------------------------------------------------------

      Code (inc. data)   RO Data    RW Data    ZI Data      Debug   Library Member Name

         8          0          0          0          0         68   __main.o
         0          0          0          0          0          0   __rtentry.o
        12          0          0          0          0          0   __rtentry2.o
         6          0          0          0          0          0   __rtentry4.o
        52          8          0          0          0          0   __scatter.o
        26          0          0          0          0          0   __scatter_copy.o
        28          0          0          0          0          0   __scatter_zi.o
        72          0          0          0          0         96   _c16rtomb.o
        28          0          0          0          0         68   _chval.o
        64          0          0          0          0         84   _mbrtoc16.o
        22          0          0          0          0        100   _rserrno.o
       884          6          0          0          0        100   _scanf.o
       332          0          0          0          0         96   _scanf_int.o
       342          0          0          0          0        100   _scanf_longlong.o
       276          0          0          0          0        100   _scanf_mbtowc.o
       224          0          0          0          0         96   _scanf_str.o
        30          0          0          0          0         76   _scanf_wcharmap.o
       232          0          0          0          0        100   _scanf_wctomb.o
       208          0          0          0          0         96   _scanf_wstr.o
        64          0          0          0          0         84   _sgetc.o
       228          4        148          0          0         96   bigflt0.o
      1924        136          0          0          0        752   btod.o
        18          0          0          0          0         80   exit.o
         6          0          0          0          0        152   heapauxi.o
         0          0          0          0          0          0   indicate_semi.o
        18          0          0          0          0         76   isspace.o
        44         10        272          0          0         76   lc_ctype_c.o
        44         10         28          0          0         76   lc_numeric_c.o
         2          0          0          0          0          0   libinit.o
        34          0          0          0          0          0   libinit2.o
         2          0          0          0          0          0   libshutdown.o
         2          0          0          0          0          0   libshutdown2.o
         8          4          0          0         96         68   libspace.o
        38          0          0          0          0         68   llshl.o
       240          0          0          0          0        100   lludivv7m.o
        16          4          0          0          0         76   rt_ctype_table.o
         8          4          0          0          0         68   rt_errno_addr_intlibspace.o
         8          4          0          0          0         68   rt_locale_intlibspace.o
       100          0          0          0          0         80   rt_memcpy_w.o
         2          0          0          0          0          0   rtexit.o
        10          0          0          0          0          0   rtexit2.o
        44          8          0          0          0         84   scanf_char.o
      1286         16          0          0          0        236   scanf_fp.o
       800         14          0          0          0        100   scanf_hexfp.o
       308         16          0          0          0        100   scanf_infnan.o
        60          8          0          0          0         84   sscanf.o
       124          0          0          0          0         88   strcmpv7em.o
        12          4          0          0          0         68   sys_exit.o
        74          0          0          0          0         80   sys_stackheap_outer.o
         2          0          0          0          0         68   use_no_semi.o
        98          4          0          0          0        140   d2f.o
       812         16          0          0          0        392   daddsub_clz.o
        16          4          0          0          0        116   dcheck1.o
        24          0          0          0          0        116   dcmpi.o
       120          4          0          0          0        140   deqf.o
        94          4          0          0          0        140   dfix.o
        46          0          0          0          0        116   dflt_clz.o
       120          4          0          0          0        140   dleqf.o
       340         12          0          0          0        152   dmul.o
       156          4          0          0          0        140   dnaninf.o
        12          0          0          0          0        116   dretinf.o
       108          0          0          0          0        128   drleqf.o
         0          0         16          0          0          0   fpconst.o
        26          0          0          0          0        116   fpinit.o
        10          0          0          0          0        116   fretinf.o
         6          0          0          0          0        116   istatus.o
       100          0          0          0          0        116   retnan.o
        92          0          0          0          0        116   scalbn.o
         4          0          0          0          0        116   scanf1.o
         8          0          0          0          0        132   scanf2.o
        48          0          0          0          0        116   trapv.o
         0          0          0          0          0          0   usenofp.o
        64         16          0          0          0        248   dunder.o
       140         22          0          0          0        132   frexp.o
       228          8          0          0          0        308   ldexp.o
       266         16          0          0          0        308   narrow.o

    ----------------------------------------------------------------------
     11336        370        468          0         96       7784   Library Totals
        26          0          4          0          0          0   (incl. Padding)

    ----------------------------------------------------------------------

      Code (inc. data)   RO Data    RW Data    ZI Data      Debug   Library Name

      8372        256        448          0         96       4008   c_w.l
      2240         52         16          0          0       2780   fz_wm.l
       698         62          0          0          0        996   m_wm.l

    ----------------------------------------------------------------------
     11336        370        468          0         96       7784   Library Totals

    ----------------------------------------------------------------------

==============================================================================


      Code (inc. data)   RO Data    RW Data    ZI Data      Debug   

     14236        418       1496          8       1704      36989   Grand Totals
     14236        418       1496          8       1704      36989   ELF Image Totals
     14236        418       1496          8          0          0   ROM Totals

==============================================================================

    Total RO  Size (Code + RO Data)                15732 (  15.36kB)
    Total RW  Size (RW Data + ZI Data)              1712 (   1.67kB)
    Total ROM Size (Code + RO Data + RW Data)      15740 (  15.37kB)

==============================================================================

