Component: Arm Compiler for Embedded 6.19 Tool: armlink [5e73cb00]

==============================================================================

Section Cross References

    adc.o(.text.ADCInit) refers to adc.o(.text.LL_AHB1_GRP1_EnableClock) for LL_AHB1_GRP1_EnableClock
    adc.o(.text.ADCInit) refers to adc.o(.text.LL_APB2_GRP1_EnableClock) for LL_APB2_GRP1_EnableClock
    adc.o(.text.ADCInit) refers to adc.o(.text.LL_GPIO_SetPinMode) for LL_GPIO_SetPinMode
    adc.o(.text.ADCInit) refers to adc.o(.text.LL_ADC_SetCommonClock) for LL_ADC_SetCommonClock
    adc.o(.text.ADCInit) refers to adc.o(.text.LL_ADC_SetSequencersScanMode) for LL_ADC_SetSequencersScanMode
    adc.o(.text.ADCInit) refers to adc.o(.text.LL_ADC_REG_SetSequencerRanks) for LL_ADC_REG_SetSequencerRanks
    adc.o(.text.ADCInit) refers to adc.o(.text.LL_ADC_REG_SetContinuousMode) for LL_ADC_REG_SetContinuousMode
    adc.o(.text.ADCInit) refers to adc.o(.text.LL_ADC_REG_SetTriggerSource) for LL_ADC_REG_SetTriggerSource
    adc.o(.text.ADCInit) refers to adc.o(.text.LL_ADC_SetChannelSamplingTime) for LL_ADC_SetChannelSamplingTime
    adc.o(.text.ADCInit) refers to adc.o(.text.LL_ADC_SetResolution) for LL_ADC_SetResolution
    adc.o(.text.ADCInit) refers to adc.o(.text.LL_ADC_SetDataAlignment) for LL_ADC_SetDataAlignment
    adc.o(.text.ADCInit) refers to adc.o(.text.LL_ADC_Enable) for LL_ADC_Enable
    adc.o(.ARM.exidx.text.ADCInit) refers to adc.o(.text.ADCInit) for [Anonymous Symbol]
    adc.o(.ARM.exidx.text.LL_AHB1_GRP1_EnableClock) refers to adc.o(.text.LL_AHB1_GRP1_EnableClock) for [Anonymous Symbol]
    adc.o(.ARM.exidx.text.LL_APB2_GRP1_EnableClock) refers to adc.o(.text.LL_APB2_GRP1_EnableClock) for [Anonymous Symbol]
    adc.o(.ARM.exidx.text.LL_GPIO_SetPinMode) refers to adc.o(.text.LL_GPIO_SetPinMode) for [Anonymous Symbol]
    adc.o(.ARM.exidx.text.LL_ADC_SetCommonClock) refers to adc.o(.text.LL_ADC_SetCommonClock) for [Anonymous Symbol]
    adc.o(.ARM.exidx.text.LL_ADC_SetSequencersScanMode) refers to adc.o(.text.LL_ADC_SetSequencersScanMode) for [Anonymous Symbol]
    adc.o(.ARM.exidx.text.LL_ADC_REG_SetSequencerRanks) refers to adc.o(.text.LL_ADC_REG_SetSequencerRanks) for [Anonymous Symbol]
    adc.o(.ARM.exidx.text.LL_ADC_REG_SetContinuousMode) refers to adc.o(.text.LL_ADC_REG_SetContinuousMode) for [Anonymous Symbol]
    adc.o(.ARM.exidx.text.LL_ADC_REG_SetTriggerSource) refers to adc.o(.text.LL_ADC_REG_SetTriggerSource) for [Anonymous Symbol]
    adc.o(.ARM.exidx.text.LL_ADC_SetChannelSamplingTime) refers to adc.o(.text.LL_ADC_SetChannelSamplingTime) for [Anonymous Symbol]
    adc.o(.ARM.exidx.text.LL_ADC_SetResolution) refers to adc.o(.text.LL_ADC_SetResolution) for [Anonymous Symbol]
    adc.o(.ARM.exidx.text.LL_ADC_SetDataAlignment) refers to adc.o(.text.LL_ADC_SetDataAlignment) for [Anonymous Symbol]
    adc.o(.ARM.exidx.text.LL_ADC_Enable) refers to adc.o(.text.LL_ADC_Enable) for [Anonymous Symbol]
    adc.o(.text.ADCRead) refers to adc.o(.text.LL_ADC_REG_StartConversionSWStart) for LL_ADC_REG_StartConversionSWStart
    adc.o(.text.ADCRead) refers to adc.o(.text.LL_ADC_IsActiveFlag_EOCS) for LL_ADC_IsActiveFlag_EOCS
    adc.o(.text.ADCRead) refers to adc.o(.text.LL_ADC_ClearFlag_EOCS) for LL_ADC_ClearFlag_EOCS
    adc.o(.text.ADCRead) refers to adc.o(.text.LL_ADC_REG_ReadConversionData12) for LL_ADC_REG_ReadConversionData12
    adc.o(.ARM.exidx.text.ADCRead) refers to adc.o(.text.ADCRead) for [Anonymous Symbol]
    adc.o(.ARM.exidx.text.LL_ADC_REG_StartConversionSWStart) refers to adc.o(.text.LL_ADC_REG_StartConversionSWStart) for [Anonymous Symbol]
    adc.o(.ARM.exidx.text.LL_ADC_IsActiveFlag_EOCS) refers to adc.o(.text.LL_ADC_IsActiveFlag_EOCS) for [Anonymous Symbol]
    adc.o(.ARM.exidx.text.LL_ADC_ClearFlag_EOCS) refers to adc.o(.text.LL_ADC_ClearFlag_EOCS) for [Anonymous Symbol]
    adc.o(.ARM.exidx.text.LL_ADC_REG_ReadConversionData12) refers to adc.o(.text.LL_ADC_REG_ReadConversionData12) for [Anonymous Symbol]
    main.o(.text.DelayMs) refers to main.o(.text.LL_APB1_GRP1_EnableClock) for LL_APB1_GRP1_EnableClock
    main.o(.text.DelayMs) refers to system_stm32f4xx.o(.data.SystemCoreClock) for SystemCoreClock
    main.o(.text.DelayMs) refers to main.o(.text.LL_TIM_SetPrescaler) for LL_TIM_SetPrescaler
    main.o(.text.DelayMs) refers to main.o(.text.LL_TIM_SetAutoReload) for LL_TIM_SetAutoReload
    main.o(.text.DelayMs) refers to main.o(.text.LL_TIM_SetCounter) for LL_TIM_SetCounter
    main.o(.text.DelayMs) refers to main.o(.text.LL_TIM_EnableCounter) for LL_TIM_EnableCounter
    main.o(.text.DelayMs) refers to main.o(.text.LL_TIM_GetCounter) for LL_TIM_GetCounter
    main.o(.text.DelayMs) refers to main.o(.text.LL_TIM_DisableCounter) for LL_TIM_DisableCounter
    main.o(.ARM.exidx.text.DelayMs) refers to main.o(.text.DelayMs) for [Anonymous Symbol]
[...]
    _printf_i                                0x08000267   Thumb Code     0  _printf_i.o(.ARM.Collect$$_printf_percent$$00000008)
    _printf_d                                0x0800026d   Thumb Code     0  _printf_d.o(.ARM.Collect$$_printf_percent$$00000009)
    _printf_u                                0x08000273   Thumb Code     0  _printf_u.o(.ARM.Collect$$_printf_percent$$0000000A)
    _printf_o                                0x08000279   Thumb Code     0  _printf_o.o(.ARM.Collect$$_printf_percent$$0000000B)
    _printf_x                                0x0800027f   Thumb Code     0  _printf_x.o(.ARM.Collect$$_printf_percent$$0000000C)
    _printf_lli                              0x08000285   Thumb Code     0  _printf_lli.o(.ARM.Collect$$_printf_percent$$0000000D)
    _printf_lld                              0x0800028b   Thumb Code     0  _printf_lld.o(.ARM.Collect$$_printf_percent$$0000000E)
    _printf_llu                              0x08000291   Thumb Code     0  _printf_llu.o(.ARM.Collect$$_printf_percent$$0000000F)
    _printf_llo                              0x08000297   Thumb Code     0  _printf_llo.o(.ARM.Collect$$_printf_percent$$00000010)
    _printf_llx                              0x0800029d   Thumb Code     0  _printf_llx.o(.ARM.Collect$$_printf_percent$$00000011)
    _printf_l                                0x080002a3   Thumb Code     0  _printf_l.o(.ARM.Collect$$_printf_percent$$00000012)
    _printf_c                                0x080002ad   Thumb Code     0  _printf_c.o(.ARM.Collect$$_printf_percent$$00000013)
    _printf_s                                0x080002b3   Thumb Code     0  _printf_s.o(.ARM.Collect$$_printf_percent$$00000014)
    _printf_lc                               0x080002b9   Thumb Code     0  _printf_lc.o(.ARM.Collect$$_printf_percent$$00000015)
    _printf_ls                               0x080002bf   Thumb Code     0  _printf_ls.o(.ARM.Collect$$_printf_percent$$00000016)
    _printf_percent_end                      0x080002c5   Thumb Code     0  _printf_percent_end.o(.ARM.Collect$$_printf_percent$$00000017)
    __rt_lib_init                            0x080002c9   Thumb Code     0  libinit.o(.ARM.Collect$$libinit$$00000000)
    __rt_lib_init_fp_1                       0x080002cb   Thumb Code     0  libinit2.o(.ARM.Collect$$libinit$$00000001)
    __rt_lib_init_heap_1                     0x080002cf   Thumb Code     0  libinit2.o(.ARM.Collect$$libinit$$0000000C)
    __rt_lib_init_lc_common                  0x080002cf   Thumb Code     0  libinit2.o(.ARM.Collect$$libinit$$00000011)
    __rt_lib_init_preinit_1                  0x080002cf   Thumb Code     0  libinit2.o(.ARM.Collect$$libinit$$00000006)
    __rt_lib_init_rand_1                     0x080002cf   Thumb Code     0  libinit2.o(.ARM.Collect$$libinit$$00000010)
    __rt_lib_init_relocate_pie_1             0x080002cf   Thumb Code     0  libinit2.o(.ARM.Collect$$libinit$$00000004)
    __rt_lib_init_user_alloc_1               0x080002cf   Thumb Code     0  libinit2.o(.ARM.Collect$$libinit$$0000000E)
    __rt_lib_init_lc_collate_1               0x080002d5   Thumb Code     0  libinit2.o(.ARM.Collect$$libinit$$00000013)
    __rt_lib_init_lc_ctype_2                 0x080002d5   Thumb Code     0  libinit2.o(.ARM.Collect$$libinit$$00000014)
    __rt_lib_init_lc_ctype_1                 0x080002e1   Thumb Code     0  libinit2.o(.ARM.Collect$$libinit$$00000015)
    __rt_lib_init_lc_monetary_1              0x080002e1   Thumb Code     0  libinit2.o(.ARM.Collect$$libinit$$00000017)
    __rt_lib_init_lc_numeric_2               0x080002e1   Thumb Code     0  libinit2.o(.ARM.Collect$$libinit$$00000018)
    __rt_lib_init_alloca_1                   0x080002eb   Thumb Code     0  libinit2.o(.ARM.Collect$$libinit$$00000030)
    __rt_lib_init_argv_1                     0x080002eb   Thumb Code     0  libinit2.o(.ARM.Collect$$libinit$$0000002E)
    __rt_lib_init_atexit_1                   0x080002eb   Thumb Code     0  libinit2.o(.ARM.Collect$$libinit$$0000001D)
    __rt_lib_init_clock_1                    0x080002eb   Thumb Code     0  libinit2.o(.ARM.Collect$$libinit$$00000023)
    __rt_lib_init_cpp_1                      0x080002eb   Thumb Code     0  libinit2.o(.ARM.Collect$$libinit$$00000034)
    __rt_lib_init_exceptions_1               0x080002eb   Thumb Code     0  libinit2.o(.ARM.Collect$$libinit$$00000032)
    __rt_lib_init_fp_trap_1                  0x080002eb   Thumb Code     0  libinit2.o(.ARM.Collect$$libinit$$00000021)
    __rt_lib_init_getenv_1                   0x080002eb   Thumb Code     0  libinit2.o(.ARM.Collect$$libinit$$00000025)
    __rt_lib_init_lc_numeric_1               0x080002eb   Thumb Code     0  libinit2.o(.ARM.Collect$$libinit$$00000019)
    __rt_lib_init_lc_time_1                  0x080002eb   Thumb Code     0  libinit2.o(.ARM.Collect$$libinit$$0000001B)
    __rt_lib_init_return                     0x080002eb   Thumb Code     0  libinit2.o(.ARM.Collect$$libinit$$00000035)
    __rt_lib_init_signal_1                   0x080002eb   Thumb Code     0  libinit2.o(.ARM.Collect$$libinit$$0000001F)
    __rt_lib_init_stdio_1                    0x080002eb   Thumb Code     0  libinit2.o(.ARM.Collect$$libinit$$00000027)
    __rt_lib_shutdown                        0x080002ed   Thumb Code     0  libshutdown.o(.ARM.Collect$$libshutdown$$00000000)
    __rt_lib_shutdown_cpp_1                  0x080002ef   Thumb Code     0  libshutdown2.o(.ARM.Collect$$libshutdown$$00000002)
    __rt_lib_shutdown_fp_trap_1              0x080002ef   Thumb Code     0  libshutdown2.o(.ARM.Collect$$libshutdown$$00000007)
    __rt_lib_shutdown_heap_1                 0x080002ef   Thumb Code     0  libshutdown2.o(.ARM.Collect$$libshutdown$$0000000F)
    __rt_lib_shutdown_return                 0x080002ef   Thumb Code     0  libshutdown2.o(.ARM.Collect$$libshutdown$$00000010)
    __rt_lib_shutdown_signal_1               0x080002ef   Thumb Code     0  libshutdown2.o(.ARM.Collect$$libshutdown$$0000000A)
    __rt_lib_shutdown_stdio_1                0x080002ef   Thumb Code     0  libshutdown2.o(.ARM.Collect$$libshutdown$$00000004)
    __rt_lib_shutdown_user_alloc_1           0x080002ef   Thumb Code     0  libshutdown2.o(.ARM.Collect$$libshutdown$$0000000C)
    __rt_entry                               0x080002f1   Thumb Code     0  __rtentry.o(.ARM.Collect$$rtentry$$00000000)
    __rt_entry_presh_1                       0x080002f1   Thumb Code     0  __rtentry2.o(.ARM.Collect$$rtentry$$00000002)
    __rt_entry_sh                            0x080002f1   Thumb Code     0  __rtentry4.o(.ARM.Collect$$rtentry$$00000004)
    __rt_entry_li                            0x080002f7   Thumb Code     0  __rtentry2.o(.ARM.Collect$$rtentry$$0000000A)
    __rt_entry_postsh_1                      0x080002f7   Thumb Code     0  __rtentry2.o(.ARM.Collect$$rtentry$$00000009)
    __rt_entry_main                          0x080002fb   Thumb Code     0  __rtentry2.o(.ARM.Collect$$rtentry$$0000000D)
    __rt_entry_postli_1                      0x080002fb   Thumb Code     0  __rtentry2.o(.ARM.Collect$$rtentry$$0000000C)
    __rt_exit                                0x08000303   Thumb Code     0  rtexit.o(.ARM.Collect$$rtexit$$00000000)
    __rt_exit_ls                             0x08000305   Thumb Code     0  rtexit2.o(.ARM.Collect$$rtexit$$00000003)
    __rt_exit_prels_1                        0x08000305   Thumb Code     0  rtexit2.o(.ARM.Collect$$rtexit$$00000002)
    __rt_exit_exit                           0x08000309   Thumb Code     0  rtexit2.o(.ARM.Collect$$rtexit$$00000004)
    Reset_Handler                            0x08000311   Thumb Code     8  startup_stm32f446xx.o(.text)
    NMI_Handler                              0x08000319   Thumb Code     2  startup_stm32f446xx.o(.text)
    HardFault_Handler                        0x0800031b   Thumb Code     2  startup_stm32f446xx.o(.text)
    MemManage_Handler                        0x0800031d   Thumb Code     2  startup_stm32f446xx.o(.text)
    BusFault_Handler                         0x0800031f   Thumb Code     2  startup_stm32f446xx.o(.text)
    UsageFault_Handler                       0x08000321   Thumb Code     2  startup_stm32f446xx.o(.text)
    SVC_Handler                              0x08000323   Thumb Code     2  startup_stm32f446xx.o(.text)
    DebugMon_Handler                         0x08000325   Thumb Code     2  startup_stm32f446xx.o(.text)
    PendSV_Handler                           0x08000327   Thumb Code     2  startup_stm32f446xx.o(.text)
    ADC_IRQHandler                           0x0800032b   Thumb Code     0  startup_stm32f446xx.o(.text)
    CAN1_RX0_IRQHandler                      0x0800032b   Thumb Code     0  startup_stm32f446xx.o(.text)
    CAN1_RX1_IRQHandler                      0x0800032b   Thumb Code     0  startup_stm32f446xx.o(.text)
    CAN1_SCE_IRQHandler                      0x0800032b   Thumb Code     0  startup_stm32f446xx.o(.text)
    CAN1_TX_IRQHandler                       0x0800032b   Thumb Code     0  startup_stm32f446xx.o(.text)
    CAN2_RX0_IRQHandler                      0x0800032b   Thumb Code     0  startup_stm32f446xx.o(.text)
    CAN2_RX1_IRQHandler                      0x0800032b   Thumb Code     0  startup_stm32f446xx.o(.text)
    CAN2_SCE_IRQHandler                      0x0800032b   Thumb Code     0  startup_stm32f446xx.o(.text)
    CAN2_TX_IRQHandler                       0x0800032b   Thumb Code     0  startup_stm32f446xx.o(.text)
    CEC_IRQHandler                           0x0800032b   Thumb Code     0  startup_stm32f446xx.o(.text)
    DCMI_IRQHandler                          0x0800032b   Thumb Code     0  startup_stm32f446xx.o(.text)
    DMA1_Stream0_IRQHandler                  0x0800032b   Thumb Code     0  startup_stm32f446xx.o(.text)
    DMA1_Stream1_IRQHandler                  0x0800032b   Thumb Code     0  startup_stm32f446xx.o(.text)
    DMA1_Stream2_IRQHandler                  0x0800032b   Thumb Code     0  startup_stm32f446xx.o(.text)
    DMA1_Stream3_IRQHandler                  0x0800032b   Thumb Code     0  startup_stm32f446xx.o(.text)
    DMA1_Stream4_IRQHandler                  0x0800032b   Thumb Code     0  startup_stm32f446xx.o(.text)
    DMA1_Stream5_IRQHandler                  0x0800032b   Thumb Code     0  startup_stm32f446xx.o(.text)
    DMA1_Stream6_IRQHandler                  0x0800032b   Thumb Code     0  startup_stm32f446xx.o(.text)
    DMA1_Stream7_IRQHandler                  0x0800032b   Thumb Code     0  startup_stm32f446xx.o(.text)
    DMA2_Stream0_IRQHandler                  0x0800032b   Thumb Code     0  startup_stm32f446xx.o(.text)
    DMA2_Stream1_IRQHandler                  0x0800032b   Thumb Code     0  startup_stm32f446xx.o(.text)
    DMA2_Stream2_IRQHandler                  0x0800032b   Thumb Code     0  startup_stm32f446xx.o(.text)
    DMA2_Stream3_IRQHandler                  0x0800032b   Thumb Code     0  startup_stm32f446xx.o(.text)
    DMA2_Stream4_IRQHandler                  0x0800032b   Thumb Code     0  startup_stm32f446xx.o(.text)
    DMA2_Stream5_IRQHandler                  0x0800032b   Thumb Code     0  startup_stm32f446xx.o(.text)
    DMA2_Stream6_IRQHandler                  0x0800032b   Thumb Code     0  startup_stm32f446xx.o(.text)
    DMA2_Stream7_IRQHandler                  0x0800032b   Thumb Code     0  startup_stm32f446xx.o(.text)
    EXTI0_IRQHandler                         0x0800032b   Thumb Code     0  startup_stm32f446xx.o(.text)
    EXTI15_10_IRQHandler                     0x0800032b   Thumb Code     0  startup_stm32f446xx.o(.text)
    EXTI1_IRQHandler                         0x0800032b   Thumb Code     0  startup_stm32f446xx.o(.text)
    EXTI2_IRQHandler                         0x0800032b   Thumb Code     0  startup_stm32f446xx.o(.text)
    EXTI3_IRQHandler                         0x0800032b   Thumb Code     0  startup_stm32f446xx.o(.text)
    EXTI4_IRQHandler                         0x0800032b   Thumb Code     0  startup_stm32f446xx.o(.text)
    EXTI9_5_IRQHandler                       0x0800032b   Thumb Code     0  startup_stm32f446xx.o(.text)
    FLASH_IRQHandler                         0x0800032b   Thumb Code     0  startup_stm32f446xx.o(.text)
    FMC_IRQHandler                           0x0800032b   Thumb Code     0  startup_stm32f446xx.o(.text)
    FMPI2C1_ER_IRQHandler                    0x0800032b   Thumb Code     0  startup_stm32f446xx.o(.text)
    FMPI2C1_EV_IRQHandler                    0x0800032b   Thumb Code     0  startup_stm32f446xx.o(.text)
    FPU_IRQHandler                           0x0800032b   Thumb Code     0  startup_stm32f446xx.o(.text)
    I2C1_ER_IRQHandler                       0x0800032b   Thumb Code     0  startup_stm32f446xx.o(.text)
    I2C1_EV_IRQHandler                       0x0800032b   Thumb Code     0  startup_stm32f446xx.o(.text)
    I2C2_ER_IRQHandler                       0x0800032b   Thumb Code     0  startup_stm32f446xx.o(.text)
    I2C2_EV_IRQHandler                       0x0800032b   Thumb Code     0  startup_stm32f446xx.o(.text)
    I2C3_ER_IRQHandler                       0x0800032b   Thumb Code     0  startup_stm32f446xx.o(.text)
    I2C3_EV_IRQHandler                       0x0800032b   Thumb Code     0  startup_stm32f446xx.o(.text)
    OTG_FS_IRQHandler                        0x0800032b   Thumb Code     0  startup_stm32f446xx.o(.text)
    OTG_FS_WKUP_IRQHandler                   0x0800032b   Thumb Code     0  startup_stm32f446xx.o(.text)
    OTG_HS_EP1_IN_IRQHandler                 0x0800032b   Thumb Code     0  startup_stm32f446xx.o(.text)
    OTG_HS_EP1_OUT_IRQHandler                0x0800032b   Thumb Code     0  startup_stm32f446xx.o(.text)
    OTG_HS_IRQHandler                        0x0800032b   Thumb Code     0  startup_stm32f446xx.o(.text)
    OTG_HS_WKUP_IRQHandler                   0x0800032b   Thumb Code     0  startup_stm32f446xx.o(.text)
    PVD_IRQHandler                           0x0800032b   Thumb Code     0  startup_stm32f446xx.o(.text)
    QUADSPI_IRQHandler                       0x0800032b   Thumb Code     0  startup_stm32f446xx.o(.text)
    RCC_IRQHandler                           0x0800032b   Thumb Code     0  startup_stm32f446xx.o(.text)
    RTC_Alarm_IRQHandler                     0x0800032b   Thumb Code     0  startup_stm32f446xx.o(.text)
    RTC_WKUP_IRQHandler                      0x0800032b   Thumb Code     0  startup_stm32f446xx.o(.text)
    SAI1_IRQHandler                          0x0800032b   Thumb Code     0  startup_stm32f446xx.o(.text)
    SAI2_IRQHandler                          0x0800032b   Thumb Code     0  startup_stm32f446xx.o(.text)
    SDIO_IRQHandler                          0x0800032b   Thumb Code     0  startup_stm32f446xx.o(.text)
    SPDIF_RX_IRQHandler                      0x0800032b   Thumb Code     0  startup_stm32f446xx.o(.text)
    SPI1_IRQHandler                          0x0800032b   Thumb Code     0  startup_stm32f446xx.o(.text)
    SPI2_IRQHandler                          0x0800032b   Thumb Code     0  startup_stm32f446xx.o(.text)
    SPI3_IRQHandler                          0x0800032b   Thumb Code     0  startup_stm32f446xx.o(.text)
    SPI4_IRQHandler                          0x0800032b   Thumb Code     0  startup_stm32f446xx.o(.text)
    TAMP_STAMP_IRQHandler                    0x0800032b   Thumb Code     0  startup_stm32f446xx.o(.text)
    TIM1_BRK_TIM9_IRQHandler                 0x0800032b   Thumb Code     0  startup_stm32f446xx.o(.text)
    TIM1_CC_IRQHandler                       0x0800032b   Thumb Code     0  startup_stm32f446xx.o(.text)
    TIM1_TRG_COM_TIM11_IRQHandler            0x0800032b   Thumb Code     0  startup_stm32f446xx.o(.text)
    TIM1_UP_TIM10_IRQHandler                 0x0800032b   Thumb Code     0  startup_stm32f446xx.o(.text)
    TIM2_IRQHandler                          0x0800032b   Thumb Code     0  startup_stm32f446xx.o(.text)
    TIM3_IRQHandler                          0x0800032b   Thumb Code     0  startup_stm32f446xx.o(.text)
    TIM4_IRQHandler                          0x0800032b   Thumb Code     0  startup_stm32f446xx.o(.text)
    TIM5_IRQHandler                          0x0800032b   Thumb Code     0  startup_stm32f446xx.o(.text)
    TIM6_DAC_IRQHandler                      0x0800032b   Thumb Code     0  startup_stm32f446xx.o(.text)
    TIM7_IRQHandler                          0x0800032b   Thumb Code     0  startup_stm32f446xx.o(.text)
    TIM8_BRK_TIM12_IRQHandler                0x0800032b   Thumb Code     0  startup_stm32f446xx.o(.text)
    TIM8_CC_IRQHandler                       0x0800032b   Thumb Code     0  startup_stm32f446xx.o(.text)
    TIM8_TRG_COM_TIM14_IRQHandler            0x0800032b   Thumb Code     0  startup_stm32f446xx.o(.text)
    TIM8_UP_TIM13_IRQHandler                 0x0800032b   Thumb Code     0  startup_stm32f446xx.o(.text)
    UART4_IRQHandler                         0x0800032b   Thumb Code     0  startup_stm32f446xx.o(.text)
    UART5_IRQHandler                         0x0800032b   Thumb Code     0  startup_stm32f446xx.o(.text)
    USART1_IRQHandler                        0x0800032b   Thumb Code     0  startup_stm32f446xx.o(.text)
    USART6_IRQHandler                        0x0800032b   Thumb Code     0  startup_stm32f446xx.o(.text)
    WWDG_IRQHandler                          0x0800032b   Thumb Code     0  startup_stm32f446xx.o(.text)
    __user_initial_stackheap                 0x0800032d   Thumb Code     0  startup_stm32f446xx.o(.text)
    __aeabi_uldivmod                         0x08000351   Thumb Code     0  lludivv7m.o(.text)
    _ll_udiv                                 0x08000351   Thumb Code   240  lludivv7m.o(.text)
    sprintf                                  0x08000441   Thumb Code    38  sprintf.o(.text)
    sscanf                                   0x0800046d   Thumb Code    52  sscanf.o(.text)
    strlen                                   0x080004a9   Thumb Code    62  strlen.o(.text)
    __aeabi_memcpy4                          0x080004e7   Thumb Code     0  rt_memcpy_w.o(.text)
    __aeabi_memcpy8                          0x080004e7   Thumb Code     0  rt_memcpy_w.o(.text)
    __rt_memcpy_w                            0x080004e7   Thumb Code   100  rt_memcpy_w.o(.text)
    _memcpy_lastbytes_aligned                0x0800052f   Thumb Code     0  rt_memcpy_w.o(.text)
    __use_two_region_memory                  0x0800054b   Thumb Code     2  heapauxi.o(.text)
    __rt_heap_escrow$2region                 0x0800054d   Thumb Code     2  heapauxi.o(.text)
    __rt_heap_expand$2region                 0x0800054f   Thumb Code     2  heapauxi.o(.text)
    _printf_pre_padding                      0x08000551   Thumb Code    44  _printf_pad.o(.text)
    _printf_post_padding                     0x0800057d   Thumb Code    34  _printf_pad.o(.text)
    _printf_truncate_signed                  0x0800059f   Thumb Code    18  _printf_truncate.o(.text)
    _printf_truncate_unsigned                0x080005b1   Thumb Code    18  _printf_truncate.o(.text)
    _printf_str                              0x080005c3   Thumb Code    82  _printf_str.o(.text)
    _printf_int_dec                          0x08000615   Thumb Code   104  _printf_dec.o(.text)
    _printf_charcount                        0x0800068d   Thumb Code    40  _printf_charcount.o(.text)
    _printf_char_common                      0x080006bf   Thumb Code    32  _printf_char_common.o(.text)
    _sputc                                   0x080006e5   Thumb Code    10  _sputc.o(.text)
    _printf_wctomb                           0x080006f1   Thumb Code   182  _printf_wctomb.o(.text)
    _printf_longlong_dec                     0x080007ad   Thumb Code   108  _printf_longlong_dec.o(.text)
    _printf_longlong_oct                     0x08000829   Thumb Code    68  _printf_oct_int_ll.o(.text)
    _printf_int_oct                          0x0800086d   Thumb Code    24  _printf_oct_int_ll.o(.text)
    _printf_ll_oct                           0x08000885   Thumb Code    12  _printf_oct_int_ll.o(.text)
    _printf_longlong_hex                     0x08000899   Thumb Code    86  _printf_hex_int_ll_ptr.o(.text)
    _printf_int_hex                          0x080008ef   Thumb Code    28  _printf_hex_int_ll_ptr.o(.text)
    _printf_ll_hex                           0x0800090b   Thumb Code    12  _printf_hex_int_ll_ptr.o(.text)
    _printf_hex_ptr                          0x08000917   Thumb Code    18  _printf_hex_int_ll_ptr.o(.text)
    __printf                                 0x0800092d   Thumb Code   388  __printf_flags_ss_wp.o(.text)
    _scanf_longlong                          0x08000ab5   Thumb Code   342  _scanf_longlong.o(.text)
    _scanf_int                               0x08000c0b   Thumb Code   332  _scanf_int.o(.text)
    _scanf_string                            0x08000d57   Thumb Code   224  _scanf_str.o(.text)
    __vfscanf_char                           0x08000e45   Thumb Code    24  scanf_char.o(.text)
    _sgetc                                   0x08000e65   Thumb Code    30  _sgetc.o(.text)
    _sbackspace                              0x08000e83   Thumb Code    34  _sgetc.o(.text)
    _scanf_mbtowc                            0x08000ea5   Thumb Code   276  _scanf_mbtowc.o(.text)
    _scanf_wctomb                            0x08000fb9   Thumb Code   232  _scanf_wctomb.o(.text)
    _scanf_wstring                           0x080010a1   Thumb Code   208  _scanf_wstr.o(.text)
    _ll_udiv10                               0x08001171   Thumb Code   138  lludiv10.o(.text)
    isspace                                  0x080011fb   Thumb Code    18  isspace.o(.text)
    _printf_int_common                       0x0800120d   Thumb Code   178  _printf_intcommon.o(.text)
    _printf_fp_dec_real                      0x0800146f   Thumb Code   620  _printf_fp_dec.o(.text)
    _printf_fp_hex_real                      0x080016dd   Thumb Code   756  _printf_fp_hex.o(.text)
    _printf_cs_common                        0x080019d9   Thumb Code    20  _printf_char.o(.text)
    _printf_char                             0x080019ed   Thumb Code    16  _printf_char.o(.text)
    _printf_string                           0x080019fd   Thumb Code     8  _printf_char.o(.text)
    _printf_lcs_common                       0x08001a05   Thumb Code    20  _printf_wchar.o(.text)
    _printf_wchar                            0x08001a19   Thumb Code    16  _printf_wchar.o(.text)
    _printf_wstring                          0x08001a29   Thumb Code     8  _printf_wchar.o(.text)
    _chval                                   0x08001a31   Thumb Code    28  _chval.o(.text)
    __vfscanf                                0x08001a4d   Thumb Code   878  _scanf.o(.text)
    _scanf_really_real                       0x0800200d   Thumb Code   684  scanf_fp.o(.text)
    _scanf_wcharmap                          0x080022b9   Thumb Code    30  _scanf_wcharmap.o(.text)
    _mbrtoc16                                0x080022d7   Thumb Code    64  _mbrtoc16.o(.text)
    _mbrtowc                                 0x080022d7   Thumb Code     0  _mbrtoc16.o(.text)
    _c16rtomb                                0x08002317   Thumb Code    72  _c16rtomb.o(.text)
    _wcrtomb                                 0x08002317   Thumb Code     0  _c16rtomb.o(.text)
    __user_setup_stackheap                   0x0800235f   Thumb Code    74  sys_stackheap_outer.o(.text)
    __rt_ctype_table                         0x080023a9   Thumb Code    16  rt_ctype_table.o(.text)
    __rt_locale                              0x080023b9   Thumb Code     8  rt_locale_intlibspace.o(.text)
    __aeabi_errno_addr                       0x080023c1   Thumb Code     8  rt_errno_addr_intlibspace.o(.text)
    __errno$intlibspace                      0x080023c1   Thumb Code     0  rt_errno_addr_intlibspace.o(.text)
    __rt_errno_addr$intlibspace              0x080023c1   Thumb Code     0  rt_errno_addr_intlibspace.o(.text)
    __aeabi_llsl                             0x080023c9   Thumb Code     0  llshl.o(.text)
    _ll_shift_l                              0x080023c9   Thumb Code    38  llshl.o(.text)
    _printf_fp_infnan                        0x080023f1   Thumb Code   112  _printf_fp_infnan.o(.text)
    _btod_etento                             0x08002471   Thumb Code   224  bigflt0.o(.text)
    exit                                     0x08002555   Thumb Code    18  exit.o(.text)
    __user_libspace                          0x08002569   Thumb Code     8  libspace.o(.text)
    __user_perproc_libspace                  0x08002569   Thumb Code     0  libspace.o(.text)
    __user_perthread_libspace                0x08002569   Thumb Code     0  libspace.o(.text)
    __read_errno                             0x08002571   Thumb Code    10  _rserrno.o(.text)
    __set_errno                              0x0800257b   Thumb Code    12  _rserrno.o(.text)
    _scanf_really_hex_real                   0x08002589   Thumb Code   786  scanf_hexfp.o(.text)
    _scanf_really_infnan                     0x080028a9   Thumb Code   292  scanf_infnan.o(.text)
    strcmp                                   0x080029e1   Thumb Code   124  strcmpv7em.o(.text)
    _sys_exit                                0x08002a5d   Thumb Code     8  sys_exit.o(.text)
    __I$use$semihosting                      0x08002a69   Thumb Code     0  use_no_semi.o(.text)
    __use_no_semihosting_swi                 0x08002a69   Thumb Code     2  use_no_semi.o(.text)
    __semihosting_library_function           0x08002a6b   Thumb Code     0  indicate_semi.o(.text)
    DACInit                                  0x08002a6d   Thumb Code    30  dac.o(.text.DACInit)
    DelayMs                                  0x08002a8d   Thumb Code   128  main.o(.text.DelayMs)
    ExecCmd                                  0x08002b11   Thumb Code   496  main.o(.text.ExecCmd)
    I2CInit                                  0x08002d01   Thumb Code   208  i2c.o(.text.I2CInit)
    I2CRead                                  0x08002dd1   Thumb Code   642  i2c.o(.text.I2CRead)
    I2CWrite                                 0x08003055   Thumb Code   250  i2c.o(.text.I2CWrite)
    InitUSART3                               0x08003151   Thumb Code   190  esp_usart3.o(.text.InitUSART3)
    LCDSendCmd                               0x08003211   Thumb Code    94  lcd.o(.text.LCDSendCmd)
    LCDSendData                              0x08003271   Thumb Code    94  lcd.o(.text.LCDSendData)
    LL_RCC_GetSystemClocksFreq               0x08003f4d   Thumb Code    54  stm32f4xx_ll_rcc.o(.text.LL_RCC_GetSystemClocksFreq)
    LL_USART_Init                            0x080042d1   Thumb Code   282  stm32f4xx_ll_usart.o(.text.LL_USART_Init)
    RCC_GetHCLKClockFreq                     0x0800469d   Thumb Code    38  stm32f4xx_ll_rcc.o(.text.RCC_GetHCLKClockFreq)
    RCC_GetPCLK1ClockFreq                    0x080046c5   Thumb Code    36  stm32f4xx_ll_rcc.o(.text.RCC_GetPCLK1ClockFreq)
    RCC_GetPCLK2ClockFreq                    0x080046e9   Thumb Code    36  stm32f4xx_ll_rcc.o(.text.RCC_GetPCLK2ClockFreq)
    RCC_GetSystemClockFreq                   0x0800470d   Thumb Code   102  stm32f4xx_ll_rcc.o(.text.RCC_GetSystemClockFreq)
    RCC_PLL_GetFreqDomain_SYS                0x08004775   Thumb Code   190  stm32f4xx_ll_rcc.o(.text.RCC_PLL_GetFreqDomain_SYS)
    Start_ESP_Wifi                           0x08004835   Thumb Code   116  esp_usart3.o(.text.Start_ESP_Wifi)
    StepOut                                  0x080048a9   Thumb Code    24  stepper.o(.text.StepOut)
    StepperInit                              0x080048c1   Thumb Code   142  stepper.o(.text.StepperInit)
    SysTickInit                              0x08004951   Thumb Code    30  stepper.o(.text.SysTickInit)
    SysTick_Handler                          0x08004971   Thumb Code   314  stepper.o(.text.SysTick_Handler)
    SystemInit                               0x08004aad   Thumb Code    18  system_stm32f4xx.o(.text.SystemInit)
    TIM3InitPWM                              0x08004ac1   Thumb Code   376  tim3_pwm.o(.text.TIM3InitPWM)
    TIM3RGB                                  0x08004c39   Thumb Code   182  tim3_pwm.o(.text.TIM3RGB)
    TIM3Servo                                0x08004cf1   Thumb Code    56  tim3_pwm.o(.text.TIM3Servo)
    TempRead                                 0x08004d29   Thumb Code   108  temperatur.o(.text.TempRead)
    TempSetRes                               0x08004d95   Thumb Code    34  temperatur.o(.text.TempSetRes)
    USART2Init                               0x08004db9   Thumb Code   168  usart2.o(.text.USART2Init)
    USART2WriteChar                          0x08004e61   Thumb Code    48  usart2.o(.text.USART2WriteChar)
    USART2WriteString                        0x08004e91   Thumb Code    56  usart2.o(.text.USART2WriteString)
    USART2_IRQHandler                        0x08004ec9   Thumb Code   114  usart2.o(.text.USART2_IRQHandler)
    USART3_IRQHandler                        0x08004f3d   Thumb Code   218  esp_usart3.o(.text.USART3_IRQHandler)
    WriteCharUSART3                          0x08005019   Thumb Code    48  esp_usart3.o(.text.WriteCharUSART3)
    WriteStringUSART3                        0x08005049   Thumb Code    34  esp_usart3.o(.text.WriteStringUSART3)
    main                                     0x080050cd   Thumb Code    78  main.o(.text.main)
    _btod_d2e                                0x0800511b   Thumb Code    62  btod.o(CL$$btod_d2e)
    _d2e_denorm_low                          0x08005159   Thumb Code    70  btod.o(CL$$btod_d2e_denorm_low)
    _d2e_norm_op1                            0x0800519f   Thumb Code    96  btod.o(CL$$btod_d2e_norm_op1)
    __btod_div_common                        0x08005201   Thumb Code   696  btod.o(CL$$btod_div_common)
    _e2d                                     0x08005539   Thumb Code   122  btod.o(CL$$btod_e2d)
    _e2e                                     0x080055bd   Thumb Code   220  btod.o(CL$$btod_e2e)
    _btod_ediv                               0x08005699   Thumb Code    42  btod.o(CL$$btod_ediv)
    _btod_edivd                              0x080056c3   Thumb Code    42  btod.o(CL$$btod_edivd)
    _btod_emul                               0x080056ed   Thumb Code    42  btod.o(CL$$btod_emul)
    _btod_emuld                              0x08005717   Thumb Code    42  btod.o(CL$$btod_emuld)
    __btod_mult_common                       0x08005741   Thumb Code   580  btod.o(CL$$btod_mult_common)
    __ARM_fpclassify                         0x08005985   Thumb Code    48  fpclassify.o(i.__ARM_fpclassify)
    __hardfp___mathlib_tofloat               0x080059b9   Thumb Code   232  narrow.o(i.__hardfp___mathlib_tofloat)
    __hardfp_ldexp                           0x08005ab1   Thumb Code   200  ldexp.o(i.__hardfp_ldexp)
    __mathlib_dbl_overflow                   0x08005b81   Thumb Code    24  dunder.o(i.__mathlib_dbl_overflow)
    __mathlib_dbl_underflow                  0x08005ba1   Thumb Code    24  dunder.o(i.__mathlib_dbl_underflow)
    __mathlib_narrow                         0x08005bc1   Thumb Code    18  narrow.o(i.__mathlib_narrow)
    __support_ldexp                          0x08005bd3   Thumb Code    20  ldexp.o(i.__support_ldexp)
    _is_digit                                0x08005be7   Thumb Code    14  __printf_wp.o(i._is_digit)
    frexp                                    0x08005bf9   Thumb Code   118  frexp.o(i.frexp)
    _get_lc_numeric                          0x08005c85   Thumb Code    44  lc_numeric_c.o(locale$$code)
    _get_lc_ctype                            0x08005cb1   Thumb Code    44  lc_ctype_c.o(locale$$code)
    __aeabi_d2f                              0x08005cdd   Thumb Code     0  d2f.o(x$fpl$d2f)
    _d2f                                     0x08005cdd   Thumb Code    98  d2f.o(x$fpl$d2f)
    __fpl_dcheck_NaN1                        0x08005d41   Thumb Code    10  dcheck1.o(x$fpl$dcheck1)
    __fpl_dcmp_Inf                           0x08005d51   Thumb Code    24  dcmpi.o(x$fpl$dcmpinf)
    __aeabi_ddiv                             0x08005d69   Thumb Code     0  ddiv.o(x$fpl$ddiv)
    _ddiv                                    0x08005d69   Thumb Code   556  ddiv.o(x$fpl$ddiv)
    __aeabi_cdcmpeq                          0x0800601d   Thumb Code     0  deqf.o(x$fpl$deqf)
    _dcmpeq                                  0x0800601d   Thumb Code   120  deqf.o(x$fpl$deqf)
    __aeabi_i2d                              0x08006095   Thumb Code     0  dflt_clz.o(x$fpl$dflt)
    _dflt                                    0x08006095   Thumb Code    46  dflt_clz.o(x$fpl$dflt)
    __aeabi_cdcmple                          0x080060c5   Thumb Code     0  dleqf.o(x$fpl$dleqf)
    _dcmple                                  0x080060c5   Thumb Code   120  dleqf.o(x$fpl$dleqf)
    __fpl_dcmple_InfNaN                      0x08006127   Thumb Code     0  dleqf.o(x$fpl$dleqf)
    __aeabi_dmul                             0x0800613d   Thumb Code     0  dmul.o(x$fpl$dmul)
    _dmul                                    0x0800613d   Thumb Code   332  dmul.o(x$fpl$dmul)
    __fpl_dnaninf                            0x08006291   Thumb Code   156  dnaninf.o(x$fpl$dnaninf)
    __fpl_dretinf                            0x0800632d   Thumb Code    12  dretinf.o(x$fpl$dretinf)
    __aeabi_cdrcmple                         0x08006339   Thumb Code     0  drleqf.o(x$fpl$drleqf)
    _drcmple                                 0x08006339   Thumb Code   108  drleqf.o(x$fpl$drleqf)
    _fp_init                                 0x080063a5   Thumb Code    26  fpinit.o(x$fpl$fpinit)
    __fplib_config_fpu_vfp                   0x080063bd   Thumb Code     0  fpinit.o(x$fpl$fpinit)
    __fplib_config_pureend_doubles           0x080063bd   Thumb Code     0  fpinit.o(x$fpl$fpinit)
    __fpl_fretinf                            0x080063bf   Thumb Code    10  fretinf.o(x$fpl$fretinf)
    __ieee_status                            0x080063c9   Thumb Code     6  istatus.o(x$fpl$ieeestatus)
    _printf_fp_dec                           0x080063cf   Thumb Code     4  printf1.o(x$fpl$printf1)
    _printf_fp_hex                           0x080063d3   Thumb Code     4  printf2.o(x$fpl$printf2)
    __fpl_return_NaN                         0x080063d7   Thumb Code   100  retnan.o(x$fpl$retnan)
    __ARM_scalbn                             0x0800643b   Thumb Code    92  scalbn.o(x$fpl$scalbn)
    _scanf_real                              0x08006497   Thumb Code     4  scanf1.o(x$fpl$scanf1)
    _scanf_hex_real                          0x0800649b   Thumb Code     4  scanf2.o(x$fpl$scanf2)
    _scanf_infnan                            0x0800649f   Thumb Code     4  scanf2.o(x$fpl$scanf2)
    __fpl_cmpreturn                          0x080064a3   Thumb Code    48  trapv.o(x$fpl$trapveneer)
    __I$use$fp                               0x080064d2   Number         0  usenofp.o(x$fpl$usenofp)
    AHBPrescTable                            0x080067d0   Data          16  system_stm32f4xx.o(.rodata.AHBPrescTable)
    APBPrescTable                            0x080067e0   Data           8  system_stm32f4xx.o(.rodata.APBPrescTable)
    Region$$Table$$Base                      0x08006870   Number         0  anon$$obj.o(Region$$Table)
    Region$$Table$$Limit                     0x08006890   Number         0  anon$$obj.o(Region$$Table)
    __aeabi_HUGE_VAL                         0x08006890   Data           0  fpconst.o(c$$dinf)
    __aeabi_HUGE_VALL                        0x08006890   Data           0  fpconst.o(c$$dinf)
    __aeabi_INFINITY                         0x08006890   Data           0  fpconst.o(c$$dinf)
    __dInf                                   0x08006890   Data           0  fpconst.o(c$$dinf)
    __huge_val                               0x08006890   Data           0  fpconst.o(c$$dinf)
    __dbl_max                                0x08006898   Data           0  fpconst.o(c$$dmax)
    __ctype                                  0x080068c9   Data           0  lc_ctype_c.o(locale$$data)
    SystemCoreClock                          0x20000000   Data           4  system_stm32f4xx.o(.data.SystemCoreClock)
    a                                        0x20000004   Data           4  main.o(.data.a)
    __libspace_start                         0x20000008   Data          96  libspace.o(.bss)
    AktPos                                   0x20000068   Data           4  stepper.o(.bss.AktPos)
    __temporary_stack_top$libspace           0x20000068   Data           0  libspace.o(.bss)
    BufferPosESP                             0x2000006c   Data           4  esp_usart3.o(.bss.BufferPosESP)
    CmdFlagESP                               0x20000070   Data           4  esp_usart3.o(.bss.CmdFlagESP)
    ESPFertig                                0x20000074   Data           4  esp_usart3.o(.bss.ESPFertig)
    InputBufferESP                           0x20000078   Data         100  esp_usart3.o(.bss.InputBufferESP)
    StepDir                                  0x200000dc   Data           4  stepper.o(.bss.StepDir)
    Ticks                                    0x200000e0   Data           4  stepper.o(.bss.Ticks)
    TicksGlobal                              0x200000e4   Data           4  stepper.o(.bss.TicksGlobal)
    USART2CmdFlag                            0x200000e8   Data           4  usart2.o(.bss.USART2CmdFlag)
    USART2InputBuffer                        0x200000ec   Data          64  usart2.o(.bss.USART2InputBuffer)
    ZielPos                                  0x2000012c   Data           4  stepper.o(.bss.ZielPos)
    d                                        0x20000130   Data           4  main.o(.bss.d)



==============================================================================

Memory Map of the image

  Image Entry point : 0x08000311

  Load Region LR_1 (Base: 0x08000000, Size: 0x000069d4, Max: 0xffffffff, ABSOLUTE)

    Execution Region ER_RO (Exec base: 0x08000000, Load base: 0x08000000, Size: 0x000069cc, Max: 0xffffffff, ABSOLUTE)

    Exec Addr    Load Addr    Size         Type   Attr      Idx    E Section Name        Object

    0x08000000   0x08000000   0x000001c4   Data   RO          895    RESET               startup_stm32f446xx.o
    0x080001c4   0x080001c4   0x00000008   Code   RO          928  * !!!main             c_w.l(__main.o)
    0x080001cc   0x080001cc   0x00000034   Code   RO         1411    !!!scatter          c_w.l(__scatter.o)
    0x08000200   0x08000200   0x0000001a   Code   RO         1413    !!handler_copy      c_w.l(__scatter_copy.o)
    0x0800021a   0x0800021a   0x00000002   PAD
    0x0800021c   0x0800021c   0x0000001c   Code   RO         1415    !!handler_zi        c_w.l(__scatter_zi.o)
    0x08000238   0x08000238   0x00000000   Code   RO         1026    .ARM.Collect$$_printf_percent$$00000000  c_w.l(_printf_percent.o)
    0x08000238   0x08000238   0x00000006   Code   RO         1015    .ARM.Collect$$_printf_percent$$00000001  c_w.l(_printf_n.o)
    0x0800023e   0x0800023e   0x00000006   Code   RO         1017    .ARM.Collect$$_printf_percent$$00000002  c_w.l(_printf_p.o)
    0x08000244   0x08000244   0x00000006   Code   RO         1022    .ARM.Collect$$_printf_percent$$00000003  c_w.l(_printf_f.o)
    0x0800024a   0x0800024a   0x00000006   Code   RO         1023    .ARM.Collect$$_printf_percent$$00000004  c_w.l(_printf_e.o)
    0x08000250   0x08000250   0x00000006   Code   RO         1024    .ARM.Collect$$_printf_percent$$00000005  c_w.l(_printf_g.o)
    0x08000256   0x08000256   0x00000006   Code   RO         1025    .ARM.Collect$$_printf_percent$$00000006  c_w.l(_printf_a.o)
    0x0800025c   0x0800025c   0x0000000a   Code   RO         1030    .ARM.Collect$$_printf_percent$$00000007  c_w.l(_printf_ll.o)
    0x08000266   0x08000266   0x00000006   Code   RO         1019    .ARM.Collect$$_printf_percent$$00000008  c_w.l(_printf_i.o)
    0x0800026c   0x0800026c   0x00000006   Code   RO         1020    .ARM.Collect$$_printf_percent$$00000009  c_w.l(_printf_d.o)
    0x08000272   0x08000272   0x00000006   Code   RO         1021    .ARM.Collect$$_printf_percent$$0000000A  c_w.l(_printf_u.o)
    0x08000278   0x08000278   0x00000006   Code   RO         1018    .ARM.Collect$$_printf_percent$$0000000B  c_w.l(_printf_o.o)
    0x0800027e   0x0800027e   0x00000006   Code   RO         1016    .ARM.Collect$$_printf_percent$$0000000C  c_w.l(_printf_x.o)
    0x08000284   0x08000284   0x00000006   Code   RO         1027    .ARM.Collect$$_printf_percent$$0000000D  c_w.l(_printf_lli.o)
    0x0800028a   0x0800028a   0x00000006   Code   RO         1028    .ARM.Collect$$_printf_percent$$0000000E  c_w.l(_printf_lld.o)
    0x08000290   0x08000290   0x00000006   Code   RO         1029    .ARM.Collect$$_printf_percent$$0000000F  c_w.l(_printf_llu.o)
    0x08000296   0x08000296   0x00000006   Code   RO         1034    .ARM.Collect$$_printf_percent$$00000010  c_w.l(_printf_llo.o)
    0x0800029c   0x0800029c   0x00000006   Code   RO         1035    .ARM.Collect$$_printf_percent$$00000011  c_w.l(_printf_llx.o)
    0x080002a2   0x080002a2   0x0000000a   Code   RO         1031    .ARM.Collect$$_printf_percent$$00000012  c_w.l(_printf_l.o)
    0x080002ac   0x080002ac   0x00000006   Code   RO         1013    .ARM.Collect$$_printf_percent$$00000013  c_w.l(_printf_c.o)
    0x080002b2   0x080002b2   0x00000006   Code   RO         1014    .ARM.Collect$$_printf_percent$$00000014  c_w.l(_printf_s.o)
    0x080002b8   0x080002b8   0x00000006   Code   RO         1032    .ARM.Collect$$_printf_percent$$00000015  c_w.l(_printf_lc.o)
    0x080002be   0x080002be   0x00000006   Code   RO         1033    .ARM.Collect$$_printf_percent$$00000016  c_w.l(_printf_ls.o)
    0x080002c4   0x080002c4   0x00000004   Code   RO         1103    .ARM.Collect$$_printf_percent$$00000017  c_w.l(_printf_percent_end.o)
    0x080002c8   0x080002c8   0x00000002   Code   RO         1180    .ARM.Collect$$libinit$$00000000  c_w.l(libinit.o)
    0x080002ca   0x080002ca   0x00000004   Code   RO         1227    .ARM.Collect$$libinit$$00000001  c_w.l(libinit2.o)
    0x080002ce   0x080002ce   0x00000000   Code   RO         1230    .ARM.Collect$$libinit$$00000004  c_w.l(libinit2.o)
    0x080002ce   0x080002ce   0x00000000   Code   RO         1232    .ARM.Collect$$libinit$$00000006  c_w.l(libinit2.o)
    0x080002ce   0x080002ce   0x00000000   Code   RO         1235    .ARM.Collect$$libinit$$0000000C  c_w.l(libinit2.o)
    0x080002ce   0x080002ce   0x00000000   Code   RO         1237    .ARM.Collect$$libinit$$0000000E  c_w.l(libinit2.o)
    0x080002ce   0x080002ce   0x00000000   Code   RO         1239    .ARM.Collect$$libinit$$00000010  c_w.l(libinit2.o)
    0x080002ce   0x080002ce   0x00000006   Code   RO         1240    .ARM.Collect$$libinit$$00000011  c_w.l(libinit2.o)
    0x080002d4   0x080002d4   0x00000000   Code   RO         1242    .ARM.Collect$$libinit$$00000013  c_w.l(libinit2.o)
    0x080002d4   0x080002d4   0x0000000c   Code   RO         1243    .ARM.Collect$$libinit$$00000014  c_w.l(libinit2.o)
    0x080002e0   0x080002e0   0x00000000   Code   RO         1244    .ARM.Collect$$libinit$$00000015  c_w.l(libinit2.o)
    0x080002e0   0x080002e0   0x00000000   Code   RO         1246    .ARM.Collect$$libinit$$00000017  c_w.l(libinit2.o)
    0x080002e0   0x080002e0   0x0000000a   Code   RO         1247    .ARM.Collect$$libinit$$00000018  c_w.l(libinit2.o)
    0x080002ea   0x080002ea   0x00000000   Code   RO         1248    .ARM.Collect$$libinit$$00000019  c_w.l(libinit2.o)
    0x080002ea   0x080002ea   0x00000000   Code   RO         1250    .ARM.Collect$$libinit$$0000001B  c_w.l(libinit2.o)
    0x080002ea   0x080002ea   0x00000000   Code   RO         1252    .ARM.Collect$$libinit$$0000001D  c_w.l(libinit2.o)
    0x080002ea   0x080002ea   0x00000000   Code   RO         1254    .ARM.Collect$$libinit$$0000001F  c_w.l(libinit2.o)
    0x080002ea   0x080002ea   0x00000000   Code   RO         1256    .ARM.Collect$$libinit$$00000021  c_w.l(libinit2.o)
    0x080002ea   0x080002ea   0x00000000   Code   RO         1258    .ARM.Collect$$libinit$$00000023  c_w.l(libinit2.o)
    0x080002ea   0x080002ea   0x00000000   Code   RO         1260    .ARM.Collect$$libinit$$00000025  c_w.l(libinit2.o)
    0x080002ea   0x080002ea   0x00000000   Code   RO         1262    .ARM.Collect$$libinit$$00000027  c_w.l(libinit2.o)
    0x080002ea   0x080002ea   0x00000000   Code   RO         1266    .ARM.Collect$$libinit$$0000002E  c_w.l(libinit2.o)
    0x080002ea   0x080002ea   0x00000000   Code   RO         1268    .ARM.Collect$$libinit$$00000030  c_w.l(libinit2.o)
    0x080002ea   0x080002ea   0x00000000   Code   RO         1270    .ARM.Collect$$libinit$$00000032  c_w.l(libinit2.o)
    0x080002ea   0x080002ea   0x00000000   Code   RO         1272    .ARM.Collect$$libinit$$00000034  c_w.l(libinit2.o)
    0x080002ea   0x080002ea   0x00000002   Code   RO         1273    .ARM.Collect$$libinit$$00000035  c_w.l(libinit2.o)
    0x080002ec   0x080002ec   0x00000002   Code   RO         1338    .ARM.Collect$$libshutdown$$00000000  c_w.l(libshutdown.o)
    0x080002ee   0x080002ee   0x00000000   Code   RO         1382    .ARM.Collect$$libshutdown$$00000002  c_w.l(libshutdown2.o)
    0x080002ee   0x080002ee   0x00000000   Code   RO         1384    .ARM.Collect$$libshutdown$$00000004  c_w.l(libshutdown2.o)
    0x080002ee   0x080002ee   0x00000000   Code   RO         1387    .ARM.Collect$$libshutdown$$00000007  c_w.l(libshutdown2.o)
    0x080002ee   0x080002ee   0x00000000   Code   RO         1390    .ARM.Collect$$libshutdown$$0000000A  c_w.l(libshutdown2.o)
    0x080002ee   0x080002ee   0x00000000   Code   RO         1392    .ARM.Collect$$libshutdown$$0000000C  c_w.l(libshutdown2.o)
    0x080002ee   0x080002ee   0x00000000   Code   RO         1395    .ARM.Collect$$libshutdown$$0000000F  c_w.l(libshutdown2.o)
    0x080002ee   0x080002ee   0x00000002   Code   RO         1396    .ARM.Collect$$libshutdown$$00000010  c_w.l(libshutdown2.o)
    0x080002f0   0x080002f0   0x00000000   Code   RO          940    .ARM.Collect$$rtentry$$00000000  c_w.l(__rtentry.o)
    0x080002f0   0x080002f0   0x00000000   Code   RO         1068    .ARM.Collect$$rtentry$$00000002  c_w.l(__rtentry2.o)
    0x080002f0   0x080002f0   0x00000006   Code   RO         1080    .ARM.Collect$$rtentry$$00000004  c_w.l(__rtentry4.o)
    0x080002f6   0x080002f6   0x00000000   Code   RO         1070    .ARM.Collect$$rtentry$$00000009  c_w.l(__rtentry2.o)
    0x080002f6   0x080002f6   0x00000004   Code   RO         1071    .ARM.Collect$$rtentry$$0000000A  c_w.l(__rtentry2.o)
    0x080002fa   0x080002fa   0x00000000   Code   RO         1073    .ARM.Collect$$rtentry$$0000000C  c_w.l(__rtentry2.o)
    0x080002fa   0x080002fa   0x00000008   Code   RO         1074    .ARM.Collect$$rtentry$$0000000D  c_w.l(__rtentry2.o)
    0x08000302   0x08000302   0x00000002   Code   RO         1206    .ARM.Collect$$rtexit$$00000000  c_w.l(rtexit.o)
    0x08000304   0x08000304   0x00000000   Code   RO         1291    .ARM.Collect$$rtexit$$00000002  c_w.l(rtexit2.o)
    0x08000304   0x08000304   0x00000004   Code   RO         1292    .ARM.Collect$$rtexit$$00000003  c_w.l(rtexit2.o)
    0x08000308   0x08000308   0x00000006   Code   RO         1293    .ARM.Collect$$rtexit$$00000004  c_w.l(rtexit2.o)
    0x0800030e   0x0800030e   0x00000002   PAD
    0x08000310   0x08000310   0x00000040   Code   RO          896  * .text               startup_stm32f446xx.o
    0x08000350   0x08000350   0x000000f0   Code   RO          916    .text               c_w.l(lludivv7m.o)
    0x08000440   0x08000440   0x0000002c   Code   RO          918    .text               c_w.l(sprintf.o)
    0x0800046c   0x0800046c   0x0000003c   Code   RO          920    .text               c_w.l(sscanf.o)
    0x080004a8   0x080004a8   0x0000003e   Code   RO          922    .text               c_w.l(strlen.o)
    0x080004e6   0x080004e6   0x00000064   Code   RO          924    .text               c_w.l(rt_memcpy_w.o)
    0x0800054a   0x0800054a   0x00000006   Code   RO          926    .text               c_w.l(heapauxi.o)
    0x08000550   0x08000550   0x0000004e   Code   RO          947    .text               c_w.l(_printf_pad.o)
    0x0800059e   0x0800059e   0x00000024   Code   RO          949    .text               c_w.l(_printf_truncate.o)
    0x080005c2   0x080005c2   0x00000052   Code   RO          951    .text               c_w.l(_printf_str.o)
    0x08000614   0x08000614   0x00000078   Code   RO          953    .text               c_w.l(_printf_dec.o)
    0x0800068c   0x0800068c   0x00000028   Code   RO          955    .text               c_w.l(_printf_charcount.o)
    0x080006b4   0x080006b4   0x00000030   Code   RO          957    .text               c_w.l(_printf_char_common.o)
    0x080006e4   0x080006e4   0x0000000a   Code   RO          959    .text               c_w.l(_sputc.o)
    0x080006ee   0x080006ee   0x00000002   PAD
    0x080006f0   0x080006f0   0x000000bc   Code   RO          961    .text               c_w.l(_printf_wctomb.o)
    0x080007ac   0x080007ac   0x0000007c   Code   RO          964    .text               c_w.l(_printf_longlong_dec.o)
    0x08000828   0x08000828   0x00000070   Code   RO          970    .text               c_w.l(_printf_oct_int_ll.o)
    0x08000898   0x08000898   0x00000094   Code   RO          990    .text               c_w.l(_printf_hex_int_ll_ptr.o)
    0x0800092c   0x0800092c   0x00000188   Code   RO         1010    .text               c_w.l(__printf_flags_ss_wp.o)
    0x08000ab4   0x08000ab4   0x00000156   Code   RO         1036    .text               c_w.l(_scanf_longlong.o)
    0x08000c0a   0x08000c0a   0x0000014c   Code   RO         1038    .text               c_w.l(_scanf_int.o)
    0x08000d56   0x08000d56   0x000000e0   Code   RO         1040    .text               c_w.l(_scanf_str.o)
    0x08000e36   0x08000e36   0x00000002   PAD
    0x08000e38   0x08000e38   0x0000002c   Code   RO         1042    .text               c_w.l(scanf_char.o)
    0x08000e64   0x08000e64   0x00000040   Code   RO         1044    .text               c_w.l(_sgetc.o)
    0x08000ea4   0x08000ea4   0x00000114   Code   RO         1046    .text               c_w.l(_scanf_mbtowc.o)
    0x08000fb8   0x08000fb8   0x000000e8   Code   RO         1048    .text               c_w.l(_scanf_wctomb.o)
    0x080010a0   0x080010a0   0x000000d0   Code   RO         1050    .text               c_w.l(_scanf_wstr.o)
    0x08001170   0x08001170   0x0000008a   Code   RO         1084    .text               c_w.l(lludiv10.o)
    0x080011fa   0x080011fa   0x00000012   Code   RO         1086    .text               c_w.l(isspace.o)
    0x0800120c   0x0800120c   0x000000b2   Code   RO         1088    .text               c_w.l(_printf_intcommon.o)
    0x080012be   0x080012be   0x0000041c   Code   RO         1090    .text               c_w.l(_printf_fp_dec.o)
    0x080016da   0x080016da   0x00000002   PAD
    0x080016dc   0x080016dc   0x000002fc   Code   RO         1094    .text               c_w.l(_printf_fp_hex.o)
    0x080019d8   0x080019d8   0x0000002c   Code   RO         1099    .text               c_w.l(_printf_char.o)
    0x08001a04   0x08001a04   0x0000002c   Code   RO         1101    .text               c_w.l(_printf_wchar.o)
    0x08001a30   0x08001a30   0x0000001c   Code   RO         1104    .text               c_w.l(_chval.o)
    0x08001a4c   0x08001a4c   0x00000374   Code   RO         1106    .text               c_w.l(_scanf.o)
    0x08001dc0   0x08001dc0   0x000004f8   Code   RO         1108    .text               c_w.l(scanf_fp.o)
    0x080022b8   0x080022b8   0x0000001e   Code   RO         1112    .text               c_w.l(_scanf_wcharmap.o)
    0x080022d6   0x080022d6   0x00000040   Code   RO         1114    .text               c_w.l(_mbrtoc16.o)
    0x08002316   0x08002316   0x00000048   Code   RO         1116    .text               c_w.l(_c16rtomb.o)
    0x0800235e   0x0800235e   0x0000004a   Code   RO         1118    .text               c_w.l(sys_stackheap_outer.o)
    0x080023a8   0x080023a8   0x00000010   Code   RO         1120    .text               c_w.l(rt_ctype_table.o)
    0x080023b8   0x080023b8   0x00000008   Code   RO         1125    .text               c_w.l(rt_locale_intlibspace.o)
    0x080023c0   0x080023c0   0x00000008   Code   RO         1130    .text               c_w.l(rt_errno_addr_intlibspace.o)
    0x080023c8   0x080023c8   0x00000026   Code   RO         1132    .text               c_w.l(llshl.o)
    0x080023ee   0x080023ee   0x00000002   PAD
    0x080023f0   0x080023f0   0x00000080   Code   RO         1134    .text               c_w.l(_printf_fp_infnan.o)
    0x08002470   0x08002470   0x000000e4   Code   RO         1136    .text               c_w.l(bigflt0.o)
    0x08002554   0x08002554   0x00000012   Code   RO         1169    .text               c_w.l(exit.o)
    0x08002566   0x08002566   0x00000002   PAD
    0x08002568   0x08002568   0x00000008   Code   RO         1203    .text               c_w.l(libspace.o)
    0x08002570   0x08002570   0x00000016   Code   RO         1210    .text               c_w.l(_rserrno.o)
    0x08002586   0x08002586   0x00000002   PAD
    0x08002588   0x08002588   0x00000320   Code   RO         1212    .text               c_w.l(scanf_hexfp.o)
    0x080028a8   0x080028a8   0x00000134   Code   RO         1214    .text               c_w.l(scanf_infnan.o)
    0x080029dc   0x080029dc   0x00000004   PAD
    0x080029e0   0x080029e0   0x0000007c   Code   RO         1225    .text               c_w.l(strcmpv7em.o)
    0x08002a5c   0x08002a5c   0x0000000c   Code   RO         1286    .text               c_w.l(sys_exit.o)
    0x08002a68   0x08002a68   0x00000002   Code   RO         1327    .text               c_w.l(use_no_semi.o)
    0x08002a6a   0x08002a6a   0x00000000   Code   RO         1329    .text               c_w.l(indicate_semi.o)
    0x08002a6a   0x08002a6a   0x00000002   PAD
    0x08002a6c   0x08002a6c   0x0000001e   Code   RO           98    .text.DACInit       dac.o
    0x08002a8a   0x08002a8a   0x00000002   PAD
    0x08002a8c   0x08002a8c   0x00000080   Code   RO           45    .text.DelayMs       main.o
    0x08002b0c   0x08002b0c   0x00000004   PAD
    0x08002b10   0x08002b10   0x000001f0   Code   RO           61    .text.ExecCmd       main.o
    0x08002d00   0x08002d00   0x000000d0   Code   RO          238    .text.I2CInit       i2c.o
    0x08002dd0   0x08002dd0   0x00000282   Code   RO          288    .text.I2CRead       i2c.o
    0x08003052   0x08003052   0x00000002   PAD
    0x08003054   0x08003054   0x000000fa   Code   RO          266    .text.I2CWrite      i2c.o
    0x0800314e   0x0800314e   0x00000002   PAD
    0x08003150   0x08003150   0x000000be   Code   RO          399    .text.InitUSART3    esp_usart3.o
    0x0800320e   0x0800320e   0x00000002   PAD
    0x08003210   0x08003210   0x0000005e   Code   RO          303    .text.LCDSendCmd    lcd.o
    0x0800326e   0x0800326e   0x00000002   PAD
    0x08003270   0x08003270   0x0000005e   Code   RO          305    .text.LCDSendData   lcd.o
    0x080032ce   0x080032ce   0x00000002   PAD
    0x080032d0   0x080032d0   0x00000022   Code   RO          117    .text.LL_AHB1_GRP1_EnableClock  usart2.o
    0x080032f2   0x080032f2   0x00000002   PAD
    0x080032f4   0x080032f4   0x00000022   Code   RO          162    .text.LL_AHB1_GRP1_EnableClock  stepper.o
    0x08003316   0x08003316   0x00000002   PAD
    0x08003318   0x08003318   0x00000022   Code   RO          190    .text.LL_AHB1_GRP1_EnableClock  tim3_pwm.o
    0x0800333a   0x0800333a   0x00000002   PAD
    0x0800333c   0x0800333c   0x00000022   Code   RO          240    .text.LL_AHB1_GRP1_EnableClock  i2c.o
    0x0800335e   0x0800335e   0x00000002   PAD
    0x08003360   0x08003360   0x00000022   Code   RO          401    .text.LL_AHB1_GRP1_EnableClock  esp_usart3.o
    0x08003382   0x08003382   0x00000002   PAD
    0x08003384   0x08003384   0x00000022   Code   RO           47    .text.LL_APB1_GRP1_EnableClock  main.o
    0x080033a6   0x080033a6   0x00000002   PAD
    0x080033a8   0x080033a8   0x00000022   Code   RO          100    .text.LL_APB1_GRP1_EnableClock  dac.o
    0x080033ca   0x080033ca   0x00000002   PAD
    0x080033cc   0x080033cc   0x00000022   Code   RO          119    .text.LL_APB1_GRP1_EnableClock  usart2.o
    0x080033ee   0x080033ee   0x00000002   PAD
    0x080033f0   0x080033f0   0x00000022   Code   RO          192    .text.LL_APB1_GRP1_EnableClock  tim3_pwm.o
    0x08003412   0x08003412   0x00000002   PAD
    0x08003414   0x08003414   0x00000022   Code   RO          250    .text.LL_APB1_GRP1_EnableClock  i2c.o
    0x08003436   0x08003436   0x00000002   PAD
    0x08003438   0x08003438   0x00000022   Code   RO          409    .text.LL_APB1_GRP1_EnableClock  esp_usart3.o
    0x0800345a   0x0800345a   0x00000002   PAD
    0x0800345c   0x0800345c   0x00000018   Code   RO          252    .text.LL_APB1_GRP1_ForceReset  i2c.o
    0x08003474   0x08003474   0x00000018   Code   RO          254    .text.LL_APB1_GRP1_ReleaseReset  i2c.o
    0x0800348c   0x0800348c   0x0000001e   Code   RO          102    .text.LL_DAC_Enable  dac.o
    0x080034aa   0x080034aa   0x00000002   PAD
    0x080034ac   0x080034ac   0x0000007c   Code   RO          125    .text.LL_GPIO_SetAFPin_0_7  usart2.o
    0x08003528   0x08003528   0x0000007c   Code   RO          198    .text.LL_GPIO_SetAFPin_0_7  tim3_pwm.o
    0x080035a4   0x080035a4   0x00000080   Code   RO          200    .text.LL_GPIO_SetAFPin_8_15  tim3_pwm.o
    0x08003624   0x08003624   0x00000080   Code   RO          246    .text.LL_GPIO_SetAFPin_8_15  i2c.o
    0x080036a4   0x080036a4   0x00000080   Code   RO          407    .text.LL_GPIO_SetAFPin_8_15  esp_usart3.o
    0x08003724   0x08003724   0x0000007c   Code   RO          123    .text.LL_GPIO_SetPinMode  usart2.o
    0x080037a0   0x080037a0   0x0000007c   Code   RO          166    .text.LL_GPIO_SetPinMode  stepper.o
    0x0800381c   0x0800381c   0x0000007c   Code   RO          196    .text.LL_GPIO_SetPinMode  tim3_pwm.o
    0x08003898   0x08003898   0x0000007c   Code   RO          244    .text.LL_GPIO_SetPinMode  i2c.o
    0x08003914   0x08003914   0x0000007c   Code   RO          405    .text.LL_GPIO_SetPinMode  esp_usart3.o
    0x08003990   0x08003990   0x0000001e   Code   RO          248    .text.LL_GPIO_SetPinOutputType  i2c.o
    0x080039ae   0x080039ae   0x00000002   PAD
    0x080039b0   0x080039b0   0x0000007c   Code   RO          121    .text.LL_GPIO_SetPinSpeed  usart2.o
    0x08003a2c   0x08003a2c   0x0000007c   Code   RO          164    .text.LL_GPIO_SetPinSpeed  stepper.o
    0x08003aa8   0x08003aa8   0x0000007c   Code   RO          194    .text.LL_GPIO_SetPinSpeed  tim3_pwm.o
    0x08003b24   0x08003b24   0x0000007c   Code   RO          242    .text.LL_GPIO_SetPinSpeed  i2c.o
    0x08003ba0   0x08003ba0   0x0000007c   Code   RO          403    .text.LL_GPIO_SetPinSpeed  esp_usart3.o
    0x08003c1c   0x08003c1c   0x00000010   Code   RO          170    .text.LL_GPIO_WriteOutputPort  stepper.o
    0x08003c2c   0x08003c2c   0x0000001a   Code   RO          262    .text.LL_I2C_AcknowledgeNextData  i2c.o
    0x08003c46   0x08003c46   0x00000002   PAD
    0x08003c48   0x08003c48   0x00000018   Code   RO          280    .text.LL_I2C_ClearFlag_ADDR  i2c.o
    0x08003c60   0x08003c60   0x00000140   Code   RO          256    .text.LL_I2C_ConfigSpeed  i2c.o
    0x08003da0   0x08003da0   0x00000012   Code   RO          270    .text.LL_I2C_DisableBitPOS  i2c.o
    0x08003db2   0x08003db2   0x00000002   PAD
    0x08003db4   0x08003db4   0x00000012   Code   RO          264    .text.LL_I2C_Enable  i2c.o
    0x08003dc6   0x08003dc6   0x00000002   PAD
    0x08003dc8   0x08003dc8   0x00000012   Code   RO          290    .text.LL_I2C_EnableBitPOS  i2c.o
    0x08003dda   0x08003dda   0x00000002   PAD
    0x08003ddc   0x08003ddc   0x00000012   Code   RO          272    .text.LL_I2C_GenerateStartCondition  i2c.o
    0x08003dee   0x08003dee   0x00000002   PAD
    0x08003df0   0x08003df0   0x00000012   Code   RO          286    .text.LL_I2C_GenerateStopCondition  i2c.o
    0x08003e02   0x08003e02   0x00000002   PAD
    0x08003e04   0x08003e04   0x00000010   Code   RO          278    .text.LL_I2C_IsActiveFlag_ADDR  i2c.o
    0x08003e14   0x08003e14   0x00000010   Code   RO          284    .text.LL_I2C_IsActiveFlag_BTF  i2c.o
    0x08003e24   0x08003e24   0x00000010   Code   RO          268    .text.LL_I2C_IsActiveFlag_BUSY  i2c.o
    0x08003e34   0x08003e34   0x00000010   Code   RO          292    .text.LL_I2C_IsActiveFlag_RXNE  i2c.o
    0x08003e44   0x08003e44   0x00000010   Code   RO          274    .text.LL_I2C_IsActiveFlag_SB  i2c.o
    0x08003e54   0x08003e54   0x00000010   Code   RO          282    .text.LL_I2C_IsActiveFlag_TXE  i2c.o
    0x08003e64   0x08003e64   0x0000000e   Code   RO          294    .text.LL_I2C_ReceiveData8  i2c.o
    0x08003e72   0x08003e72   0x00000002   PAD
    0x08003e74   0x08003e74   0x0000001a   Code   RO          260    .text.LL_I2C_SetMode  i2c.o
    0x08003e8e   0x08003e8e   0x00000002   PAD
    0x08003e90   0x08003e90   0x00000022   Code   RO          258    .text.LL_I2C_SetOwnAddress1  i2c.o
    0x08003eb2   0x08003eb2   0x00000002   PAD
    0x08003eb4   0x08003eb4   0x0000001e   Code   RO          276    .text.LL_I2C_TransmitData8  i2c.o
    0x08003ed2   0x08003ed2   0x00000002   PAD
    0x08003ed4   0x08003ed4   0x00000036   Code   RO          156    .text.LL_InitTick   stepper.o
    0x08003f0a   0x08003f0a   0x00000002   PAD
    0x08003f0c   0x08003f0c   0x00000010   Code   RO          672    .text.LL_RCC_GetAHBPrescaler  stm32f4xx_ll_rcc.o
    0x08003f1c   0x08003f1c   0x00000010   Code   RO          674    .text.LL_RCC_GetAPB1Prescaler  stm32f4xx_ll_rcc.o
    0x08003f2c   0x08003f2c   0x00000010   Code   RO          676    .text.LL_RCC_GetAPB2Prescaler  stm32f4xx_ll_rcc.o
    0x08003f3c   0x08003f3c   0x00000010   Code   RO          668    .text.LL_RCC_GetSysClkSource  stm32f4xx_ll_rcc.o
    0x08003f4c   0x08003f4c   0x00000036   Code   RO          600    .text.LL_RCC_GetSystemClocksFreq  stm32f4xx_ll_rcc.o
    0x08003f82   0x08003f82   0x00000002   PAD
    0x08003f84   0x08003f84   0x00000010   Code   RO          678    .text.LL_RCC_PLL_GetDivider  stm32f4xx_ll_rcc.o
    0x08003f94   0x08003f94   0x00000010   Code   RO          624    .text.LL_RCC_PLL_GetMainSource  stm32f4xx_ll_rcc.o
    0x08003fa4   0x08003fa4   0x00000010   Code   RO          680    .text.LL_RCC_PLL_GetN  stm32f4xx_ll_rcc.o
    0x08003fb4   0x08003fb4   0x00000010   Code   RO          682    .text.LL_RCC_PLL_GetP  stm32f4xx_ll_rcc.o
    0x08003fc4   0x08003fc4   0x00000010   Code   RO          684    .text.LL_RCC_PLL_GetR  stm32f4xx_ll_rcc.o
    0x08003fd4   0x08003fd4   0x00000012   Code   RO          158    .text.LL_SYSTICK_EnableIT  stepper.o
    0x08003fe6   0x08003fe6   0x00000002   PAD
    0x08003fe8   0x08003fe8   0x00000014   Code   RO          208    .text.LL_TIM_CC_EnableChannel  tim3_pwm.o
    0x08003ffc   0x08003ffc   0x00000012   Code   RO           59    .text.LL_TIM_DisableCounter  main.o
    0x0800400e   0x0800400e   0x00000002   PAD
    0x08004010   0x08004010   0x00000012   Code   RO           55    .text.LL_TIM_EnableCounter  main.o
    0x08004022   0x08004022   0x00000002   PAD
    0x08004024   0x08004024   0x00000012   Code   RO          222    .text.LL_TIM_EnableCounter  tim3_pwm.o
    0x08004036   0x08004036   0x00000002   PAD
    0x08004038   0x08004038   0x0000000c   Code   RO           57    .text.LL_TIM_GetCounter  main.o
    0x08004044   0x08004044   0x00000010   Code   RO          214    .text.LL_TIM_OC_SetCompareCH1  tim3_pwm.o
    0x08004054   0x08004054   0x00000010   Code   RO          216    .text.LL_TIM_OC_SetCompareCH2  tim3_pwm.o
    0x08004064   0x08004064   0x00000010   Code   RO          218    .text.LL_TIM_OC_SetCompareCH3  tim3_pwm.o
    0x08004074   0x08004074   0x00000010   Code   RO          220    .text.LL_TIM_OC_SetCompareCH4  tim3_pwm.o
    0x08004084   0x08004084   0x000000ba   Code   RO          212    .text.LL_TIM_OC_SetMode  tim3_pwm.o
    0x0800413e   0x0800413e   0x00000002   PAD
    0x08004140   0x08004140   0x000000a4   Code   RO          210    .text.LL_TIM_OC_SetPolarity  tim3_pwm.o
    0x080041e4   0x080041e4   0x00000010   Code   RO           51    .text.LL_TIM_SetAutoReload  main.o
    0x080041f4   0x080041f4   0x00000010   Code   RO          204    .text.LL_TIM_SetAutoReload  tim3_pwm.o
    0x08004204   0x08004204   0x00000010   Code   RO           53    .text.LL_TIM_SetCounter  main.o
    0x08004214   0x08004214   0x0000001a   Code   RO          206    .text.LL_TIM_SetCounterMode  tim3_pwm.o
    0x0800422e   0x0800422e   0x00000002   PAD
    0x08004230   0x08004230   0x00000010   Code   RO           49    .text.LL_TIM_SetPrescaler  main.o
    0x08004240   0x08004240   0x00000010   Code   RO          202    .text.LL_TIM_SetPrescaler  tim3_pwm.o
    0x08004250   0x08004250   0x00000012   Code   RO          127    .text.LL_USART_Enable  usart2.o
    0x08004262   0x08004262   0x00000002   PAD
    0x08004264   0x08004264   0x00000012   Code   RO          423    .text.LL_USART_Enable  esp_usart3.o
    0x08004276   0x08004276   0x00000002   PAD
    0x08004278   0x08004278   0x0000002a   Code   RO          131    .text.LL_USART_EnableIT_RXNE  usart2.o
    0x080042a2   0x080042a2   0x00000002   PAD
    0x080042a4   0x080042a4   0x0000002a   Code   RO          425    .text.LL_USART_EnableIT_RXNE  esp_usart3.o
    0x080042ce   0x080042ce   0x00000002   PAD
    0x080042d0   0x080042d0   0x0000011a   Code   RO          804    .text.LL_USART_Init  stm32f4xx_ll_usart.o
    0x080043ea   0x080043ea   0x00000002   PAD
    0x080043ec   0x080043ec   0x00000010   Code   RO          135    .text.LL_USART_IsActiveFlag_TXE  usart2.o
    0x080043fc   0x080043fc   0x00000010   Code   RO          431    .text.LL_USART_IsActiveFlag_TXE  esp_usart3.o
    0x0800440c   0x0800440c   0x00000010   Code   RO          806    .text.LL_USART_IsEnabled  stm32f4xx_ll_usart.o
    0x0800441c   0x0800441c   0x0000000e   Code   RO          143    .text.LL_USART_ReceiveData8  usart2.o
    0x0800442a   0x0800442a   0x00000002   PAD
    0x0800442c   0x0800442c   0x0000000e   Code   RO          439    .text.LL_USART_ReceiveData8  esp_usart3.o
    0x0800443a   0x0800443a   0x00000002   PAD
    0x0800443c   0x0800443c   0x000000b0   Code   RO          411    .text.LL_USART_SetBaudRate  esp_usart3.o
    0x080044ec   0x080044ec   0x000000b0   Code   RO          812    .text.LL_USART_SetBaudRate  stm32f4xx_ll_usart.o
    0x0800459c   0x0800459c   0x0000001a   Code   RO          413    .text.LL_USART_SetDataWidth  esp_usart3.o
    0x080045b6   0x080045b6   0x00000002   PAD
    0x080045b8   0x080045b8   0x0000001a   Code   RO          421    .text.LL_USART_SetHWFlowCtrl  esp_usart3.o
    0x080045d2   0x080045d2   0x00000002   PAD
    0x080045d4   0x080045d4   0x0000001a   Code   RO          810    .text.LL_USART_SetHWFlowCtrl  stm32f4xx_ll_usart.o
    0x080045ee   0x080045ee   0x00000002   PAD
    0x080045f0   0x080045f0   0x0000001a   Code   RO          417    .text.LL_USART_SetParity  esp_usart3.o
    0x0800460a   0x0800460a   0x00000002   PAD
    0x0800460c   0x0800460c   0x0000001a   Code   RO          415    .text.LL_USART_SetStopBitsLength  esp_usart3.o
    0x08004626   0x08004626   0x00000002   PAD
    0x08004628   0x08004628   0x0000001a   Code   RO          808    .text.LL_USART_SetStopBitsLength  stm32f4xx_ll_usart.o
    0x08004642   0x08004642   0x00000002   PAD
    0x08004644   0x08004644   0x00000030   Code   RO          419    .text.LL_USART_SetTransferDirection  esp_usart3.o
    0x08004674   0x08004674   0x00000014   Code   RO          137    .text.LL_USART_TransmitData8  usart2.o
    0x08004688   0x08004688   0x00000014   Code   RO          433    .text.LL_USART_TransmitData8  esp_usart3.o
    0x0800469c   0x0800469c   0x00000026   Code   RO          604    .text.RCC_GetHCLKClockFreq  stm32f4xx_ll_rcc.o
    0x080046c2   0x080046c2   0x00000002   PAD
    0x080046c4   0x080046c4   0x00000024   Code   RO          606    .text.RCC_GetPCLK1ClockFreq  stm32f4xx_ll_rcc.o
    0x080046e8   0x080046e8   0x00000024   Code   RO          608    .text.RCC_GetPCLK2ClockFreq  stm32f4xx_ll_rcc.o
    0x0800470c   0x0800470c   0x00000066   Code   RO          602    .text.RCC_GetSystemClockFreq  stm32f4xx_ll_rcc.o
    0x08004772   0x08004772   0x00000002   PAD
    0x08004774   0x08004774   0x000000be   Code   RO          670    .text.RCC_PLL_GetFreqDomain_SYS  stm32f4xx_ll_rcc.o
    0x08004832   0x08004832   0x00000002   PAD
    0x08004834   0x08004834   0x00000074   Code   RO          441    .text.Start_ESP_Wifi  esp_usart3.o
    0x080048a8   0x080048a8   0x00000018   Code   RO          168    .text.StepOut       stepper.o
    0x080048c0   0x080048c0   0x0000008e   Code   RO          160    .text.StepperInit   stepper.o
    0x0800494e   0x0800494e   0x00000002   PAD
    0x08004950   0x08004950   0x0000001e   Code   RO          154    .text.SysTickInit   stepper.o
    0x0800496e   0x0800496e   0x00000002   PAD
    0x08004970   0x08004970   0x0000013a   Code   RO          172    .text.SysTick_Handler  stepper.o
    0x08004aaa   0x08004aaa   0x00000002   PAD
    0x08004aac   0x08004aac   0x00000012   Code   RO          901    .text.SystemInit    system_stm32f4xx.o
    0x08004abe   0x08004abe   0x00000002   PAD
    0x08004ac0   0x08004ac0   0x00000178   Code   RO          188    .text.TIM3InitPWM   tim3_pwm.o
    0x08004c38   0x08004c38   0x000000b6   Code   RO          226    .text.TIM3RGB       tim3_pwm.o
    0x08004cee   0x08004cee   0x00000002   PAD
    0x08004cf0   0x08004cf0   0x00000038   Code   RO          224    .text.TIM3Servo     tim3_pwm.o
    0x08004d28   0x08004d28   0x0000006c   Code   RO          320    .text.TempRead      temperatur.o
    0x08004d94   0x08004d94   0x00000022   Code   RO          322    .text.TempSetRes    temperatur.o
    0x08004db6   0x08004db6   0x00000002   PAD
    0x08004db8   0x08004db8   0x000000a8   Code   RO          115    .text.USART2Init    usart2.o
    0x08004e60   0x08004e60   0x00000030   Code   RO          133    .text.USART2WriteChar  usart2.o
    0x08004e90   0x08004e90   0x00000038   Code   RO          139    .text.USART2WriteString  usart2.o
    0x08004ec8   0x08004ec8   0x00000072   Code   RO          141    .text.USART2_IRQHandler  usart2.o
    0x08004f3a   0x08004f3a   0x00000002   PAD
    0x08004f3c   0x08004f3c   0x000000da   Code   RO          437    .text.USART3_IRQHandler  esp_usart3.o
    0x08005016   0x08005016   0x00000002   PAD
    0x08005018   0x08005018   0x00000030   Code   RO          429    .text.WriteCharUSART3  esp_usart3.o
    0x08005048   0x08005048   0x00000022   Code   RO          435    .text.WriteStringUSART3  esp_usart3.o
    0x0800506a   0x0800506a   0x00000002   PAD
    0x0800506c   0x0800506c   0x00000030   Code   RO          129    .text.__NVIC_EnableIRQ  usart2.o
    0x0800509c   0x0800509c   0x00000030   Code   RO          427    .text.__NVIC_EnableIRQ  esp_usart3.o
    0x080050cc   0x080050cc   0x0000004e   Code   RO           63    .text.main          main.o
    0x0800511a   0x0800511a   0x0000003e   Code   RO         1139    CL$$btod_d2e        c_w.l(btod.o)
    0x08005158   0x08005158   0x00000046   Code   RO         1141    CL$$btod_d2e_denorm_low  c_w.l(btod.o)
    0x0800519e   0x0800519e   0x00000060   Code   RO         1140    CL$$btod_d2e_norm_op1  c_w.l(btod.o)
    0x080051fe   0x080051fe   0x00000002   PAD
    0x08005200   0x08005200   0x00000338   Code   RO         1149    CL$$btod_div_common  c_w.l(btod.o)
    0x08005538   0x08005538   0x00000084   Code   RO         1147    CL$$btod_e2d        c_w.l(btod.o)
    0x080055bc   0x080055bc   0x000000dc   Code   RO         1146    CL$$btod_e2e        c_w.l(btod.o)
    0x08005698   0x08005698   0x0000002a   Code   RO         1143    CL$$btod_ediv       c_w.l(btod.o)
    0x080056c2   0x080056c2   0x0000002a   Code   RO         1145    CL$$btod_edivd      c_w.l(btod.o)
    0x080056ec   0x080056ec   0x0000002a   Code   RO         1142    CL$$btod_emul       c_w.l(btod.o)
    0x08005716   0x08005716   0x0000002a   Code   RO         1144    CL$$btod_emuld      c_w.l(btod.o)
    0x08005740   0x08005740   0x00000244   Code   RO         1148    CL$$btod_mult_common  c_w.l(btod.o)
    0x08005984   0x08005984   0x00000030   Code   RO         1193    i.__ARM_fpclassify  m_wm.l(fpclassify.o)
    0x080059b4   0x080059b4   0x00000004   PAD
    0x080059b8   0x080059b8   0x000000f8   Code   RO         1195    i.__hardfp___mathlib_tofloat  m_wm.l(narrow.o)
    0x08005ab0   0x08005ab0   0x000000d0   Code   RO         1315    i.__hardfp_ldexp    m_wm.l(ldexp.o)
    0x08005b80   0x08005b80   0x00000020   Code   RO         1345    i.__mathlib_dbl_overflow  m_wm.l(dunder.o)
    0x08005ba0   0x08005ba0   0x00000020   Code   RO         1347    i.__mathlib_dbl_underflow  m_wm.l(dunder.o)
    0x08005bc0   0x08005bc0   0x00000012   Code   RO         1196    i.__mathlib_narrow  m_wm.l(narrow.o)
    0x08005bd2   0x08005bd2   0x00000014   Code   RO         1317    i.__support_ldexp   m_wm.l(ldexp.o)
    0x08005be6   0x08005be6   0x0000000e   Code   RO         1003    i._is_digit         c_w.l(__printf_wp.o)
    0x08005bf4   0x08005bf4   0x00000004   PAD
    0x08005bf8   0x08005bf8   0x0000008c   Code   RO         1282    i.frexp             m_wm.l(frexp.o)
    0x08005c84   0x08005c84   0x0000002c   Code   RO         1167    locale$$code        c_w.l(lc_numeric_c.o)
    0x08005cb0   0x08005cb0   0x0000002c   Code   RO         1219    locale$$code        c_w.l(lc_ctype_c.o)
    0x08005cdc   0x08005cdc   0x00000062   Code   RO         1274    x$fpl$d2f           fz_wm.l(d2f.o)
    0x08005d3e   0x08005d3e   0x00000002   PAD
    0x08005d40   0x08005d40   0x00000010   Code   RO         1403    x$fpl$dcheck1       fz_wm.l(dcheck1.o)
    0x08005d50   0x08005d50   0x00000018   Code   RO         1305    x$fpl$dcmpinf       fz_wm.l(dcmpi.o)
    0x08005d68   0x08005d68   0x000002b4   Code   RO          931    x$fpl$ddiv          fz_wm.l(ddiv.o)
    0x0800601c   0x0800601c   0x00000078   Code   RO         1276    x$fpl$deqf          fz_wm.l(deqf.o)
    0x08006094   0x08006094   0x0000002e   Code   RO          935    x$fpl$dflt          fz_wm.l(dflt_clz.o)
    0x080060c2   0x080060c2   0x00000002   PAD
    0x080060c4   0x080060c4   0x00000078   Code   RO         1307    x$fpl$dleqf         fz_wm.l(dleqf.o)
    0x0800613c   0x0800613c   0x00000154   Code   RO         1309    x$fpl$dmul          fz_wm.l(dmul.o)
    0x08006290   0x08006290   0x0000009c   Code   RO         1052    x$fpl$dnaninf       fz_wm.l(dnaninf.o)
    0x0800632c   0x0800632c   0x0000000c   Code   RO         1054    x$fpl$dretinf       fz_wm.l(dretinf.o)
    0x08006338   0x08006338   0x0000006c   Code   RO         1278    x$fpl$drleqf        fz_wm.l(drleqf.o)
    0x080063a4   0x080063a4   0x0000001a   Code   RO         1311    x$fpl$fpinit        fz_wm.l(fpinit.o)
    0x080063be   0x080063be   0x0000000a   Code   RO         1313    x$fpl$fretinf       fz_wm.l(fretinf.o)
    0x080063c8   0x080063c8   0x00000006   Code   RO         1185    x$fpl$ieeestatus    fz_wm.l(istatus.o)
    0x080063ce   0x080063ce   0x00000004   Code   RO         1056    x$fpl$printf1       fz_wm.l(printf1.o)
    0x080063d2   0x080063d2   0x00000004   Code   RO         1058    x$fpl$printf2       fz_wm.l(printf2.o)
    0x080063d6   0x080063d6   0x00000064   Code   RO         1405    x$fpl$retnan        fz_wm.l(retnan.o)
    0x0800643a   0x0800643a   0x0000005c   Code   RO         1339    x$fpl$scalbn        fz_wm.l(scalbn.o)
    0x08006496   0x08006496   0x00000004   Code   RO         1064    x$fpl$scanf1        fz_wm.l(scanf1.o)
    0x0800649a   0x0800649a   0x00000008   Code   RO         1187    x$fpl$scanf2        fz_wm.l(scanf2.o)
    0x080064a2   0x080064a2   0x00000030   Code   RO         1407    x$fpl$trapveneer    fz_wm.l(trapv.o)
    0x080064d2   0x080064d2   0x00000000   Code   RO         1066    x$fpl$usenofp       fz_wm.l(usenofp.o)
    0x080064d2   0x080064d2   0x00000002   PAD
    0x080064d4   0x080064d4   0x00000008   Data   RO          962    .constdata          c_w.l(_printf_wctomb.o)
    0x080064dc   0x080064dc   0x00000028   Data   RO          991    .constdata          c_w.l(_printf_hex_int_ll_ptr.o)
    0x08006504   0x08006504   0x00000011   Data   RO         1011    .constdata          c_w.l(__printf_flags_ss_wp.o)
    0x08006515   0x08006515   0x00000026   Data   RO         1095    .constdata          c_w.l(_printf_fp_hex.o)
    0x0800653b   0x0800653b   0x00000001   PAD
    0x0800653c   0x0800653c   0x00000094   Data   RO         1137    .constdata          c_w.l(bigflt0.o)
    0x080065d0   0x080065d0   0x00000200   Data   RO           68    .rodata..L__const.main.werte  main.o
    0x080067d0   0x080067d0   0x00000010   Data   RO          906    .rodata.AHBPrescTable  system_stm32f4xx.o
    0x080067e0   0x080067e0   0x00000008   Data   RO          907    .rodata.APBPrescTable  system_stm32f4xx.o
    0x080067e8   0x080067e8   0x00000007   Data   RO          229    .rodata.OFFSET_TAB_CCMRx  tim3_pwm.o
    0x080067ef   0x080067ef   0x00000007   Data   RO          228    .rodata.SHIFT_TAB_CCxP  tim3_pwm.o
    0x080067f6   0x080067f6   0x00000007   Data   RO          230    .rodata.SHIFT_TAB_OCxx  tim3_pwm.o
    0x080067fd   0x080067fd   0x00000003   PAD
    0x08006800   0x08006800   0x00000020   Data   RO          180    .rodata.cst32       stepper.o
    0x08006820   0x08006820   0x0000002f   Data   RO           67    .rodata.str1.1      main.o
    0x0800684f   0x0800684f   0x0000001e   Data   RO          447    .rodata.str1.1      esp_usart3.o
    0x0800686d   0x0800686d   0x00000003   PAD
    0x08006870   0x08006870   0x00000020   Data   RO         1410    Region$$Table       anon$$obj.o
    0x08006890   0x08006890   0x00000008   Data   RO         1181    c$$dinf             fz_wm.l(fpconst.o)
    0x08006898   0x08006898   0x00000008   Data   RO         1184    c$$dmax             fz_wm.l(fpconst.o)
    0x080068a0   0x080068a0   0x0000001c   Data   RO         1166    locale$$data        c_w.l(lc_numeric_c.o)
    0x080068bc   0x080068bc   0x00000110   Data   RO         1218    locale$$data        c_w.l(lc_ctype_c.o)


    Execution Region ER_RW (Exec base: 0x20000000, Load base: 0x080069cc, Size: 0x00000008, Max: 0xffffffff, ABSOLUTE)

    Exec Addr    Load Addr    Size         Type   Attr      Idx    E Section Name        Object

    0x20000000   0x080069cc   0x00000004   Data   RW          905    .data.SystemCoreClock  system_stm32f4xx.o
    0x20000004   0x080069d0   0x00000004   Data   RW           65    .data.a             main.o


    Execution Region ER_ZI (Exec base: 0x20000008, Load base: 0x080069d4, Size: 0x00000730, Max: 0xffffffff, ABSOLUTE)

    Exec Addr    Load Addr    Size         Type   Attr      Idx    E Section Name        Object

    0x20000008        -       0x00000060   Zero   RW         1204    .bss                c_w.l(libspace.o)
    0x20000068        -       0x00000004   Zero   RW          175    .bss.AktPos         stepper.o
    0x2000006c        -       0x00000004   Zero   RW          444    .bss.BufferPosESP   esp_usart3.o
    0x20000070        -       0x00000004   Zero   RW          443    .bss.CmdFlagESP     esp_usart3.o
    0x20000074        -       0x00000004   Zero   RW          445    .bss.ESPFertig      esp_usart3.o
    0x20000078        -       0x00000064   Zero   RW          446    .bss.InputBufferESP  esp_usart3.o
    0x200000dc        -       0x00000004   Zero   RW          174    .bss.StepDir        stepper.o
    0x200000e0        -       0x00000004   Zero   RW          178    .bss.Ticks          stepper.o
    0x200000e4        -       0x00000004   Zero   RW          179    .bss.TicksGlobal    stepper.o
    0x200000e8        -       0x00000004   Zero   RW          145    .bss.USART2CmdFlag  usart2.o
    0x200000ec        -       0x00000040   Zero   RW          146    .bss.USART2InputBuffer  usart2.o
    0x2000012c        -       0x00000004   Zero   RW          176    .bss.ZielPos        stepper.o
    0x20000130        -       0x00000004   Zero   RW           66    .bss.d              main.o
    0x20000134   0x080069d4   0x00000004   PAD
    0x20000138        -       0x00000200   Zero   RW          894    HEAP                startup_stm32f446xx.o
    0x20000338        -       0x00000400   Zero   RW          893    STACK               startup_stm32f446xx.o


==============================================================================

Image component sizes


      Code (inc. data)   RO Data    RW Data    ZI Data      Debug   Object Name

         0          0          0          0          0         32   LCDInit.o
        94          0          0          0          0       2642   dac.o
      1536          0         30          0        112       8691   esp_usart3.o
      2282          0          0          0          0       7345   i2c.o
       188          0          0          0          0       1237   lcd.o
       832         26        559          4          4       4108   main.o
        64         26        452          0       1536        884   startup_stm32f446xx.o
       880          0         32          0         20       4191   stepper.o
       600         14          0          0          0      11306   stm32f4xx_ll_rcc.o
       526          0          0          0          0       5233   stm32f4xx_ll_usart.o
        18          0         24          4          0       2762   system_stm32f4xx.o
       142          0          0          0          0        904   temperatur.o
      1692          0         21          0          0       6231   tim3_pwm.o
       984          0          0          0         68       7581   usart2.o

    ----------------------------------------------------------------------
      9966         66       1156          8       1744      63147   Object Totals
         0          0         32          0          0          0   (incl. Generated)
       128          0          6          0          4          0   (incl. Padding)

    ----------------------------------------------------------------------

      Code (inc. data)   RO Data    RW Data    ZI Data      Debug   Library Member Name

         8          0          0          0          0         68   __main.o
       392          4         17          0          0         92   __printf_flags_ss_wp.o
        14          0          0          0          0         68   __printf_wp.o
         0          0          0          0          0          0   __rtentry.o
        12          0          0          0          0          0   __rtentry2.o
         6          0          0          0          0          0   __rtentry4.o
        52          8          0          0          0          0   __scatter.o
        26          0          0          0          0          0   __scatter_copy.o
        28          0          0          0          0          0   __scatter_zi.o
        72          0          0          0          0         96   _c16rtomb.o
        28          0          0          0          0         68   _chval.o
        64          0          0          0          0         84   _mbrtoc16.o
         6          0          0          0          0          0   _printf_a.o
         6          0          0          0          0          0   _printf_c.o
        44          0          0          0          0        108   _printf_char.o
        48          6          0          0          0         96   _printf_char_common.o
        40          0          0          0          0         68   _printf_charcount.o
         6          0          0          0          0          0   _printf_d.o
       120         16          0          0          0         92   _printf_dec.o
         6          0          0          0          0          0   _printf_e.o
         6          0          0          0          0          0   _printf_f.o
      1052          0          0          0          0        148   _printf_fp_dec.o
       764          8         38          0          0        100   _printf_fp_hex.o
       128         16          0          0          0         84   _printf_fp_infnan.o
         6          0          0          0          0          0   _printf_g.o
       148          4         40          0          0        160   _printf_hex_int_ll_ptr.o
         6          0          0          0          0          0   _printf_i.o
       178          0          0          0          0         88   _printf_intcommon.o
        10          0          0          0          0          0   _printf_l.o
         6          0          0          0          0          0   _printf_lc.o
        10          0          0          0          0          0   _printf_ll.o
         6          0          0          0          0          0   _printf_lld.o
         6          0          0          0          0          0   _printf_lli.o
         6          0          0          0          0          0   _printf_llo.o
         6          0          0          0          0          0   _printf_llu.o
         6          0          0          0          0          0   _printf_llx.o
       124         16          0          0          0         92   _printf_longlong_dec.o
         6          0          0          0          0          0   _printf_ls.o
         6          0          0          0          0          0   _printf_n.o
         6          0          0          0          0          0   _printf_o.o
       112          8          0          0          0        124   _printf_oct_int_ll.o
         6          0          0          0          0          0   _printf_p.o
        78          0          0          0          0        108   _printf_pad.o
         0          0          0          0          0          0   _printf_percent.o
         4          0          0          0          0          0   _printf_percent_end.o
         6          0          0          0          0          0   _printf_s.o
        82          0          0          0          0         80   _printf_str.o
        36          0          0          0          0         84   _printf_truncate.o
         6          0          0          0          0          0   _printf_u.o
        44          0          0          0          0        108   _printf_wchar.o
       188          6          8          0          0         92   _printf_wctomb.o
         6          0          0          0          0          0   _printf_x.o
        22          0          0          0          0        100   _rserrno.o
       884          6          0          0          0        100   _scanf.o
       332          0          0          0          0         96   _scanf_int.o
       342          0          0          0          0        100   _scanf_longlong.o
       276          0          0          0          0        100   _scanf_mbtowc.o
       224          0          0          0          0         96   _scanf_str.o
        30          0          0          0          0         76   _scanf_wcharmap.o
       232          0          0          0          0        100   _scanf_wctomb.o
       208          0          0          0          0         96   _scanf_wstr.o
        64          0          0          0          0         84   _sgetc.o
        10          0          0          0          0         68   _sputc.o
       228          4        148          0          0         96   bigflt0.o
      2152        136          0          0          0        956   btod.o
        18          0          0          0          0         80   exit.o
         6          0          0          0          0        152   heapauxi.o
         0          0          0          0          0          0   indicate_semi.o
        18          0          0          0          0         76   isspace.o
        44         10        272          0          0         76   lc_ctype_c.o
        44         10         28          0          0         76   lc_numeric_c.o
         2          0          0          0          0          0   libinit.o
        34          0          0          0          0          0   libinit2.o
         2          0          0          0          0          0   libshutdown.o
         2          0          0          0          0          0   libshutdown2.o
         8          4          0          0         96         68   libspace.o
        38          0          0          0          0         68   llshl.o
       138          0          0          0          0         80   lludiv10.o
       240          0          0          0          0        100   lludivv7m.o
        16          4          0          0          0         76   rt_ctype_table.o
         8          4          0          0          0         68   rt_errno_addr_intlibspace.o
         8          4          0          0          0         68   rt_locale_intlibspace.o
       100          0          0          0          0         80   rt_memcpy_w.o
         2          0          0          0          0          0   rtexit.o
        10          0          0          0          0          0   rtexit2.o
        44          8          0          0          0         84   scanf_char.o
      1272         16          0          0          0        168   scanf_fp.o
       800         14          0          0          0        100   scanf_hexfp.o
       308         16          0          0          0        100   scanf_infnan.o
        44          6          0          0          0         84   sprintf.o
        60          8          0          0          0         84   sscanf.o
       124          0          0          0          0         88   strcmpv7em.o
        62          0          0          0          0         76   strlen.o
        12          4          0          0          0         68   sys_exit.o
        74          0          0          0          0         80   sys_stackheap_outer.o
         2          0          0          0          0         68   use_no_semi.o
        98          4          0          0          0        140   d2f.o
        16          4          0          0          0        116   dcheck1.o
        24          0          0          0          0        116   dcmpi.o
       692        140          0          0          0        264   ddiv.o
       120          4          0          0          0        140   deqf.o
        46          0          0          0          0        116   dflt_clz.o
       120          4          0          0          0        140   dleqf.o
       340         12          0          0          0        152   dmul.o
       156          4          0          0          0        140   dnaninf.o
        12          0          0          0          0        116   dretinf.o
       108          0          0          0          0        128   drleqf.o
         0          0         16          0          0          0   fpconst.o
        26          0          0          0          0        116   fpinit.o
        10          0          0          0          0        116   fretinf.o
         6          0          0          0          0        116   istatus.o
         4          0          0          0          0        116   printf1.o
         4          0          0          0          0        116   printf2.o
       100          0          0          0          0        116   retnan.o
        92          0          0          0          0        116   scalbn.o
         4          0          0          0          0        116   scanf1.o
         8          0          0          0          0        132   scanf2.o
        48          0          0          0          0        116   trapv.o
         0          0          0          0          0          0   usenofp.o
        64         16          0          0          0        248   dunder.o
        48          0          0          0          0        124   fpclassify.o
       140         22          0          0          0        132   frexp.o
       228          8          0          0          0        308   ldexp.o
       266         16          0          0          0        308   narrow.o

    ----------------------------------------------------------------------
     15394        584        568          0         96      10108   Library Totals
        38          4          1          0          0          0   (incl. Padding)

    ----------------------------------------------------------------------

      Code (inc. data)   RO Data    RW Data    ZI Data      Debug   Library Name

     12576        346        551          0         96       6244   c_w.l
      2034        172         16          0          0       2744   fz_wm.l
       746         62          0          0          0       1120   m_wm.l

    ----------------------------------------------------------------------
     15394        584        568          0         96      10108   Library Totals

    ----------------------------------------------------------------------

==============================================================================


      Code (inc. data)   RO Data    RW Data    ZI Data      Debug   

     25360        650       1724          8       1840      66955   Grand Totals
     25360        650       1724          8       1840      66955   ELF Image Totals
     25360        650       1724          8          0          0   ROM Totals

==============================================================================

    Total RO  Size (Code + RO Data)                27084 (  26.45kB)
    Total RW  Size (RW Data + ZI Data)              1848 (   1.80kB)
    Total ROM Size (Code + RO Data + RW Data)      27092 (  26.46kB)

==============================================================================

